###############################################################################
#
# IAR ELF Linker V9.32.1.338/W64 for ARM                  17/Mar/2023  11:19:43
# Copyright 2007-2022 IAR Systems AB.
#
#    Output file  =
#        C:\Users\obed.oyandut\OneDrive - D.Med Consulting
#        GmbH\Documents\Azure_RTOS_threadx_demo\GUIX_EVENTS_CREATE_modification_2\sdram_debug\guix_washing_machine.out
#    Map file     =
#        C:\Users\obed.oyandut\OneDrive - D.Med Consulting
#        GmbH\Documents\Azure_RTOS_threadx_demo\GUIX_EVENTS_CREATE_modification_2\sdram_debug\list\guix_washing_machine.map
#    Command line =
#        -f "C:\Users\obed.oyandut\OneDrive - D.Med Consulting
#        GmbH\Documents\Azure_RTOS_threadx_demo\GUIX_EVENTS_CREATE_modification_2\sdram_debug\guix_washing_machine.out.rsp"
#        ("C:\Users\obed.oyandut\OneDrive - D.Med Consulting
#        GmbH\Documents\Azure_RTOS_threadx_demo\GUIX_EVENTS_CREATE_modification_2\sdram_debug\obj\board\board.o"
#        "C:\Users\obed.oyandut\OneDrive - D.Med Consulting
#        GmbH\Documents\Azure_RTOS_threadx_demo\GUIX_EVENTS_CREATE_modification_2\sdram_debug\obj\board\clock_config.o"
#        "C:\Users\obed.oyandut\OneDrive - D.Med Consulting
#        GmbH\Documents\Azure_RTOS_threadx_demo\GUIX_EVENTS_CREATE_modification_2\sdram_debug\obj\board\dcd.o"
#        "C:\Users\obed.oyandut\OneDrive - D.Med Consulting
#        GmbH\Documents\Azure_RTOS_threadx_demo\GUIX_EVENTS_CREATE_modification_2\sdram_debug\obj\xip\evkbimxrt1050_flexspi_nor_config.o"
#        "C:\Users\obed.oyandut\OneDrive - D.Med Consulting
#        GmbH\Documents\Azure_RTOS_threadx_demo\GUIX_EVENTS_CREATE_modification_2\sdram_debug\obj\component\uart\fsl_adapter_lpuart.o"
#        "C:\Users\obed.oyandut\OneDrive - D.Med Consulting
#        GmbH\Documents\Azure_RTOS_threadx_demo\GUIX_EVENTS_CREATE_modification_2\sdram_debug\obj\utilities\fsl_assert.o"
#        "C:\Users\obed.oyandut\OneDrive - D.Med Consulting
#        GmbH\Documents\Azure_RTOS_threadx_demo\GUIX_EVENTS_CREATE_modification_2\sdram_debug\obj\drivers\fsl_clock.o"
#        "C:\Users\obed.oyandut\OneDrive - D.Med Consulting
#        GmbH\Documents\Azure_RTOS_threadx_demo\GUIX_EVENTS_CREATE_modification_2\sdram_debug\obj\drivers\fsl_common.o"
#        "C:\Users\obed.oyandut\OneDrive - D.Med Consulting
#        GmbH\Documents\Azure_RTOS_threadx_demo\GUIX_EVENTS_CREATE_modification_2\sdram_debug\obj\drivers\fsl_common_arm.o"
#        "C:\Users\obed.oyandut\OneDrive - D.Med Consulting
#        GmbH\Documents\Azure_RTOS_threadx_demo\GUIX_EVENTS_CREATE_modification_2\sdram_debug\obj\component\lists\fsl_component_generic_list.o"
#        "C:\Users\obed.oyandut\OneDrive - D.Med Consulting
#        GmbH\Documents\Azure_RTOS_threadx_demo\GUIX_EVENTS_CREATE_modification_2\sdram_debug\obj\component\serial_manager\fsl_component_serial_manager.o"
#        "C:\Users\obed.oyandut\OneDrive - D.Med Consulting
#        GmbH\Documents\Azure_RTOS_threadx_demo\GUIX_EVENTS_CREATE_modification_2\sdram_debug\obj\component\serial_manager\fsl_component_serial_port_uart.o"
#        "C:\Users\obed.oyandut\OneDrive - D.Med Consulting
#        GmbH\Documents\Azure_RTOS_threadx_demo\GUIX_EVENTS_CREATE_modification_2\sdram_debug\obj\video\fsl_dc_fb_elcdif.o"
#        "C:\Users\obed.oyandut\OneDrive - D.Med Consulting
#        GmbH\Documents\Azure_RTOS_threadx_demo\GUIX_EVENTS_CREATE_modification_2\sdram_debug\obj\utilities\fsl_debug_console.o"
#        "C:\Users\obed.oyandut\OneDrive - D.Med Consulting
#        GmbH\Documents\Azure_RTOS_threadx_demo\GUIX_EVENTS_CREATE_modification_2\sdram_debug\obj\drivers\fsl_elcdif.o"
#        "C:\Users\obed.oyandut\OneDrive - D.Med Consulting
#        GmbH\Documents\Azure_RTOS_threadx_demo\GUIX_EVENTS_CREATE_modification_2\sdram_debug\obj\xip\fsl_flexspi_nor_boot.o"
#        "C:\Users\obed.oyandut\OneDrive - D.Med Consulting
#        GmbH\Documents\Azure_RTOS_threadx_demo\GUIX_EVENTS_CREATE_modification_2\sdram_debug\obj\touchpanel\fsl_ft5406_rt.o"
#        "C:\Users\obed.oyandut\OneDrive - D.Med Consulting
#        GmbH\Documents\Azure_RTOS_threadx_demo\GUIX_EVENTS_CREATE_modification_2\sdram_debug\obj\drivers\fsl_gpio.o"
#        "C:\Users\obed.oyandut\OneDrive - D.Med Consulting
#        GmbH\Documents\Azure_RTOS_threadx_demo\GUIX_EVENTS_CREATE_modification_2\sdram_debug\obj\touchpanel\fsl_gt911.o"
#        "C:\Users\obed.oyandut\OneDrive - D.Med Consulting
#        GmbH\Documents\Azure_RTOS_threadx_demo\GUIX_EVENTS_CREATE_modification_2\sdram_debug\obj\drivers\fsl_lpi2c.o"
#        "C:\Users\obed.oyandut\OneDrive - D.Med Consulting
#        GmbH\Documents\Azure_RTOS_threadx_demo\GUIX_EVENTS_CREATE_modification_2\sdram_debug\obj\drivers\fsl_lpuart.o"
#        "C:\Users\obed.oyandut\OneDrive - D.Med Consulting
#        GmbH\Documents\Azure_RTOS_threadx_demo\GUIX_EVENTS_CREATE_modification_2\sdram_debug\obj\drivers\fsl_pxp.o"
#        "C:\Users\obed.oyandut\OneDrive - D.Med Consulting
#        GmbH\Documents\Azure_RTOS_threadx_demo\GUIX_EVENTS_CREATE_modification_2\sdram_debug\obj\utilities\fsl_str.o"
#        "C:\Users\obed.oyandut\OneDrive - D.Med Consulting
#        GmbH\Documents\Azure_RTOS_threadx_demo\GUIX_EVENTS_CREATE_modification_2\sdram_debug\obj\video\fsl_video_common.o"
#        "C:\Users\obed.oyandut\OneDrive - D.Med Consulting
#        GmbH\Documents\Azure_RTOS_threadx_demo\GUIX_EVENTS_CREATE_modification_2\sdram_debug\obj\source\garments.o"
#        "C:\Users\obed.oyandut\OneDrive - D.Med Consulting
#        GmbH\Documents\Azure_RTOS_threadx_demo\GUIX_EVENTS_CREATE_modification_2\sdram_debug\obj\source\guix_washing_machine.o"
#        "C:\Users\obed.oyandut\OneDrive - D.Med Consulting
#        GmbH\Documents\Azure_RTOS_threadx_demo\GUIX_EVENTS_CREATE_modification_2\sdram_debug\obj\source\gx_display_driver_imxrt10xx_565rgb.o"
#        "C:\Users\obed.oyandut\OneDrive - D.Med Consulting
#        GmbH\Documents\Azure_RTOS_threadx_demo\GUIX_EVENTS_CREATE_modification_2\sdram_debug\obj\source\gx_driver_imxrt10xx_irq.o"
#        "C:\Users\obed.oyandut\OneDrive - D.Med Consulting
#        GmbH\Documents\Azure_RTOS_threadx_demo\GUIX_EVENTS_CREATE_modification_2\sdram_debug\obj\source\gx_touch_driver_imxrt10xx_capacitive.o"
#        "C:\Users\obed.oyandut\OneDrive - D.Med Consulting
#        GmbH\Documents\Azure_RTOS_threadx_demo\GUIX_EVENTS_CREATE_modification_2\azure-rtos\binary\guix\cortex_m7\iar\libguix.a"
#        "C:\Users\obed.oyandut\OneDrive - D.Med Consulting
#        GmbH\Documents\Azure_RTOS_threadx_demo\GUIX_EVENTS_CREATE_modification_2\azure-rtos\binary\threadx\cortex_m7\iar\libthreadx.a"
#        "C:\Users\obed.oyandut\OneDrive - D.Med Consulting
#        GmbH\Documents\Azure_RTOS_threadx_demo\GUIX_EVENTS_CREATE_modification_2\sdram_debug\obj\board\pin_mux.o"
#        "C:\Users\obed.oyandut\OneDrive - D.Med Consulting
#        GmbH\Documents\Azure_RTOS_threadx_demo\GUIX_EVENTS_CREATE_modification_2\sdram_debug\obj\source\sample_guix_washing_machine_resources.o"
#        "C:\Users\obed.oyandut\OneDrive - D.Med Consulting
#        GmbH\Documents\Azure_RTOS_threadx_demo\GUIX_EVENTS_CREATE_modification_2\sdram_debug\obj\source\sample_guix_washing_machine_specifications.o"
#        "C:\Users\obed.oyandut\OneDrive - D.Med Consulting
#        GmbH\Documents\Azure_RTOS_threadx_demo\GUIX_EVENTS_CREATE_modification_2\sdram_debug\obj\startup\startup_MIMXRT1052.o"
#        "C:\Users\obed.oyandut\OneDrive - D.Med Consulting
#        GmbH\Documents\Azure_RTOS_threadx_demo\GUIX_EVENTS_CREATE_modification_2\sdram_debug\obj\device\system_MIMXRT1052.o"
#        "C:\Users\obed.oyandut\OneDrive - D.Med Consulting
#        GmbH\Documents\Azure_RTOS_threadx_demo\GUIX_EVENTS_CREATE_modification_2\sdram_debug\obj\source\temperature.o"
#        "C:\Users\obed.oyandut\OneDrive - D.Med Consulting
#        GmbH\Documents\Azure_RTOS_threadx_demo\GUIX_EVENTS_CREATE_modification_2\sdram_debug\obj\azure-rtos\threadx\ports\common\tx_initialize_low_level.o"
#        "C:\Users\obed.oyandut\OneDrive - D.Med Consulting
#        GmbH\Documents\Azure_RTOS_threadx_demo\GUIX_EVENTS_CREATE_modification_2\sdram_debug\obj\azure-rtos\threadx\ports\cortex_m7\iar\src\tx_thread_context_restore.o"
#        "C:\Users\obed.oyandut\OneDrive - D.Med Consulting
#        GmbH\Documents\Azure_RTOS_threadx_demo\GUIX_EVENTS_CREATE_modification_2\sdram_debug\obj\azure-rtos\threadx\ports\cortex_m7\iar\src\tx_thread_context_save.o"
#        "C:\Users\obed.oyandut\OneDrive - D.Med Consulting
#        GmbH\Documents\Azure_RTOS_threadx_demo\GUIX_EVENTS_CREATE_modification_2\sdram_debug\obj\azure-rtos\threadx\ports\cortex_m7\iar\src\tx_thread_interrupt_control.o"
#        "C:\Users\obed.oyandut\OneDrive - D.Med Consulting
#        GmbH\Documents\Azure_RTOS_threadx_demo\GUIX_EVENTS_CREATE_modification_2\sdram_debug\obj\azure-rtos\threadx\ports\cortex_m7\iar\src\tx_thread_interrupt_disable.o"
#        "C:\Users\obed.oyandut\OneDrive - D.Med Consulting
#        GmbH\Documents\Azure_RTOS_threadx_demo\GUIX_EVENTS_CREATE_modification_2\sdram_debug\obj\azure-rtos\threadx\ports\cortex_m7\iar\src\tx_thread_interrupt_restore.o"
#        "C:\Users\obed.oyandut\OneDrive - D.Med Consulting
#        GmbH\Documents\Azure_RTOS_threadx_demo\GUIX_EVENTS_CREATE_modification_2\sdram_debug\obj\azure-rtos\threadx\ports\cortex_m7\iar\src\tx_thread_schedule.o"
#        "C:\Users\obed.oyandut\OneDrive - D.Med Consulting
#        GmbH\Documents\Azure_RTOS_threadx_demo\GUIX_EVENTS_CREATE_modification_2\sdram_debug\obj\azure-rtos\threadx\ports\cortex_m7\iar\src\tx_thread_stack_build.o"
#        "C:\Users\obed.oyandut\OneDrive - D.Med Consulting
#        GmbH\Documents\Azure_RTOS_threadx_demo\GUIX_EVENTS_CREATE_modification_2\sdram_debug\obj\azure-rtos\threadx\ports\cortex_m7\iar\src\tx_thread_system_return.o"
#        "C:\Users\obed.oyandut\OneDrive - D.Med Consulting
#        GmbH\Documents\Azure_RTOS_threadx_demo\GUIX_EVENTS_CREATE_modification_2\sdram_debug\obj\azure-rtos\threadx\ports\cortex_m7\iar\src\tx_timer_interrupt.o"
#        "C:\Users\obed.oyandut\OneDrive - D.Med Consulting
#        GmbH\Documents\Azure_RTOS_threadx_demo\GUIX_EVENTS_CREATE_modification_2\sdram_debug\obj\source\washer_on.o"
#        "C:\Users\obed.oyandut\OneDrive - D.Med Consulting
#        GmbH\Documents\Azure_RTOS_threadx_demo\GUIX_EVENTS_CREATE_modification_2\sdram_debug\obj\source\water_level.o"
#        --redirect _Printf=_PrintfSmallNoMb --redirect _Scanf=_ScanfSmallNoMb
#        --no_out_extension -o "C:\Users\obed.oyandut\OneDrive - D.Med
#        Consulting
#        GmbH\Documents\Azure_RTOS_threadx_demo\GUIX_EVENTS_CREATE_modification_2\sdram_debug\guix_washing_machine.out"
#        --map "C:\Users\obed.oyandut\OneDrive - D.Med Consulting
#        GmbH\Documents\Azure_RTOS_threadx_demo\GUIX_EVENTS_CREATE_modification_2\sdram_debug\list\guix_washing_machine.map"
#        --config "C:\Users\obed.oyandut\OneDrive - D.Med Consulting
#        GmbH\Documents\Azure_RTOS_threadx_demo\GUIX_EVENTS_CREATE_modification_2/MIMXRT1052/iar/MIMXRT1052xxxxx_sdram.icf"
#        --semihosting --entry Reset_Handler --vfe --text_out locale
#        --cpu=Cortex-M7 --fpu=VFPv5_d16)
#
###############################################################################

*******************************************************************************
*** RUNTIME MODEL ATTRIBUTES
***

CppFlavor       = *
__CPP_Runtime   = 1
__Heap_Handler  = DLMalloc
__SystemLibrary = DLib
__dlib_version  = 6


*******************************************************************************
*** HEAP SELECTION
***

The advanced heap was selected because the application calls
memory allocation functions outside of system library functions,
there are calls to deallocation functions in the application, and
the application appears to be primarily optimized for speed.


*******************************************************************************
*** PLACEMENT SUMMARY
***

"A0":  place at address 0x0 { ro section .intvec };
"P1":  place in [from 0x0 to 0x3ff] |
                [from 0x8000'0400 to 0x801f'ffff] { ro };
define block RW { first rw, section m_usb_dma_init_data };
"P2":  place in [from 0x8020'0000 to 0x81df'fbff] { block RW };
define block ZI
   with alignment = 32 { first zi, section m_usb_dma_noninit_data };
"P3":  place in [from 0x8020'0000 to 0x81df'fbff] { block ZI };
define block HEAP with size = 1K, alignment = 8 { };
"P4":  place in [from 0x8020'0000 to 0x81df'fbff] { block HEAP };
define block CSTACK with size = 1K, alignment = 8 { };
"P6":  place in [from 0x81df'fc00 to 0x81df'ffff] { block CSTACK };
define block NCACHE_VAR { section NonCacheable, section NonCacheable.init };
"P7":  place in [from 0x81e0'0000 to 0x81ff'ffff] { block NCACHE_VAR };
initialize by copy { rw, section .textrw };

No sections matched the following patterns:

  section FREE_MEM                in "P5"
  section NonCacheable.init       in block NCACHE_VAR
  section m_usb_dma_init_data     in block RW
  section m_usb_dma_noninit_data  in block ZI


  Section            Kind         Address      Size  Object
  -------            ----         -------      ----  ------
"A0":                                         0x400
  .intvec            ro code          0x0     0x400  startup_MIMXRT1052.o [10]
                                  - 0x400     0x400

"P1":                                      0x4'f6c8
  .text              ro code  0x8000'0400  0x1'4830  gx_source.o [16]
  .text              ro code  0x8001'4c30       0x6  ABImemclr4.o [19]
  .text              ro code  0x8001'4c36      0x46  gx_display_driver_16bpp_horizontal_pattern_line_draw.o [16]
  .text              ro code  0x8001'4c7c      0xa8  tx_timer_deactivate.o [17]
  .text              ro code  0x8001'4d24      0xa6  ABImemcpy.o [19]
  .text              ro code  0x8001'4dca      0x16  gx_display_driver_565rgb_native_color_get.o [16]
  .text              ro code  0x8001'4de0       0x6  ABImemclr.o [19]
  .text              ro code  0x8001'4de6      0x2a  strncmp.o [15]
  .text              ro code  0x8001'4e10      0x3a  ABImemset48.o [19]
  .text              ro code  0x8001'4e4a       0x6  gx_display_driver_16bpp_row_pitch_get.o [16]
  .text              ro code  0x8001'4e50      0x96  ABImemmove.o [19]
  .rodata            const    0x8001'4ee6       0x2  clock_config.o [3]
  .text              ro code  0x8001'4ee8     0x154  tx_queue_send.o [17]
  .text              ro code  0x8001'503c      0x14  tx_thread_identify.o [17]
  .text              ro code  0x8001'5050     0x110  tx_mutex_get.o [17]
  .text              ro code  0x8001'5160      0x14  tx_time_get.o [17]
  .text              ro code  0x8001'5174      0x68  tx_thread_resume.o [17]
  .text              ro code  0x8001'51dc     0x1c8  tx_queue_receive.o [17]
  .text              ro code  0x8001'53a4      0xac  tx_timer_info_get.o [17]
  .text              ro code  0x8001'5450      0x22  tx_timer_activate.o [17]
  .rodata            const    0x8001'5472       0x2  fsl_elcdif.o [8]
  .text              ro code  0x8001'5474     0x1d6  tx_mutex_put.o [17]
  .rodata            const    0x8001'564a       0x2  fsl_elcdif.o [8]
  .text              ro code  0x8001'564c     0x934  gx_utility_32argb_pixelmap_rotate.o [16]
  .text              ro code  0x8001'5f80     0xc28  gx_utility_565rgb_pixelmap_rotate.o [16]
  .text              ro code  0x8001'6ba8     0x962  gx_utility_1555xrgb_pixelmap_rotate.o [16]
  .rodata            const    0x8001'750a       0x2  fsl_pxp.o [8]
  .text              ro code  0x8001'750c     0x5f8  gx_utility_4444argb_pixelmap_rotate.o [16]
  .text              ro code  0x8001'7b04     0xbcc  gx_utility_332rgb_pixelmap_rotate.o [16]
  .text              ro code  0x8001'86d0     0x608  gx_utility_8bpp_pixelmap_rotate.o [16]
  .text              ro code  0x8001'8cd8     0x8e8  gx_utility_4bpp_pixelmap_rotate.o [16]
  .text              ro code  0x8001'95c0     0x794  gx_utility_1bpp_pixelmap_rotate.o [16]
  .text              ro code  0x8001'9d54     0x2c4  gx_system_initialize.o [16]
  .text              ro code  0x8001'a018      0x66  ABImemset.o [19]
  .rodata            const    0x8001'a07e       0x2  sample_guix_washing_machine_resources.o [9]
  .text              ro code  0x8001'a080     0x120  tx_thread_system_resume.o [17]
  .text              ro code  0x8001'a1a0     0x19c  tx_thread_system_suspend.o [17]
  .text              ro code  0x8001'a33c      0xcc  tx_mutex_priority_change.o [17]
  .text              ro code  0x8001'a408      0x60  tx_timer_system_activate.o [17]
  .text              ro code  0x8001'a468      0x9c  tx_mutex_prioritize.o [17]
  .text              ro code  0x8001'a504      0x40  tx_thread_system_preempt_check.o [17]
  .text              ro code  0x8001'a544      0x78  tx_timer_create.o [17]
  .text              ro code  0x8001'a5bc      0x74  tx_queue_create.o [17]
  .text              ro code  0x8001'a630      0x60  tx_mutex_create.o [17]
  .text              ro code  0x8001'a690     0x124  tx_thread_create.o [17]
  .text              ro code  0x8001'a7b4      0x2c  tx_timer_system_deactivate.o [17]
  .text              ro code  0x8001'a7e0      0x44  tx_thread_stack_build.o [2]
  .rodata            const    0x8001'a824    0x645c  sample_guix_washing_machine_resources.o [9]
  .rodata            const    0x8002'0c80    0x4be8  sample_guix_washing_machine_resources.o [9]
  .rodata            const    0x8002'5868    0x3ef0  sample_guix_washing_machine_resources.o [9]
  .rodata            const    0x8002'9758    0x1a18  sample_guix_washing_machine_resources.o [9]
  .rodata            const    0x8002'b170    0x12a8  sample_guix_washing_machine_resources.o [9]
  .rodata            const    0x8002'c418    0x1108  sample_guix_washing_machine_resources.o [9]
  .rodata            const    0x8002'd520     0xfcc  sample_guix_washing_machine_resources.o [9]
  .rodata            const    0x8002'e4ec     0xd0c  sample_guix_washing_machine_resources.o [9]
  .text              ro code  0x8002'f1f8     0xcda  gx_display_driver_16bpp_pixelmap_rotate.o [16]
  .rodata            const    0x8002'fed2       0x2  sample_guix_washing_machine_resources.o [9]
  .text              ro code  0x8002'fed4     0xc7e  gx_display_driver_16bpp_pixelmap_draw.o [16]
  .text              ro code  0x8003'0b52      0x70  gx_display_driver_565rgb_pixel_blend.o [16]
  .text              ro code  0x8003'0bc2      0x14  gx_display_driver_16bpp_pixel_write.o [16]
  .rodata            const    0x8003'0bd6       0x2  sample_guix_washing_machine_resources.o [9]
  .text              ro code  0x8003'0bd8     0x448  gx_display_driver_16bpp_pixelmap_blend.o [16]
  .text              ro code  0x8003'1020     0x8f4  fsl_str.o [12]
  .text              ro code  0x8003'1914     0x274  I64DivMod.o [19]
  .text              ro code  0x8003'1b88      0x9e  modf.o [18]
  .rodata            const    0x8003'1c26       0x2  sample_guix_washing_machine_resources.o [9]
  .text              ro code  0x8003'1c28     0x514  pow64.o [18]
  .text              ro code  0x8003'213c      0x66  DblToS64.o [18]
  .rodata            const    0x8003'21a2       0x2  sample_guix_washing_machine_resources.o [9]
  .text              ro code  0x8003'21a4      0x54  S64ToDbl.o [18]
  .text              ro code  0x8003'21f8      0x36  strlen.o [19]
  .text              ro code  0x8003'222e       0x2  startup_MIMXRT1052.o [10]
  .text              ro code  0x8003'2230       0x2  I64DivZer.o [19]
  .text              ro code  0x8003'2232       0x2  startup_MIMXRT1052.o [10]
  .text              ro code  0x8003'2234      0x24  errno.o [15]
  .text              ro code  0x8003'2258      0x7c  frexp.o [18]
  .text              ro code  0x8003'22d4     0x2c0  iar_Exp64.o [18]
  .text              ro code  0x8003'2594       0x4  tp_nothreads.o [15]
  .text              ro code  0x8003'2598      0xf0  ldexp.o [18]
  .text              ro code  0x8003'2688     0x85c  clock_config.o [3]
  .text              ro code  0x8003'2ee4      0x18  fsl_assert.o [12]
  .text              ro code  0x8003'2efc     0x4f4  fsl_clock.o [8]
  .text              ro code  0x8003'33f0     0x16c  fsl_debug_console.o [12]
  .text              ro code  0x8003'355c      0xe6  fsl_component_serial_manager.o [5]
  .text              ro code  0x8003'3642      0x26  fsl_component_serial_port_uart.o [5]
  .text              ro code  0x8003'3668     0x19c  fsl_adapter_lpuart.o [6]
  .text              ro code  0x8003'3804     0x460  fsl_lpuart.o [8]
  .text              ro code  0x8003'3c64     0x6f4  gx_display_driver_565rgb_horizontal_pixelmap_line_draw.o [16]
  .text              ro code  0x8003'4358     0x694  gx_display_driver_imxrt10xx_565rgb.o [9]
  .text              ro code  0x8003'49ec     0x1ae  fsl_elcdif.o [8]
  .text              ro code  0x8003'4b9a       0x2  startup_MIMXRT1052.o [10]
  .text              ro code  0x8003'4b9c     0x1b8  fsl_gpio.o [8]
  .text              ro code  0x8003'4d54     0x36a  fsl_pxp.o [8]
  .text              ro code  0x8003'50be      0x60  gx_display_driver_16bpp_horizontal_line_draw.o [16]
  .text              ro code  0x8003'511e       0x2  startup_MIMXRT1052.o [10]
  .text              ro code  0x8003'5120     0x188  gx_display_driver_565rgb_setup.o [16]
  .text              ro code  0x8003'52a8     0x690  pin_mux.o [3]
  .rodata            const    0x8003'5938     0x5a0  sample_guix_washing_machine_resources.o [9]
  .text              ro code  0x8003'5ed8     0x4d2  gx_display_driver_16bpp_simple_line_draw.o [16]
  .text              ro code  0x8003'63aa       0x2  startup_MIMXRT1052.o [10]
  .rodata            const    0x8003'63ac     0x498  sample_guix_washing_machine_resources.o [9]
  .text              ro code  0x8003'6844     0x48c  sample_guix_washing_machine_specifications.o [9]
  .text              ro code  0x8003'6cd0      0x12  strcmp.o [19]
  .text              ro code  0x8003'6ce2       0x2  startup_MIMXRT1052.o [10]
  .rodata            const    0x8003'6ce4     0x474  sample_guix_washing_machine_resources.o [9]
  .rodata            const    0x8003'7158     0x474  sample_guix_washing_machine_resources.o [9]
  .rodata            const    0x8003'75cc     0x474  sample_guix_washing_machine_resources.o [9]
  .rodata            const    0x8003'7a40     0x474  sample_guix_washing_machine_resources.o [9]
  .rodata            const    0x8003'7eb4     0x474  sample_guix_washing_machine_resources.o [9]
  .rodata            const    0x8003'8328     0x474  gx_system_font_8bpp.o [16]
  .rodata            const    0x8003'879c     0x470  sample_guix_washing_machine_resources.o [9]
  .rodata            const    0x8003'8c0c      0x7c  sample_guix_washing_machine_resources.o [9]
  .rodata            const    0x8003'8c88     0x420  pow64.o [18]
  .text              ro code  0x8003'90a8     0x406  guix_washing_machine.o [9]
  .text              ro code  0x8003'94ae       0x2  startup_MIMXRT1052.o [10]
  .text              ro code  0x8003'94b0     0x3a4  board.o [3]
  .text              ro code  0x8003'9854      0x44  tx_initialize_kernel_enter.o [17]
  .text              ro code  0x8003'9898      0x80  txe_byte_allocate.o [17]
  .text              ro code  0x8003'9918      0x4c  txe_byte_release.o [17]
  .text              ro code  0x8003'9964      0xc0  txe_byte_pool_create.o [17]
  .text              ro code  0x8003'9a24      0x60  gx_touch_driver_imxrt10xx_capacitive.o [9]
  .text              ro code  0x8003'9a84     0x2f6  washer_on.o [9]
  .text              ro code  0x8003'9d7c     0x2e0  garments.o [9]
  .text              ro code  0x8003'a05c     0x2dc  water_level.o [9]
  .text              ro code  0x8003'a338     0x294  temperature.o [9]
  .text              ro code  0x8003'a5cc      0xec  tx_initialize_low_level.o [1]
  .text              ro code  0x8003'a6b8      0x2c  tx_initialize_high_level.o [17]
  .text              ro code  0x8003'a6e4      0xc0  tx_thread_schedule.o [2]
  .text              ro code  0x8003'a7a4      0xc4  tx_byte_allocate.o [17]
  .text              ro code  0x8003'a868     0x104  tx_byte_release.o [17]
  .text              ro code  0x8003'a96c      0x80  tx_byte_pool_create.o [17]
  .text              ro code  0x8003'a9ec      0xd8  txe_timer_create.o [17]
  .text              ro code  0x8003'aac4      0xb8  tx_timer_interrupt.o [2]
  .text              ro code  0x8003'ab7c      0x40  tx_thread_initialize.o [17]
  .text              ro code  0x8003'abbc      0xa0  tx_timer_initialize.o [17]
  .text              ro code  0x8003'ac5c      0xf8  tx_byte_pool_search.o [17]
  .text              ro code  0x8003'ad54      0x20  tx_timer_expiration_process.o [17]
  .text              ro code  0x8003'ad74      0x64  tx_thread_time_slice.o [17]
  .rodata            const    0x8003'add8     0x364  sample_guix_washing_machine_resources.o [9]
  .rodata            const    0x8003'b13c     0x35c  sample_guix_washing_machine_resources.o [9]
  .rodata            const    0x8003'b498     0x34c  sample_guix_washing_machine_resources.o [9]
  .text              ro code  0x8003'b7e4     0x316  gx_display_driver_565rgb_glyph_1bit_draw.o [16]
  .rodata            const    0x8003'bafc     0x2d0  sample_guix_washing_machine_resources.o [9]
  .rodata            const    0x8003'bdcc     0x290  sample_guix_washing_machine_resources.o [9]
  .rodata            const    0x8003'c05c     0x284  sample_guix_washing_machine_resources.o [9]
  .rodata            const    0x8003'c2e0     0x284  sample_guix_washing_machine_resources.o [9]
  .rodata            const    0x8003'c564     0x280  sample_guix_washing_machine_resources.o [9]
  .rodata            const    0x8003'c7e4     0x278  sample_guix_washing_machine_resources.o [9]
  .rodata            const    0x8003'ca5c     0x268  sample_guix_washing_machine_resources.o [9]
  .rodata            const    0x8003'ccc4     0x268  sample_guix_washing_machine_resources.o [9]
  .rodata            const    0x8003'cf2c     0x260  sample_guix_washing_machine_resources.o [9]
  .rodata            const    0x8003'd18c     0x238  sample_guix_washing_machine_resources.o [9]
  .rodata            const    0x8003'd3c4     0x210  sample_guix_washing_machine_resources.o [9]
  .text              ro code  0x8003'd5d4     0x1f8  lz77_init.o [19]
  .text              ro code  0x8003'd7cc       0x6  abort.o [15]
  .text              ro code  0x8003'd7d4      0x14  exit.o [20]
  .rodata            const    0x8003'd7e8     0x1f0  gx_source.o [16]
  .rodata            const    0x8003'd9d8     0x1ec  sample_guix_washing_machine_resources.o [9]
  .rodata            const    0x8003'dbc4     0x1e4  sample_guix_washing_machine_resources.o [9]
  .rodata            const    0x8003'dda8     0x1e0  sample_guix_washing_machine_resources.o [9]
  .rodata            const    0x8003'df88     0x1bc  sample_guix_washing_machine_resources.o [9]
  .rodata            const    0x8003'e144     0x1bc  sample_guix_washing_machine_resources.o [9]
  .rodata            const    0x8003'e300     0x1b4  sample_guix_washing_machine_resources.o [9]
  .rodata            const    0x8003'e4b4     0x1a8  sample_guix_washing_machine_resources.o [9]
  .text              ro code  0x8003'e65c     0x18c  gx_display_driver_565rgb_jpeg_draw.o [16]
  .rodata            const    0x8003'e7e8     0x168  sample_guix_washing_machine_resources.o [9]
  .rodata            const    0x8003'e950     0x168  sample_guix_washing_machine_resources.o [9]
  .rodata            const    0x8003'eab8     0x168  gx_source.o [16]
  .rodata            const    0x8003'ec20     0x158  sample_guix_washing_machine_resources.o [9]
  .rodata            const    0x8003'ed78     0x14c  sample_guix_washing_machine_resources.o [9]
  .rodata            const    0x8003'eec4     0x13c  sample_guix_washing_machine_resources.o [9]
  .text              ro code  0x8003'f000     0x128  gx_display_driver_16bpp_block_move.o [16]
  .text              ro code  0x8003'f128     0x122  gx_display_driver_565rgb_canvas_blend.o [16]
  .rodata            const    0x8003'f24c     0x120  sample_guix_washing_machine_resources.o [9]
  .rodata            const    0x8003'f36c     0x110  sample_guix_washing_machine_resources.o [9]
  .rodata            const    0x8003'f47c     0x110  sample_guix_washing_machine_resources.o [9]
  .rodata            const    0x8003'f58c     0x108  sample_guix_washing_machine_resources.o [9]
  .rodata            const    0x8003'f694     0x108  sample_guix_washing_machine_resources.o [9]
  .text              ro code  0x8003'f79c     0x104  tx_timer_thread_entry.o [17]
  .rodata            const    0x8003'f8a0     0x100  gx_source.o [16]
  .rodata            const    0x8003'f9a0     0x100  gx_source.o [16]
  .text              ro code  0x8003'faa0      0xec  system_MIMXRT1052.o [7]
  .text              ro code  0x8003'fb8c       0x2  system_MIMXRT1052.o [7]
  .rodata            const    0x8003'fb90      0xe4  sample_guix_washing_machine_resources.o [9]
  .rodata            const    0x8003'fc74      0xe4  sample_guix_washing_machine_resources.o [9]
  .rodata            const    0x8003'fd58      0xe4  sample_guix_washing_machine_resources.o [9]
  .rodata            const    0x8003'fe3c      0xe4  sample_guix_washing_machine_resources.o [9]
  .rodata            const    0x8003'ff20      0xe4  sample_guix_washing_machine_resources.o [9]
  .rodata            const    0x8004'0004      0xe4  sample_guix_washing_machine_resources.o [9]
  .rodata            const    0x8004'00e8      0xe4  gx_system_font_8bpp.o [16]
  .rodata            const    0x8004'01cc      0xe0  sample_guix_washing_machine_resources.o [9]
  .rodata            const    0x8004'02ac      0xe0  sample_guix_washing_machine_resources.o [9]
  .rodata            const    0x8004'038c      0xdc  sample_guix_washing_machine_resources.o [9]
  .rodata            const    0x8004'0468      0xd4  sample_guix_washing_machine_resources.o [9]
  .rodata            const    0x8004'053c      0xd4  sample_guix_washing_machine_resources.o [9]
  .rodata            const    0x8004'0610      0xd4  sample_guix_washing_machine_resources.o [9]
  .rodata            const    0x8004'06e4      0xd4  sample_guix_washing_machine_resources.o [9]
  .rodata            const    0x8004'07b8      0xd4  sample_guix_washing_machine_resources.o [9]
  .rodata            const    0x8004'088c      0xd4  sample_guix_washing_machine_resources.o [9]
  .rodata            const    0x8004'0960      0xc8  sample_guix_washing_machine_resources.o [9]
  .rodata            const    0x8004'0a28      0xc4  sample_guix_washing_machine_resources.o [9]
  .rodata            const    0x8004'0aec      0xc4  sample_guix_washing_machine_resources.o [9]
  .rodata            const    0x8004'0bb0      0xc4  sample_guix_washing_machine_resources.o [9]
  .rodata            const    0x8004'0c74      0xc4  sample_guix_washing_machine_resources.o [9]
  .rodata            const    0x8004'0d38      0xc4  sample_guix_washing_machine_resources.o [9]
  .rodata            const    0x8004'0dfc      0xc4  sample_guix_washing_machine_resources.o [9]
  .rodata            const    0x8004'0ec0      0xc4  sample_guix_washing_machine_resources.o [9]
  .rodata            const    0x8004'0f84      0xc0  sample_guix_washing_machine_resources.o [9]
  .rodata            const    0x8004'1044      0xc0  sample_guix_washing_machine_resources.o [9]
  .rodata            const    0x8004'1104      0xbc  sample_guix_washing_machine_resources.o [9]
  .text              ro code  0x8004'11c0      0xbc  tx_mutex_cleanup.o [17]
  .rodata            const    0x8004'127c      0xb4  sample_guix_washing_machine_resources.o [9]
  .rodata            const    0x8004'1330      0xb4  sample_guix_washing_machine_resources.o [9]
  .rodata            const    0x8004'13e4      0xb4  sample_guix_washing_machine_resources.o [9]
  .rodata            const    0x8004'1498      0xb4  sample_guix_washing_machine_resources.o [9]
  .rodata            const    0x8004'154c      0xb4  sample_guix_washing_machine_resources.o [9]
  .rodata            const    0x8004'1600      0xb4  sample_guix_washing_machine_resources.o [9]
  .rodata            const    0x8004'16b4      0xb4  sample_guix_washing_machine_resources.o [9]
  .rodata            const    0x8004'1768      0xb4  sample_guix_washing_machine_resources.o [9]
  .rodata            const    0x8004'181c      0xb4  sample_guix_washing_machine_resources.o [9]
  .rodata            const    0x8004'18d0      0xb4  sample_guix_washing_machine_resources.o [9]
  .rodata            const    0x8004'1984      0xb4  sample_guix_washing_machine_resources.o [9]
  .rodata            const    0x8004'1a38      0xb4  sample_guix_washing_machine_resources.o [9]
  .rodata            const    0x8004'1aec      0xb4  sample_guix_washing_machine_resources.o [9]
  .rodata            const    0x8004'1ba0      0xb4  sample_guix_washing_machine_resources.o [9]
  .rodata            const    0x8004'1c54      0xb4  sample_guix_washing_machine_resources.o [9]
  .rodata            const    0x8004'1d08      0xb4  sample_guix_washing_machine_resources.o [9]
  .rodata            const    0x8004'1dbc      0xb4  sample_guix_washing_machine_resources.o [9]
  .rodata            const    0x8004'1e70      0xb4  gx_system_font_8bpp.o [16]
  .rodata            const    0x8004'1f24      0xb0  sample_guix_washing_machine_resources.o [9]
  .rodata            const    0x8004'1fd4      0xb0  sample_guix_washing_machine_resources.o [9]
  .rodata            const    0x8004'2084      0xac  sample_guix_washing_machine_resources.o [9]
  .rodata            const    0x8004'2130      0xac  sample_guix_washing_machine_resources.o [9]
  .text              ro code  0x8004'21dc      0xaa  gx_display_driver_16bpp_canvas_copy.o [16]
  .rodata            const    0x8004'2288      0xa8  sample_guix_washing_machine_resources.o [9]
  .rodata            const    0x8004'2330      0xa8  sample_guix_washing_machine_resources.o [9]
  .rodata            const    0x8004'23d8      0xa8  sample_guix_washing_machine_resources.o [9]
  .rodata            const    0x8004'2480      0xa8  sample_guix_washing_machine_resources.o [9]
  .rodata            const    0x8004'2528      0xa8  sample_guix_washing_machine_resources.o [9]
  .rodata            const    0x8004'25d0      0xa8  sample_guix_washing_machine_resources.o [9]
  .rodata            const    0x8004'2678      0xa8  sample_guix_washing_machine_resources.o [9]
  .rodata            const    0x8004'2720      0xa8  sample_guix_washing_machine_resources.o [9]
  .rodata            const    0x8004'27c8      0xa8  sample_guix_washing_machine_resources.o [9]
  .rodata            const    0x8004'2870      0xa8  sample_guix_washing_machine_resources.o [9]
  .rodata            const    0x8004'2918      0xa8  sample_guix_washing_machine_resources.o [9]
  .rodata            const    0x8004'29c0      0xa8  sample_guix_washing_machine_resources.o [9]
  .rodata            const    0x8004'2a68      0xa8  sample_guix_washing_machine_resources.o [9]
  .rodata            const    0x8004'2b10      0xa8  sample_guix_washing_machine_resources.o [9]
  .rodata            const    0x8004'2bb8      0xa8  gx_system_font_8bpp.o [16]
  .rodata            const    0x8004'2c60      0xa8  gx_system_font_8bpp.o [16]
  .rodata            const    0x8004'2d08      0xa0  fsl_adapter_lpuart.o [6]
  .rodata            const    0x8004'2da8      0x9c  sample_guix_washing_machine_resources.o [9]
  .rodata            const    0x8004'2e44      0x9c  sample_guix_washing_machine_resources.o [9]
  .rodata            const    0x8004'2ee0      0x98  sample_guix_washing_machine_resources.o [9]
  .rodata            const    0x8004'2f78      0x98  sample_guix_washing_machine_resources.o [9]
  .rodata            const    0x8004'3010      0x98  sample_guix_washing_machine_resources.o [9]
  .rodata            const    0x8004'30a8      0x98  sample_guix_washing_machine_resources.o [9]
  .rodata            const    0x8004'3140      0x98  sample_guix_washing_machine_resources.o [9]
  .rodata            const    0x8004'31d8      0x98  sample_guix_washing_machine_resources.o [9]
  .rodata            const    0x8004'3270      0x90  clock_config.o [3]
  .rodata            const    0x8004'3300      0x90  fsl_clock.o [8]
  .rodata            const    0x8004'3390      0x90  fsl_elcdif.o [8]
  .rodata            const    0x8004'3420      0x90  fsl_elcdif.o [8]
  .rodata            const    0x8004'34b0      0x90  fsl_gpio.o [8]
  .rodata            const    0x8004'3540      0x90  fsl_gpio.o [8]
  .rodata            const    0x8004'35d0      0x90  fsl_lpuart.o [8]
  .rodata            const    0x8004'3660      0x90  fsl_lpuart.o [8]
  .rodata            const    0x8004'36f0      0x90  fsl_pxp.o [8]
  .rodata            const    0x8004'3780      0x90  fsl_pxp.o [8]
  .rodata            const    0x8004'3810      0x90  gx_display_driver_imxrt10xx_565rgb.o [9]
  .rodata            const    0x8004'38a0      0x90  pin_mux.o [3]
  .rodata            const    0x8004'3930      0x90  sample_guix_washing_machine_resources.o [9]
  .rodata            const    0x8004'39c0      0x90  sample_guix_washing_machine_resources.o [9]
  .rodata            const    0x8004'3a50      0x90  gx_system_font_8bpp.o [16]
  .rodata            const    0x8004'3ae0      0x8c  board.o [3]
  .rodata            const    0x8004'3b6c      0x8c  sample_guix_washing_machine_resources.o [9]
  .rodata            const    0x8004'3bf8      0x8c  sample_guix_washing_machine_resources.o [9]
  .rodata            const    0x8004'3c84      0x88  sample_guix_washing_machine_resources.o [9]
  .rodata            const    0x8004'3d0c      0x88  sample_guix_washing_machine_resources.o [9]
  .rodata            const    0x8004'3d94      0x88  sample_guix_washing_machine_resources.o [9]
  .rodata            const    0x8004'3e1c      0x88  sample_guix_washing_machine_resources.o [9]
  .rodata            const    0x8004'3ea4      0x88  sample_guix_washing_machine_resources.o [9]
  .rodata            const    0x8004'3f2c      0x84  sample_guix_washing_machine_resources.o [9]
  .rodata            const    0x8004'3fb0      0x84  sample_guix_washing_machine_resources.o [9]
  .rodata            const    0x8004'4034      0x84  sample_guix_washing_machine_resources.o [9]
  .rodata            const    0x8004'40b8      0x84  sample_guix_washing_machine_resources.o [9]
  .rodata            const    0x8004'413c      0x84  sample_guix_washing_machine_resources.o [9]
  .rodata            const    0x8004'41c0      0x84  sample_guix_washing_machine_resources.o [9]
  .rodata            const    0x8004'4244      0x84  gx_system_font_8bpp.o [16]
  .rodata            const    0x8004'42c8      0x84  gx_system_font_8bpp.o [16]
  .text              ro code  0x8004'434c      0x84  tx_queue_cleanup.o [17]
  .rodata            const    0x8004'43d0      0x80  sample_guix_washing_machine_resources.o [9]
  .rodata            const    0x8004'4450      0x7c  sample_guix_washing_machine_resources.o [9]
  .rodata            const    0x8004'44cc      0x7c  sample_guix_washing_machine_resources.o [9]
  .rodata            const    0x8004'4548      0x7c  sample_guix_washing_machine_resources.o [9]
  .rodata            const    0x8004'45c4      0x7c  sample_guix_washing_machine_resources.o [9]
  .text              ro code  0x8004'4640      0x7c  fsl_lpi2c.o [8]
  .text              ro code  0x8004'46bc      0x7c  tx_byte_pool_cleanup.o [17]
  .text              ro code  0x8004'4738      0x7c  tx_thread_shell_entry.o [17]
  .rodata            const    0x8004'47b4      0x78  sample_guix_washing_machine_resources.o [9]
  .rodata            const    0x8004'482c      0x78  sample_guix_washing_machine_resources.o [9]
  .rodata            const    0x8004'48a4      0x78  sample_guix_washing_machine_resources.o [9]
  .rodata            const    0x8004'491c      0x78  sample_guix_washing_machine_resources.o [9]
  .rodata            const    0x8004'4994      0x78  sample_guix_washing_machine_resources.o [9]
  .rodata            const    0x8004'4a0c      0x78  sample_guix_washing_machine_resources.o [9]
  .rodata            const    0x8004'4a84      0x78  gx_system_font_8bpp.o [16]
  .rodata            const    0x8004'4afc      0x78  gx_system_font_8bpp.o [16]
  .rodata            const    0x8004'4b74      0x78  gx_system_font_8bpp.o [16]
  .rodata            const    0x8004'4bec      0x78  gx_system_font_8bpp.o [16]
  .rodata            const    0x8004'4c64      0x78  gx_system_font_8bpp.o [16]
  .rodata            const    0x8004'4cdc      0x78  gx_system_font_8bpp.o [16]
  .rodata            const    0x8004'4d54      0x78  gx_system_font_8bpp.o [16]
  .rodata            const    0x8004'4dcc      0x78  gx_system_font_8bpp.o [16]
  .rodata            const    0x8004'4e44      0x78  gx_system_font_8bpp.o [16]
  .rodata            const    0x8004'4ebc      0x78  gx_system_font_8bpp.o [16]
  .rodata            const    0x8004'4f34      0x78  gx_system_font_8bpp.o [16]
  .rodata            const    0x8004'4fac      0x78  gx_system_font_8bpp.o [16]
  .rodata            const    0x8004'5024      0x78  gx_system_font_8bpp.o [16]
  .rodata            const    0x8004'509c      0x78  gx_system_font_8bpp.o [16]
  .rodata            const    0x8004'5114      0x78  gx_system_font_8bpp.o [16]
  .rodata            const    0x8004'518c      0x78  gx_system_font_8bpp.o [16]
  .rodata            const    0x8004'5204      0x78  gx_system_font_8bpp.o [16]
  .rodata            const    0x8004'527c      0x78  gx_system_font_8bpp.o [16]
  .rodata            const    0x8004'52f4      0x78  gx_system_font_8bpp.o [16]
  .rodata            const    0x8004'536c      0x78  gx_system_font_8bpp.o [16]
  .rodata            const    0x8004'53e4      0x74  sample_guix_washing_machine_resources.o [9]
  .rodata            const    0x8004'5458      0x74  sample_guix_washing_machine_resources.o [9]
  .rodata            const    0x8004'54cc      0x74  sample_guix_washing_machine_resources.o [9]
  .rodata            const    0x8004'5540      0x70  sample_guix_washing_machine_resources.o [9]
  .rodata            const    0x8004'55b0      0x70  sample_guix_washing_machine_resources.o [9]
  .rodata            const    0x8004'5620      0x70  sample_guix_washing_machine_resources.o [9]
  .rodata            const    0x8004'5690      0x70  sample_guix_washing_machine_resources.o [9]
  .rodata            const    0x8004'5700      0x70  sample_guix_washing_machine_resources.o [9]
  .rodata            const    0x8004'5770      0x70  sample_guix_washing_machine_resources.o [9]
  .rodata            const    0x8004'57e0      0x70  sample_guix_washing_machine_resources.o [9]
  .rodata            const    0x8004'5850      0x70  sample_guix_washing_machine_resources.o [9]
  .rodata            const    0x8004'58c0      0x70  sample_guix_washing_machine_resources.o [9]
  .rodata            const    0x8004'5930      0x70  sample_guix_washing_machine_resources.o [9]
  .rodata            const    0x8004'59a0      0x70  sample_guix_washing_machine_resources.o [9]
  .rodata            const    0x8004'5a10      0x70  sample_guix_washing_machine_resources.o [9]
  .rodata            const    0x8004'5a80      0x70  sample_guix_washing_machine_resources.o [9]
  .rodata            const    0x8004'5af0      0x70  gx_system_font_8bpp.o [16]
  .rodata            const    0x8004'5b60      0x70  gx_system_font_8bpp.o [16]
  .rodata            const    0x8004'5bd0      0x6c  sample_guix_washing_machine_resources.o [9]
  .rodata            const    0x8004'5c3c      0x6c  gx_system_font_8bpp.o [16]
  .rodata            const    0x8004'5ca8      0x6c  gx_system_font_8bpp.o [16]
  .rodata            const    0x8004'5d14      0x6c  gx_system_font_8bpp.o [16]
  .rodata            const    0x8004'5d80      0x6c  gx_system_font_8bpp.o [16]
  .rodata            const    0x8004'5dec      0x6c  gx_system_font_8bpp.o [16]
  .rodata            const    0x8004'5e58      0x6c  gx_system_font_8bpp.o [16]
  .rodata            const    0x8004'5ec4      0x68  sample_guix_washing_machine_resources.o [9]
  .rodata            const    0x8004'5f2c      0x68  sample_guix_washing_machine_resources.o [9]
  .rodata            const    0x8004'5f94      0x68  sample_guix_washing_machine_resources.o [9]
  .rodata            const    0x8004'5ffc      0x68  sample_guix_washing_machine_resources.o [9]
  .rodata            const    0x8004'6064      0x68  sample_guix_washing_machine_resources.o [9]
  .rodata            const    0x8004'60cc      0x68  gx_system_font_8bpp.o [16]
  .rodata            const    0x8004'6134      0x68  gx_system_font_8bpp.o [16]
  .rodata            const    0x8004'619c      0x64  sample_guix_washing_machine_resources.o [9]
  .rodata            const    0x8004'6200      0x64  sample_guix_washing_machine_resources.o [9]
  .rodata            const    0x8004'6264      0x64  sample_guix_washing_machine_resources.o [9]
  .rodata            const    0x8004'62c8      0x64  sample_guix_washing_machine_resources.o [9]
  .rodata            const    0x8004'632c      0x64  sample_guix_washing_machine_resources.o [9]
  .rodata            const    0x8004'6390      0x64  sample_guix_washing_machine_resources.o [9]
  .rodata            const    0x8004'63f4      0x64  sample_guix_washing_machine_resources.o [9]
  .rodata            const    0x8004'6458      0x64  sample_guix_washing_machine_resources.o [9]
  .rodata            const    0x8004'64bc      0x64  sample_guix_washing_machine_resources.o [9]
  .rodata            const    0x8004'6520      0x64  sample_guix_washing_machine_resources.o [9]
  .rodata            const    0x8004'6584      0x64  sample_guix_washing_machine_resources.o [9]
  .rodata            const    0x8004'65e8      0x64  sample_guix_washing_machine_resources.o [9]
  .rodata            const    0x8004'664c      0x64  sample_guix_washing_machine_resources.o [9]
  .rodata            const    0x8004'66b0      0x64  sample_guix_washing_machine_resources.o [9]
  .rodata            const    0x8004'6714      0x64  sample_guix_washing_machine_resources.o [9]
  .rodata            const    0x8004'6778      0x64  sample_guix_washing_machine_resources.o [9]
  .rodata            const    0x8004'67dc      0x64  sample_guix_washing_machine_resources.o [9]
  .rodata            const    0x8004'6840      0x64  sample_guix_washing_machine_resources.o [9]
  .rodata            const    0x8004'68a4      0x64  sample_guix_washing_machine_resources.o [9]
  .rodata            const    0x8004'6908      0x64  sample_guix_washing_machine_resources.o [9]
  .rodata            const    0x8004'696c      0x64  sample_guix_washing_machine_resources.o [9]
  .rodata            const    0x8004'69d0      0x64  sample_guix_washing_machine_resources.o [9]
  .rodata            const    0x8004'6a34      0x64  sample_guix_washing_machine_resources.o [9]
  .rodata            const    0x8004'6a98      0x64  sample_guix_washing_machine_resources.o [9]
  .rodata            const    0x8004'6afc      0x64  sample_guix_washing_machine_resources.o [9]
  .rodata            const    0x8004'6b60      0x64  sample_guix_washing_machine_resources.o [9]
  .rodata            const    0x8004'6bc4      0x64  sample_guix_washing_machine_resources.o [9]
  .rodata            const    0x8004'6c28      0x64  sample_guix_washing_machine_resources.o [9]
  .rodata            const    0x8004'6c8c      0x64  sample_guix_washing_machine_resources.o [9]
  .rodata            const    0x8004'6cf0      0x64  gx_system_font_8bpp.o [16]
  .rodata            const    0x8004'6d54      0x64  gx_system_font_8bpp.o [16]
  .rodata            const    0x8004'6db8      0x64  gx_system_font_8bpp.o [16]
  .rodata            const    0x8004'6e1c      0x64  gx_system_font_8bpp.o [16]
  .rodata            const    0x8004'6e80      0x64  gx_system_font_8bpp.o [16]
  .rodata            const    0x8004'6ee4      0x64  gx_system_font_8bpp.o [16]
  .rodata            const    0x8004'6f48      0x64  gx_system_font_8bpp.o [16]
  .rodata            const    0x8004'6fac      0x64  gx_system_font_8bpp.o [16]
  .rodata            const    0x8004'7010      0x64  gx_system_font_8bpp.o [16]
  .rodata            const    0x8004'7074      0x64  gx_system_font_8bpp.o [16]
  .rodata            const    0x8004'70d8      0x60  sample_guix_washing_machine_resources.o [9]
  .rodata            const    0x8004'7138      0x60  sample_guix_washing_machine_resources.o [9]
  .rodata            const    0x8004'7198      0x60  gx_system_font_8bpp.o [16]
  .rodata            const    0x8004'71f8      0x60  gx_system_font_8bpp.o [16]
  .rodata            const    0x8004'7258      0x60  gx_system_font_8bpp.o [16]
  .rodata            const    0x8004'72b8      0x60  gx_system_font_8bpp.o [16]
  .text              ro code  0x8004'7318      0x60  gx_display_driver_16bpp_vertical_line_draw.o [16]
  .rodata            const    0x8004'7378      0x5c  fsl_elcdif.o [8]
  .rodata            const    0x8004'73d4      0x5c  sample_guix_washing_machine_resources.o [9]
  .rodata            const    0x8004'7430      0x5c  sample_guix_washing_machine_resources.o [9]
  .rodata            const    0x8004'748c      0x5c  sample_guix_washing_machine_resources.o [9]
  .rodata            const    0x8004'74e8      0x5c  sample_guix_washing_machine_resources.o [9]
  .rodata            const    0x8004'7544      0x5c  sample_guix_washing_machine_resources.o [9]
  .rodata            const    0x8004'75a0      0x5c  sample_guix_washing_machine_resources.o [9]
  .rodata            const    0x8004'75fc      0x5c  sample_guix_washing_machine_resources.o [9]
  .rodata            const    0x8004'7658      0x5c  sample_guix_washing_machine_resources.o [9]
  .rodata            const    0x8004'76b4      0x5c  sample_guix_washing_machine_resources.o [9]
  .rodata            const    0x8004'7710      0x5c  sample_guix_washing_machine_resources.o [9]
  .rodata            const    0x8004'776c      0x5c  sample_guix_washing_machine_resources.o [9]
  .rodata            const    0x8004'77c8      0x5c  sample_guix_washing_machine_resources.o [9]
  .rodata            const    0x8004'7824      0x5c  sample_guix_washing_machine_resources.o [9]
  .rodata            const    0x8004'7880      0x5c  sample_guix_washing_machine_resources.o [9]
  .rodata            const    0x8004'78dc      0x5c  sample_guix_washing_machine_resources.o [9]
  .rodata            const    0x8004'7938      0x5c  sample_guix_washing_machine_resources.o [9]
  .rodata            const    0x8004'7994      0x5c  sample_guix_washing_machine_resources.o [9]
  .rodata            const    0x8004'79f0      0x5c  sample_guix_washing_machine_resources.o [9]
  .rodata            const    0x8004'7a4c      0x5c  sample_guix_washing_machine_resources.o [9]
  .rodata            const    0x8004'7aa8      0x5c  sample_guix_washing_machine_resources.o [9]
  .rodata            const    0x8004'7b04      0x5c  sample_guix_washing_machine_resources.o [9]
  .rodata            const    0x8004'7b60      0x5c  sample_guix_washing_machine_resources.o [9]
  .rodata            const    0x8004'7bbc      0x5c  sample_guix_washing_machine_resources.o [9]
  .rodata            const    0x8004'7c18      0x5c  sample_guix_washing_machine_resources.o [9]
  .rodata            const    0x8004'7c74      0x5c  sample_guix_washing_machine_resources.o [9]
  .rodata            const    0x8004'7cd0      0x5c  sample_guix_washing_machine_resources.o [9]
  .rodata            const    0x8004'7d2c      0x5c  sample_guix_washing_machine_resources.o [9]
  .rodata            const    0x8004'7d88      0x5c  sample_guix_washing_machine_resources.o [9]
  .rodata            const    0x8004'7de4      0x5c  sample_guix_washing_machine_resources.o [9]
  .rodata            const    0x8004'7e40      0x5c  sample_guix_washing_machine_resources.o [9]
  .rodata            const    0x8004'7e9c      0x58  sample_guix_washing_machine_resources.o [9]
  .rodata            const    0x8004'7ef4      0x58  sample_guix_washing_machine_resources.o [9]
  .rodata            const    0x8004'7f4c      0x58  sample_guix_washing_machine_resources.o [9]
  .rodata            const    0x8004'7fa4      0x58  sample_guix_washing_machine_resources.o [9]
  .rodata            const    0x8004'7ffc      0x58  sample_guix_washing_machine_resources.o [9]
  .rodata            const    0x8004'8054      0x58  sample_guix_washing_machine_resources.o [9]
  .rodata            const    0x8004'80ac      0x58  sample_guix_washing_machine_resources.o [9]
  .rodata            const    0x8004'8104      0x58  sample_guix_washing_machine_resources.o [9]
  .rodata            const    0x8004'815c      0x58  sample_guix_washing_machine_resources.o [9]
  .rodata            const    0x8004'81b4      0x58  sample_guix_washing_machine_resources.o [9]
  .rodata            const    0x8004'820c      0x58  sample_guix_washing_machine_resources.o [9]
  .rodata            const    0x8004'8264      0x58  gx_system_font_8bpp.o [16]
  .rodata            const    0x8004'82bc      0x54  sample_guix_washing_machine_resources.o [9]
  .rodata            const    0x8004'8310      0x54  sample_guix_washing_machine_resources.o [9]
  .rodata            const    0x8004'8364      0x54  sample_guix_washing_machine_resources.o [9]
  .rodata            const    0x8004'83b8      0x54  sample_guix_washing_machine_resources.o [9]
  .rodata            const    0x8004'840c      0x54  sample_guix_washing_machine_resources.o [9]
  .rodata            const    0x8004'8460      0x54  sample_guix_washing_machine_resources.o [9]
  .rodata            const    0x8004'84b4      0x54  sample_guix_washing_machine_resources.o [9]
  .rodata            const    0x8004'8508      0x54  sample_guix_washing_machine_resources.o [9]
  .rodata            const    0x8004'855c      0x54  gx_system_font_8bpp.o [16]
  .rodata            const    0x8004'85b0      0x54  gx_system_font_8bpp.o [16]
  .rodata            const    0x8004'8604      0x54  gx_system_font_8bpp.o [16]
  .rodata            const    0x8004'8658      0x54  gx_system_font_8bpp.o [16]
  .rodata            const    0x8004'86ac      0x54  gx_system_font_8bpp.o [16]
  .rodata            const    0x8004'8700      0x50  sample_guix_washing_machine_resources.o [9]
  .rodata            const    0x8004'8750      0x50  sample_guix_washing_machine_resources.o [9]
  .rodata            const    0x8004'87a0      0x50  sample_guix_washing_machine_resources.o [9]
  .rodata            const    0x8004'87f0      0x50  sample_guix_washing_machine_resources.o [9]
  .rodata            const    0x8004'8840      0x50  sample_guix_washing_machine_resources.o [9]
  .rodata            const    0x8004'8890      0x50  sample_guix_washing_machine_resources.o [9]
  .rodata            const    0x8004'88e0      0x50  sample_guix_washing_machine_resources.o [9]
  .rodata            const    0x8004'8930      0x50  sample_guix_washing_machine_resources.o [9]
  .rodata            const    0x8004'8980      0x50  sample_guix_washing_machine_resources.o [9]
  .rodata            const    0x8004'89d0      0x50  sample_guix_washing_machine_resources.o [9]
  .rodata            const    0x8004'8a20      0x50  sample_guix_washing_machine_resources.o [9]
  .rodata            const    0x8004'8a70      0x50  sample_guix_washing_machine_resources.o [9]
  .rodata            const    0x8004'8ac0      0x50  sample_guix_washing_machine_resources.o [9]
  .rodata            const    0x8004'8b10      0x50  sample_guix_washing_machine_resources.o [9]
  .rodata            const    0x8004'8b60      0x50  sample_guix_washing_machine_resources.o [9]
  .rodata            const    0x8004'8bb0      0x50  sample_guix_washing_machine_resources.o [9]
  .rodata            const    0x8004'8c00      0x50  sample_guix_washing_machine_resources.o [9]
  .rodata            const    0x8004'8c50      0x50  sample_guix_washing_machine_resources.o [9]
  .rodata            const    0x8004'8ca0      0x50  sample_guix_washing_machine_resources.o [9]
  .rodata            const    0x8004'8cf0      0x50  sample_guix_washing_machine_resources.o [9]
  .rodata            const    0x8004'8d40      0x50  sample_guix_washing_machine_resources.o [9]
  .rodata            const    0x8004'8d90      0x50  sample_guix_washing_machine_resources.o [9]
  .rodata            const    0x8004'8de0      0x50  sample_guix_washing_machine_resources.o [9]
  .rodata            const    0x8004'8e30      0x50  sample_guix_washing_machine_resources.o [9]
  .rodata            const    0x8004'8e80      0x50  sample_guix_washing_machine_resources.o [9]
  .rodata            const    0x8004'8ed0      0x50  sample_guix_washing_machine_resources.o [9]
  .rodata            const    0x8004'8f20      0x50  sample_guix_washing_machine_resources.o [9]
  .rodata            const    0x8004'8f70      0x50  sample_guix_washing_machine_resources.o [9]
  .rodata            const    0x8004'8fc0      0x50  sample_guix_washing_machine_resources.o [9]
  .rodata            const    0x8004'9010      0x50  sample_guix_washing_machine_resources.o [9]
  .rodata            const    0x8004'9060      0x50  gx_system_font_8bpp.o [16]
  .rodata            const    0x8004'90b0      0x50  gx_system_font_8bpp.o [16]
  .rodata            const    0x8004'9100      0x50  gx_system_font_8bpp.o [16]
  .rodata            const    0x8004'9150      0x50  gx_system_font_8bpp.o [16]
  .rodata            const    0x8004'91a0      0x4c  fsl_adapter_lpuart.o [6]
  .rodata            const    0x8004'91ec      0x4c  gx_source.o [16]
  .text              ro code  0x8004'9238      0x4c  gx_display_driver_16bpp_vertical_pattern_line_draw.o [16]
  .text              ro code  0x8004'9284      0x4c  gx_display_driver_565rgb_png_draw.o [16]
  .rodata            const    0x8004'92d0      0x48  sample_guix_washing_machine_resources.o [9]
  .rodata            const    0x8004'9318      0x48  sample_guix_washing_machine_resources.o [9]
  .rodata            const    0x8004'9360      0x48  sample_guix_washing_machine_resources.o [9]
  .rodata            const    0x8004'93a8      0x48  sample_guix_washing_machine_resources.o [9]
  .rodata            const    0x8004'93f0      0x48  sample_guix_washing_machine_resources.o [9]
  .rodata            const    0x8004'9438      0x48  sample_guix_washing_machine_resources.o [9]
  .rodata            const    0x8004'9480      0x48  sample_guix_washing_machine_resources.o [9]
  .rodata            const    0x8004'94c8      0x48  sample_guix_washing_machine_resources.o [9]
  .rodata            const    0x8004'9510      0x48  sample_guix_washing_machine_resources.o [9]
  .rodata            const    0x8004'9558      0x48  sample_guix_washing_machine_resources.o [9]
  .rodata            const    0x8004'95a0      0x48  sample_guix_washing_machine_resources.o [9]
  .rodata            const    0x8004'95e8      0x48  sample_guix_washing_machine_resources.o [9]
  .rodata            const    0x8004'9630      0x48  sample_guix_washing_machine_resources.o [9]
  .rodata            const    0x8004'9678      0x48  sample_guix_washing_machine_resources.o [9]
  .rodata            const    0x8004'96c0      0x48  sample_guix_washing_machine_resources.o [9]
  .rodata            const    0x8004'9708      0x48  sample_guix_washing_machine_resources.o [9]
  .rodata            const    0x8004'9750      0x48  sample_guix_washing_machine_resources.o [9]
  .rodata            const    0x8004'9798      0x48  sample_guix_washing_machine_resources.o [9]
  .rodata            const    0x8004'97e0      0x48  sample_guix_washing_machine_resources.o [9]
  .rodata            const    0x8004'9828      0x48  sample_guix_washing_machine_resources.o [9]
  .rodata            const    0x8004'9870      0x48  sample_guix_washing_machine_resources.o [9]
  .rodata            const    0x8004'98b8      0x48  sample_guix_washing_machine_resources.o [9]
  .rodata            const    0x8004'9900      0x48  sample_guix_washing_machine_resources.o [9]
  .rodata            const    0x8004'9948      0x48  sample_guix_washing_machine_resources.o [9]
  .rodata            const    0x8004'9990      0x48  sample_guix_washing_machine_resources.o [9]
  .rodata            const    0x8004'99d8      0x48  sample_guix_washing_machine_resources.o [9]
  .rodata            const    0x8004'9a20      0x48  sample_guix_washing_machine_resources.o [9]
  .rodata            const    0x8004'9a68      0x48  sample_guix_washing_machine_resources.o [9]
  .rodata            const    0x8004'9ab0      0x48  sample_guix_washing_machine_resources.o [9]
  .rodata            const    0x8004'9af8      0x48  sample_guix_washing_machine_resources.o [9]
  .rodata            const    0x8004'9b40      0x48  sample_guix_washing_machine_resources.o [9]
  .rodata            const    0x8004'9b88      0x48  sample_guix_washing_machine_resources.o [9]
  .rodata            const    0x8004'9bd0      0x48  sample_guix_washing_machine_resources.o [9]
  .rodata            const    0x8004'9c18      0x48  sample_guix_washing_machine_resources.o [9]
  .rodata            const    0x8004'9c60      0x48  sample_guix_washing_machine_resources.o [9]
  .rodata            const    0x8004'9ca8      0x48  sample_guix_washing_machine_resources.o [9]
  .rodata            const    0x8004'9cf0      0x48  sample_guix_washing_machine_resources.o [9]
  .rodata            const    0x8004'9d38      0x48  sample_guix_washing_machine_resources.o [9]
  .rodata            const    0x8004'9d80      0x48  gx_system_font_8bpp.o [16]
  .rodata            const    0x8004'9dc8      0x48  gx_system_font_8bpp.o [16]
  .rodata            const    0x8004'9e10      0x48  gx_system_font_8bpp.o [16]
  .rodata            const    0x8004'9e58      0x48  gx_system_font_8bpp.o [16]
  .rodata            const    0x8004'9ea0      0x48  gx_system_font_8bpp.o [16]
  .rodata            const    0x8004'9ee8      0x48  gx_system_font_8bpp.o [16]
  .rodata            const    0x8004'9f30      0x44  sample_guix_washing_machine_resources.o [9]
  .rodata            const    0x8004'9f74      0x44  sample_guix_washing_machine_resources.o [9]
  .rodata            const    0x8004'9fb8      0x44  sample_guix_washing_machine_resources.o [9]
  .rodata            const    0x8004'9ffc      0x44  sample_guix_washing_machine_specifications.o [9]
  .rodata            const    0x8004'a040      0x44  sample_guix_washing_machine_specifications.o [9]
  .rodata            const    0x8004'a084      0x44  sample_guix_washing_machine_specifications.o [9]
  .rodata            const    0x8004'a0c8      0x44  sample_guix_washing_machine_specifications.o [9]
  .rodata            const    0x8004'a10c      0x44  sample_guix_washing_machine_specifications.o [9]
  .rodata            const    0x8004'a150      0x44  sample_guix_washing_machine_specifications.o [9]
  .rodata            const    0x8004'a194      0x44  sample_guix_washing_machine_specifications.o [9]
  .rodata            const    0x8004'a1d8      0x44  sample_guix_washing_machine_specifications.o [9]
  .rodata            const    0x8004'a21c      0x44  sample_guix_washing_machine_specifications.o [9]
  .rodata            const    0x8004'a260      0x44  sample_guix_washing_machine_specifications.o [9]
  .rodata            const    0x8004'a2a4      0x44  sample_guix_washing_machine_specifications.o [9]
  .rodata            const    0x8004'a2e8      0x44  sample_guix_washing_machine_specifications.o [9]
  .rodata            const    0x8004'a32c      0x44  sample_guix_washing_machine_specifications.o [9]
  .rodata            const    0x8004'a370      0x44  sample_guix_washing_machine_specifications.o [9]
  .rodata            const    0x8004'a3b4      0x44  sample_guix_washing_machine_specifications.o [9]
  .rodata            const    0x8004'a3f8      0x44  sample_guix_washing_machine_specifications.o [9]
  .rodata            const    0x8004'a43c      0x44  sample_guix_washing_machine_specifications.o [9]
  .rodata            const    0x8004'a480      0x44  sample_guix_washing_machine_specifications.o [9]
  .rodata            const    0x8004'a4c4      0x44  sample_guix_washing_machine_specifications.o [9]
  .rodata            const    0x8004'a508      0x44  sample_guix_washing_machine_specifications.o [9]
  .rodata            const    0x8004'a54c      0x44  sample_guix_washing_machine_specifications.o [9]
  .rodata            const    0x8004'a590      0x44  sample_guix_washing_machine_specifications.o [9]
  .rodata            const    0x8004'a5d4      0x44  sample_guix_washing_machine_specifications.o [9]
  .rodata            const    0x8004'a618      0x44  sample_guix_washing_machine_specifications.o [9]
  .rodata            const    0x8004'a65c      0x44  sample_guix_washing_machine_specifications.o [9]
  .rodata            const    0x8004'a6a0      0x44  sample_guix_washing_machine_specifications.o [9]
  .rodata            const    0x8004'a6e4      0x44  sample_guix_washing_machine_specifications.o [9]
  .rodata            const    0x8004'a728      0x44  sample_guix_washing_machine_specifications.o [9]
  .rodata            const    0x8004'a76c      0x44  sample_guix_washing_machine_specifications.o [9]
  .rodata            const    0x8004'a7b0      0x44  sample_guix_washing_machine_specifications.o [9]
  .rodata            const    0x8004'a7f4      0x44  sample_guix_washing_machine_specifications.o [9]
  .rodata            const    0x8004'a838      0x44  sample_guix_washing_machine_specifications.o [9]
  .rodata            const    0x8004'a87c      0x44  sample_guix_washing_machine_specifications.o [9]
  .rodata            const    0x8004'a8c0      0x44  sample_guix_washing_machine_specifications.o [9]
  .rodata            const    0x8004'a904      0x44  sample_guix_washing_machine_specifications.o [9]
  .rodata            const    0x8004'a948      0x44  sample_guix_washing_machine_specifications.o [9]
  .rodata            const    0x8004'a98c      0x44  sample_guix_washing_machine_specifications.o [9]
  .rodata            const    0x8004'a9d0      0x44  sample_guix_washing_machine_specifications.o [9]
  .rodata            const    0x8004'aa14      0x44  sample_guix_washing_machine_specifications.o [9]
  .rodata            const    0x8004'aa58      0x44  sample_guix_washing_machine_specifications.o [9]
  .rodata            const    0x8004'aa9c      0x44  sample_guix_washing_machine_specifications.o [9]
  .rodata            const    0x8004'aae0      0x44  sample_guix_washing_machine_specifications.o [9]
  .rodata            const    0x8004'ab24      0x44  sample_guix_washing_machine_specifications.o [9]
  .rodata            const    0x8004'ab68      0x44  sample_guix_washing_machine_specifications.o [9]
  .rodata            const    0x8004'abac      0x44  sample_guix_washing_machine_specifications.o [9]
  .rodata            const    0x8004'abf0      0x44  sample_guix_washing_machine_specifications.o [9]
  .rodata            const    0x8004'ac34      0x44  sample_guix_washing_machine_specifications.o [9]
  .rodata            const    0x8004'ac78      0x44  sample_guix_washing_machine_specifications.o [9]
  .rodata            const    0x8004'acbc      0x44  sample_guix_washing_machine_specifications.o [9]
  .rodata            const    0x8004'ad00      0x44  sample_guix_washing_machine_specifications.o [9]
  .rodata            const    0x8004'ad44      0x44  sample_guix_washing_machine_specifications.o [9]
  .rodata            const    0x8004'ad88      0x44  sample_guix_washing_machine_specifications.o [9]
  .rodata            const    0x8004'adcc      0x44  sample_guix_washing_machine_specifications.o [9]
  .rodata            const    0x8004'ae10      0x44  sample_guix_washing_machine_specifications.o [9]
  .rodata            const    0x8004'ae54      0x44  sample_guix_washing_machine_specifications.o [9]
  .rodata            const    0x8004'ae98      0x44  sample_guix_washing_machine_specifications.o [9]
  .rodata            const    0x8004'aedc      0x44  sample_guix_washing_machine_specifications.o [9]
  .rodata            const    0x8004'af20      0x44  sample_guix_washing_machine_specifications.o [9]
  .rodata            const    0x8004'af64      0x44  sample_guix_washing_machine_specifications.o [9]
  .rodata            const    0x8004'afa8      0x44  sample_guix_washing_machine_specifications.o [9]
  .rodata            const    0x8004'afec      0x44  sample_guix_washing_machine_specifications.o [9]
  .rodata            const    0x8004'b030      0x44  sample_guix_washing_machine_specifications.o [9]
  .rodata            const    0x8004'b074      0x44  sample_guix_washing_machine_specifications.o [9]
  .rodata            const    0x8004'b0b8      0x44  sample_guix_washing_machine_specifications.o [9]
  .rodata            const    0x8004'b0fc      0x44  sample_guix_washing_machine_specifications.o [9]
  .rodata            const    0x8004'b140      0x44  sample_guix_washing_machine_specifications.o [9]
  .rodata            const    0x8004'b184      0x44  sample_guix_washing_machine_specifications.o [9]
  .rodata            const    0x8004'b1c8      0x44  sample_guix_washing_machine_specifications.o [9]
  .rodata            const    0x8004'b20c      0x44  sample_guix_washing_machine_specifications.o [9]
  .rodata            const    0x8004'b250      0x44  sample_guix_washing_machine_specifications.o [9]
  .rodata            const    0x8004'b294      0x44  sample_guix_washing_machine_specifications.o [9]
  .rodata            const    0x8004'b2d8      0x44  sample_guix_washing_machine_specifications.o [9]
  .rodata            const    0x8004'b31c      0x44  sample_guix_washing_machine_specifications.o [9]
  .rodata            const    0x8004'b360      0x44  sample_guix_washing_machine_specifications.o [9]
  .rodata            const    0x8004'b3a4      0x44  sample_guix_washing_machine_specifications.o [9]
  .rodata            const    0x8004'b3e8      0x44  sample_guix_washing_machine_specifications.o [9]
  .rodata            const    0x8004'b42c      0x44  sample_guix_washing_machine_specifications.o [9]
  .rodata            const    0x8004'b470      0x44  sample_guix_washing_machine_specifications.o [9]
  .rodata            const    0x8004'b4b4      0x44  sample_guix_washing_machine_specifications.o [9]
  .rodata            const    0x8004'b4f8      0x44  sample_guix_washing_machine_specifications.o [9]
  .rodata            const    0x8004'b53c      0x44  sample_guix_washing_machine_specifications.o [9]
  .rodata            const    0x8004'b580      0x44  sample_guix_washing_machine_specifications.o [9]
  .rodata            const    0x8004'b5c4      0x44  sample_guix_washing_machine_specifications.o [9]
  .rodata            const    0x8004'b608      0x40  fsl_elcdif.o [8]
  .rodata            const    0x8004'b648      0x40  fsl_lpuart.o [8]
  .rodata            const    0x8004'b688      0x40  sample_guix_washing_machine_resources.o [9]
  .rodata            const    0x8004'b6c8      0x40  sample_guix_washing_machine_resources.o [9]
  .rodata            const    0x8004'b708      0x40  sample_guix_washing_machine_resources.o [9]
  .rodata            const    0x8004'b748      0x40  sample_guix_washing_machine_resources.o [9]
  .rodata            const    0x8004'b788      0x40  sample_guix_washing_machine_resources.o [9]
  .rodata            const    0x8004'b7c8      0x40  sample_guix_washing_machine_resources.o [9]
  .rodata            const    0x8004'b808      0x40  sample_guix_washing_machine_resources.o [9]
  .rodata            const    0x8004'b848      0x40  sample_guix_washing_machine_resources.o [9]
  .rodata            const    0x8004'b888      0x40  sample_guix_washing_machine_resources.o [9]
  .rodata            const    0x8004'b8c8      0x40  sample_guix_washing_machine_resources.o [9]
  .rodata            const    0x8004'b908      0x40  sample_guix_washing_machine_resources.o [9]
  .rodata            const    0x8004'b948      0x40  sample_guix_washing_machine_resources.o [9]
  .rodata            const    0x8004'b988      0x40  sample_guix_washing_machine_resources.o [9]
  .rodata            const    0x8004'b9c8      0x40  sample_guix_washing_machine_resources.o [9]
  .rodata            const    0x8004'ba08      0x40  sample_guix_washing_machine_resources.o [9]
  .rodata            const    0x8004'ba48      0x40  sample_guix_washing_machine_resources.o [9]
  .rodata            const    0x8004'ba88      0x40  sample_guix_washing_machine_resources.o [9]
  .rodata            const    0x8004'bac8      0x40  sample_guix_washing_machine_resources.o [9]
  .rodata            const    0x8004'bb08      0x40  sample_guix_washing_machine_resources.o [9]
  .rodata            const    0x8004'bb48      0x40  gx_source.o [16]
  .rodata            const    0x8004'bb88      0x40  gx_system_font_8bpp.o [16]
  .rodata            const    0x8004'bbc8      0x40  gx_system_font_8bpp.o [16]
  .rodata            const    0x8004'bc08      0x40  gx_system_font_8bpp.o [16]
  .rodata            const    0x8004'bc48      0x40  gx_system_font_8bpp.o [16]
  .rodata            const    0x8004'bc88      0x40  gx_system_font_8bpp.o [16]
  .rodata            const    0x8004'bcc8      0x40  gx_system_font_8bpp.o [16]
  .rodata            const    0x8004'bd08      0x40  gx_system_font_8bpp.o [16]
  .rodata            const    0x8004'bd48      0x40  gx_system_font_8bpp.o [16]
  .rodata            const    0x8004'bd88      0x3c  fsl_gpio.o [8]
  .rodata            const    0x8004'bdc4      0x3c  fsl_pxp.o [8]
  .rodata            const    0x8004'be00      0x3c  sample_guix_washing_machine_resources.o [9]
  .rodata            const    0x8004'be3c      0x3c  sample_guix_washing_machine_resources.o [9]
  .rodata            const    0x8004'be78      0x3c  sample_guix_washing_machine_resources.o [9]
  .rodata            const    0x8004'beb4      0x3c  sample_guix_washing_machine_resources.o [9]
  .rodata            const    0x8004'bef0      0x3c  sample_guix_washing_machine_resources.o [9]
  .rodata            const    0x8004'bf2c      0x3c  sample_guix_washing_machine_resources.o [9]
  .rodata            const    0x8004'bf68      0x3c  sample_guix_washing_machine_resources.o [9]
  .rodata            const    0x8004'bfa4      0x3c  sample_guix_washing_machine_resources.o [9]
  .rodata            const    0x8004'bfe0      0x3c  sample_guix_washing_machine_resources.o [9]
  .rodata            const    0x8004'c01c      0x38  sample_guix_washing_machine_resources.o [9]
  .rodata            const    0x8004'c054      0x38  sample_guix_washing_machine_resources.o [9]
  .rodata            const    0x8004'c08c      0x38  sample_guix_washing_machine_resources.o [9]
  .rodata            const    0x8004'c0c4      0x38  sample_guix_washing_machine_resources.o [9]
  .rodata            const    0x8004'c0fc      0x38  sample_guix_washing_machine_resources.o [9]
  .rodata            const    0x8004'c134      0x38  sample_guix_washing_machine_resources.o [9]
  .rodata            const    0x8004'c16c      0x38  sample_guix_washing_machine_resources.o [9]
  .rodata            const    0x8004'c1a4      0x38  sample_guix_washing_machine_resources.o [9]
  .rodata            const    0x8004'c1dc      0x38  sample_guix_washing_machine_resources.o [9]
  .rodata            const    0x8004'c214      0x38  sample_guix_washing_machine_resources.o [9]
  .rodata            const    0x8004'c24c      0x38  sample_guix_washing_machine_resources.o [9]
  .rodata            const    0x8004'c284      0x38  sample_guix_washing_machine_resources.o [9]
  .rodata            const    0x8004'c2bc      0x38  sample_guix_washing_machine_resources.o [9]
  .rodata            const    0x8004'c2f4      0x38  sample_guix_washing_machine_resources.o [9]
  .rodata            const    0x8004'c32c      0x38  sample_guix_washing_machine_resources.o [9]
  .rodata            const    0x8004'c364      0x38  sample_guix_washing_machine_resources.o [9]
  .rodata            const    0x8004'c39c      0x38  sample_guix_washing_machine_resources.o [9]
  .rodata            const    0x8004'c3d4      0x38  sample_guix_washing_machine_resources.o [9]
  .rodata            const    0x8004'c40c      0x38  sample_guix_washing_machine_resources.o [9]
  .rodata            const    0x8004'c444      0x38  sample_guix_washing_machine_resources.o [9]
  .rodata            const    0x8004'c47c      0x38  sample_guix_washing_machine_resources.o [9]
  .rodata            const    0x8004'c4b4      0x38  sample_guix_washing_machine_resources.o [9]
  .rodata            const    0x8004'c4ec      0x38  sample_guix_washing_machine_resources.o [9]
  .rodata            const    0x8004'c524      0x38  sample_guix_washing_machine_resources.o [9]
  .rodata            const    0x8004'c55c      0x38  sample_guix_washing_machine_resources.o [9]
  .rodata            const    0x8004'c594      0x38  gx_system_font_8bpp.o [16]
  .text              ro code  0x8004'c5cc      0x38  zero_init3.o [19]
  .rodata            const    0x8004'c604      0x34  sample_guix_washing_machine_resources.o [9]
  .rodata            const    0x8004'c638      0x34  sample_guix_washing_machine_resources.o [9]
  .rodata            const    0x8004'c66c      0x34  sample_guix_washing_machine_resources.o [9]
  .rodata            const    0x8004'c6a0      0x34  sample_guix_washing_machine_resources.o [9]
  .rodata            const    0x8004'c6d4      0x34  sample_guix_washing_machine_resources.o [9]
  .rodata            const    0x8004'c708      0x34  sample_guix_washing_machine_resources.o [9]
  .rodata            const    0x8004'c73c      0x34  sample_guix_washing_machine_resources.o [9]
  .rodata            const    0x8004'c770      0x34  sample_guix_washing_machine_resources.o [9]
  .rodata            const    0x8004'c7a4      0x34  sample_guix_washing_machine_resources.o [9]
  .rodata            const    0x8004'c7d8      0x34  sample_guix_washing_machine_resources.o [9]
  .rodata            const    0x8004'c80c      0x34  sample_guix_washing_machine_resources.o [9]
  .rodata            const    0x8004'c840      0x34  sample_guix_washing_machine_resources.o [9]
  .rodata            const    0x8004'c874      0x34  sample_guix_washing_machine_resources.o [9]
  .rodata            const    0x8004'c8a8      0x34  sample_guix_washing_machine_resources.o [9]
  .rodata            const    0x8004'c8dc      0x34  sample_guix_washing_machine_resources.o [9]
  .rodata            const    0x8004'c910      0x34  sample_guix_washing_machine_resources.o [9]
  .rodata            const    0x8004'c944      0x34  sample_guix_washing_machine_resources.o [9]
  .rodata            const    0x8004'c978      0x34  sample_guix_washing_machine_resources.o [9]
  .rodata            const    0x8004'c9ac      0x34  sample_guix_washing_machine_resources.o [9]
  .rodata            const    0x8004'c9e0      0x34  sample_guix_washing_machine_resources.o [9]
  .rodata            const    0x8004'ca14      0x34  sample_guix_washing_machine_resources.o [9]
  .rodata            const    0x8004'ca48      0x34  sample_guix_washing_machine_resources.o [9]
  .rodata            const    0x8004'ca7c      0x34  sample_guix_washing_machine_resources.o [9]
  .rodata            const    0x8004'cab0      0x34  sample_guix_washing_machine_resources.o [9]
  .rodata            const    0x8004'cae4      0x34  sample_guix_washing_machine_resources.o [9]
  .rodata            const    0x8004'cb18      0x34  sample_guix_washing_machine_resources.o [9]
  .rodata            const    0x8004'cb4c      0x34  gx_system_font_8bpp.o [16]
  .rodata            const    0x8004'cb80      0x34  gx_system_font_8bpp.o [16]
  .text              ro code  0x8004'cbb4      0x34  tx_thread_timeout.o [17]
  .rodata            const    0x8004'cbe8      0x30  sample_guix_washing_machine_resources.o [9]
  .rodata            const    0x8004'cc18      0x30  sample_guix_washing_machine_resources.o [9]
[...]
main_screen_remain_minute_label_define
                        0x8004'a98c      0x44  Data  Gb  sample_guix_washing_machine_specifications.o [9]
main_screen_remain_minute_label_properties
                        0x8020'0664      0x14  Data  Gb  sample_guix_washing_machine_specifications.o [9]
main_screen_remain_minute_properties
                        0x8020'0694      0x1c  Data  Gb  sample_guix_washing_machine_specifications.o [9]
main_screen_remainning_time_define
                        0x8004'aa14      0x44  Data  Gb  sample_guix_washing_machine_specifications.o [9]
main_screen_remainning_time_properties
                        0x8020'063c      0x14  Data  Gb  sample_guix_washing_machine_specifications.o [9]
main_screen_temperature_icon_define
                        0x8004'b0b8      0x44  Data  Gb  sample_guix_washing_machine_specifications.o [9]
main_screen_temperature_icon_properties
                        0x8020'0770       0x8  Data  Gb  sample_guix_washing_machine_specifications.o [9]
main_screen_temperature_label_define
                        0x8004'b074      0x44  Data  Gb  sample_guix_washing_machine_specifications.o [9]
main_screen_temperature_label_properties
                        0x8020'0778      0x14  Data  Gb  sample_guix_washing_machine_specifications.o [9]
main_screen_temperature_value_define
                        0x8004'b030      0x44  Data  Gb  sample_guix_washing_machine_specifications.o [9]
main_screen_temperature_value_properties
                        0x8020'078c      0x14  Data  Gb  sample_guix_washing_machine_specifications.o [9]
main_screen_time_define
                        0x8004'b4b4      0x44  Data  Gb  sample_guix_washing_machine_specifications.o [9]
main_screen_time_properties
                        0x8020'04d8      0x14  Data  Gb  sample_guix_washing_machine_specifications.o [9]
main_screen_washer_mode_define
                        0x8004'a9d0      0x44  Data  Gb  sample_guix_washing_machine_specifications.o [9]
main_screen_washer_mode_properties
                        0x8020'0650      0x14  Data  Gb  sample_guix_washing_machine_specifications.o [9]
main_screen_washer_on_icon_define
                        0x8004'ae10      0x44  Data  Gb  sample_guix_washing_machine_specifications.o [9]
main_screen_washer_on_icon_properties
                        0x8020'06bc       0x8  Data  Gb  sample_guix_washing_machine_specifications.o [9]
main_screen_washer_on_label_define
                        0x8004'adcc      0x44  Data  Gb  sample_guix_washing_machine_specifications.o [9]
main_screen_washer_on_label_properties
                        0x8020'06c4      0x14  Data  Gb  sample_guix_washing_machine_specifications.o [9]
main_screen_washer_on_window_define
                        0x8004'b3a4      0x44  Data  Gb  sample_guix_washing_machine_specifications.o [9]
main_screen_washer_on_window_properties
                        0x8021'035c       0x4  Data  Gb  sample_guix_washing_machine_specifications.o [9]
main_screen_water_level_icon_define
                        0x8004'afa8      0x44  Data  Gb  sample_guix_washing_machine_specifications.o [9]
main_screen_water_level_icon_properties
                        0x8020'0720       0x8  Data  Gb  sample_guix_washing_machine_specifications.o [9]
main_screen_water_level_label_define
                        0x8004'af64      0x44  Data  Gb  sample_guix_washing_machine_specifications.o [9]
main_screen_water_level_label_properties
                        0x8020'0728      0x14  Data  Gb  sample_guix_washing_machine_specifications.o [9]
main_screen_water_level_value_define
                        0x8004'af20      0x44  Data  Gb  sample_guix_washing_machine_specifications.o [9]
main_screen_water_level_value_properties
                        0x8020'073c      0x14  Data  Gb  sample_guix_washing_machine_specifications.o [9]
main_screen_widgets_enable_disable
                        0x8003'93b5      0x34  Code  Gb  guix_washing_machine.o [9]
memory_allocate         0x8003'90cf      0x1c  Code  Gb  guix_washing_machine.o [9]
memory_free             0x8003'90eb       0x4  Code  Gb  guix_washing_machine.o [9]
memory_pool             0x8020'1140      0x34  Data  Gb  guix_washing_machine.o [9]
minute_prompt_format    0x8003'9d5d      0x1e  Code  Gb  washer_on.o [9]
modf                    0x8003'1b89            Code  Gb  modf.o [18]
modfl                   0x8003'1b89            Code  Gb  modf.o [18]
periodic_timer_block    0x8020'00a0      0x2c  Data  Gb  gx_touch_driver_imxrt10xx_capacitive.o [9]
periodic_timer_entry    0x8003'9a49      0x30  Code  Lc  gx_touch_driver_imxrt10xx_capacitive.o [9]
pixelmap_button_alpha_draw
                        0x8003'9365      0x1a  Code  Gb  guix_washing_machine.o [9]
pixelmap_slider_alpha_draw
                        0x8003'937f      0x1a  Code  Gb  guix_washing_machine.o [9]
pow                     0x8003'1c29     0x4c4  Code  Gb  pow64.o [18]
power_off_callback      0x8020'd980       0x4  Data  Gb  guix_washing_machine.o [9]
power_on_callback       0x8020'd97c       0x4  Data  Gb  guix_washing_machine.o [9]
powl                    0x8003'1c29     0x4c4  Code  Gb  pow64.o [18]
prompt_alpha_draw       0x8003'934b      0x1a  Code  Gb  guix_washing_machine.o [9]
root                    0x8020'd974       0x4  Data  Gb  guix_washing_machine.o [9]
rotated_map             0x8020'1124      0x1c  Data  Gb  garments.o [9]
rotated_map_create      0x8003'9fdf      0x4c  Code  Gb  garments.o [9]
s_LpuartAdapterBase     0x8004'd5d0      0x24  Data  Lc  fsl_adapter_lpuart.o [6]
s_debugConsoleReadWaitSemaphore
                        0x8021'4584       0x1  Data  Lc  fsl_debug_console.o [12]
s_debugConsoleState     0x81e7'f800      0x20  Data  Lc  fsl_debug_console.o [12]
s_elcdifApbClocks       0x8001'5472       0x2  Data  Lc  fsl_elcdif.o [8]
s_elcdifPixClocks       0x8001'564a       0x2  Data  Lc  fsl_elcdif.o [8]
s_gpioBases             0x8004'e13c      0x18  Data  Lc  fsl_gpio.o [8]
s_gpioClock             0x8004'ea0c       0xc  Data  Lc  fsl_gpio.o [8]
s_lpi2cMasterHandle     0x8020'10b0      0x14  Data  Gb  fsl_lpi2c.o [8]
s_lpi2cMasterIsr        0x8020'10ac       0x4  Data  Gb  fsl_lpi2c.o [8]
s_lpi2cSlaveHandle      0x8020'10c8      0x14  Data  Lc  fsl_lpi2c.o [8]
s_lpi2cSlaveIsr         0x8020'10c4       0x4  Data  Lc  fsl_lpi2c.o [8]
s_lpuartBases           0x8004'd5f4      0x24  Data  Lc  fsl_lpuart.o [8]
s_lpuartClock           0x8004'e378      0x14  Data  Lc  fsl_lpuart.o [8]
s_lpuartHandle          0x8020'10dc      0x24  Data  Gb  fsl_lpuart.o [8]
s_lpuartIsr             0x8020'1100      0x24  Data  Gb  fsl_lpuart.o [8]
s_pixelFormatReg        0x8004'd2d8      0x28  Data  Lc  fsl_elcdif.o [8]
s_pxpClocks             0x8001'750a       0x2  Data  Lc  fsl_pxp.o [8]
sample_guix_washing_machine_display_table
                        0x8020'0204      0x34  Data  Gb  sample_guix_washing_machine_specifications.o [9]
sample_guix_washing_machine_widget_table
                        0x8004'd4e0      0x28  Data  Gb  sample_guix_washing_machine_specifications.o [9]
scalbln                 0x8003'2599            Code  Gb  ldexp.o [18]
scalblnl                0x8003'2599            Code  Gb  ldexp.o [18]
scalbn                  0x8003'2599            Code  Gb  ldexp.o [18]
scalbnl                 0x8003'2599            Code  Gb  ldexp.o [18]
scratchpad              0x8020'1174    0xc800  Data  Gb  guix_washing_machine.o [9]
selected_index          0x8020'0060       0x4  Data  Lc  garments.o [9]
selected_index          0x8020'0870       0x4  Data  Lc  washer_on.o [9]
sin_value_table         0x8003'eab8     0x168  Data  Lc  gx_source.o [16]
sqrt_table              0x8003'f9a0     0x100  Data  Lc  gx_source.o [16]
start_periodic_timer    0x8003'9a25      0x22  Code  Gb  gx_touch_driver_imxrt10xx_capacitive.o [9]
strcmp                  0x8003'6cd1            Code  Gb  strcmp.o [19]
string_length_get       0x8003'9497      0x18  Code  Gb  guix_washing_machine.o [9]
strlen                  0x8003'21f9            Code  Gb  strlen.o [19]
strncmp                 0x8001'4de7      0x2a  Code  Gb  strncmp.o [15]
target_index            0x8020'0064       0x4  Data  Lc  garments.o [9]
target_needle_pixelmap  0x8021'0364       0x4  Data  Gb  temperature.o [9]
temperature_page_init   0x8003'a53f      0x52  Code  Gb  temperature.o [9]
temperature_page_init::string_temperature
                        0x8004'ecd0       0xc  Data  Lc  temperature.o [9]
temperature_page_power_off
                        0x8003'a591      0x1a  Code  Gb  temperature.o [9]
temperature_value_set   0x8003'a423     0x11c  Code  Gb  temperature.o [9]
temperature_window      0x8020'd98c     0x3b0  Data  Gb  sample_guix_washing_machine_specifications.o [9]
temperature_window_define
                        0x8004'a1d8      0x44  Data  Gb  sample_guix_washing_machine_specifications.o [9]
temperature_window_draw
                        0x8003'a339      0xa6  Code  Gb  temperature.o [9]
temperature_window_event_process
                        0x8003'a3df      0x44  Code  Gb  temperature.o [9]
temperature_window_properties
                        0x8021'034c       0x4  Data  Gb  sample_guix_washing_machine_specifications.o [9]
temperature_window_radial_slider_define
                        0x8004'a10c      0x44  Data  Gb  sample_guix_washing_machine_specifications.o [9]
temperature_window_radial_slider_properties
                        0x8020'0260      0x24  Data  Gb  sample_guix_washing_machine_specifications.o [9]
temperature_window_temperature_label_define
                        0x8004'a084      0x44  Data  Gb  sample_guix_washing_machine_specifications.o [9]
temperature_window_temperature_label_properties
                        0x8020'0298      0x14  Data  Gb  sample_guix_washing_machine_specifications.o [9]
temperature_window_temperature_value_define
                        0x8004'a040      0x44  Data  Gb  sample_guix_washing_machine_specifications.o [9]
temperature_window_temperature_value_properties
                        0x8020'02ac      0x14  Data  Gb  sample_guix_washing_machine_specifications.o [9]
temperature_window_water_label_3_define
                        0x8004'9ffc      0x44  Data  Gb  sample_guix_washing_machine_specifications.o [9]
temperature_window_water_label_3_properties
                        0x8020'02c0      0x14  Data  Gb  sample_guix_washing_machine_specifications.o [9]
temperature_window_water_label_define
                        0x8004'a0c8      0x44  Data  Gb  sample_guix_washing_machine_specifications.o [9]
temperature_window_water_label_properties
                        0x8020'0284      0x14  Data  Gb  sample_guix_washing_machine_specifications.o [9]
temperature_window_water_t_cold_define
                        0x8004'a194      0x44  Data  Gb  sample_guix_washing_machine_specifications.o [9]
temperature_window_water_t_cold_properties
                        0x8020'0238      0x14  Data  Gb  sample_guix_washing_machine_specifications.o [9]
temperature_window_water_t_hot_define
                        0x8004'a150      0x44  Data  Gb  sample_guix_washing_machine_specifications.o [9]
temperature_window_water_t_hot_properties
                        0x8020'024c      0x14  Data  Gb  sample_guix_washing_machine_specifications.o [9]
tx_application_define   0x8003'90ef      0x20  Code  Gb  guix_washing_machine.o [9]
tx_thread_fpu_disable   0x8003'a793            Code  Gb  tx_thread_schedule.o [2]
tx_thread_fpu_enable    0x8003'a793            Code  Gb  tx_thread_schedule.o [2]
usb1PllConfig_BOARD_BootClockRUN
                        0x8001'4ee6       0x2  Data  Gb  clock_config.o [3]
visible_frame           0x8020'd988       0x4  Data  Lc  gx_display_driver_imxrt10xx_565rgb.o [9]
washer_mode_angles      0x8020'0810      0x18  Data  Gb  washer_on.o [9]
washer_mode_animation_update
                        0x8003'9cbd       0x4  Code  Gb  washer_on.o [9]
washer_mode_label_widgets
                        0x8020'0840      0x30  Data  Gb  washer_on.o [9]
washer_mode_label_widgets_update
                        0x8003'9c61      0x5c  Code  Gb  washer_on.o [9]
washer_mode_remain_minutes
                        0x8020'0828      0x18  Data  Gb  washer_on.o [9]
washer_mode_remain_minutes_update
                        0x8003'9cc1      0x66  Code  Gb  washer_on.o [9]
washer_on_page_init     0x8003'9bb3      0x78  Code  Gb  washer_on.o [9]
washer_on_page_init::string_washer_on
                        0x8004'ecdc       0xc  Data  Lc  washer_on.o [9]
washer_on_page_power_off
                        0x8003'9c2b      0x36  Code  Gb  washer_on.o [9]
washer_on_window_event_process
                        0x8003'9a85     0x12e  Code  Gb  washer_on.o [9]
water_level_animation_start
                        0x8003'a20d      0x16  Code  Gb  water_level.o [9]
water_level_animation_steps
                        0x8021'037c       0x4  Data  Gb  water_level.o [9]
water_level_animation_update
                        0x8003'a223      0x62  Code  Gb  water_level.o [9]
water_level_index_get   0x8003'a315      0x24  Code  Gb  water_level.o [9]
water_level_label_widgets
                        0x8020'0888      0x14  Data  Gb  water_level.o [9]
water_level_page_init   0x8003'a1b1      0x48  Code  Gb  water_level.o [9]
water_level_page_init::string_water_level
                        0x8004'ece8       0xc  Data  Lc  water_level.o [9]
water_level_page_power_off
                        0x8003'a1f9      0x14  Code  Gb  water_level.o [9]
water_level_value_set   0x8003'a285      0x66  Code  Gb  water_level.o [9]
water_level_values      0x8020'0874      0x14  Data  Gb  water_level.o [9]
water_level_window      0x8020'dd3c     0x4f0  Data  Gb  sample_guix_washing_machine_specifications.o [9]
water_level_window_define
                        0x8004'a4c4      0x44  Data  Gb  sample_guix_washing_machine_specifications.o [9]
water_level_window_draw
                        0x8003'a05d      0xc4  Code  Gb  water_level.o [9]
water_level_window_event_process
                        0x8003'a121      0x90  Code  Gb  water_level.o [9]
water_level_window_percent_label_define
                        0x8004'a21c      0x44  Data  Gb  sample_guix_washing_machine_specifications.o [9]
water_level_window_percent_label_properties
                        0x8020'032c      0x14  Data  Gb  sample_guix_washing_machine_specifications.o [9]
water_level_window_properties
                        0x8021'0350       0x4  Data  Gb  sample_guix_washing_machine_specifications.o [9]
water_level_window_water_level_extra_high_define
                        0x8004'a3f8      0x44  Data  Gb  sample_guix_washing_machine_specifications.o [9]
water_level_window_water_level_extra_high_properties
                        0x8020'0340      0x14  Data  Gb  sample_guix_washing_machine_specifications.o [9]
water_level_window_water_level_high_define
                        0x8004'a3b4      0x44  Data  Gb  sample_guix_washing_machine_specifications.o [9]
water_level_window_water_level_high_properties
                        0x8020'0354      0x14  Data  Gb  sample_guix_washing_machine_specifications.o [9]
water_level_window_water_level_label_define
                        0x8004'a2a4      0x44  Data  Gb  sample_guix_washing_machine_specifications.o [9]
water_level_window_water_level_label_properties
                        0x8020'0304      0x14  Data  Gb  sample_guix_washing_machine_specifications.o [9]
water_level_window_water_level_low_define
                        0x8004'a32c      0x44  Data  Gb  sample_guix_washing_machine_specifications.o [9]
water_level_window_water_level_low_properties
                        0x8020'037c      0x14  Data  Gb  sample_guix_washing_machine_specifications.o [9]
water_level_window_water_level_medium_define
                        0x8004'a370      0x44  Data  Gb  sample_guix_washing_machine_specifications.o [9]
water_level_window_water_level_medium_properties
                        0x8020'0368      0x14  Data  Gb  sample_guix_washing_machine_specifications.o [9]
water_level_window_water_level_slider_background_define
                        0x8004'a480      0x44  Data  Gb  sample_guix_washing_machine_specifications.o [9]
water_level_window_water_level_slider_background_properties
                        0x8020'02d4       0x8  Data  Gb  sample_guix_washing_machine_specifications.o [9]
water_level_window_water_level_slider_define
                        0x8004'a43c      0x44  Data  Gb  sample_guix_washing_machine_specifications.o [9]
water_level_window_water_level_slider_properties
                        0x8020'02dc      0x28  Data  Gb  sample_guix_washing_machine_specifications.o [9]
water_level_window_water_level_value_define
                        0x8004'a260      0x44  Data  Gb  sample_guix_washing_machine_specifications.o [9]
water_level_window_water_level_value_properties
                        0x8020'0318      0x14  Data  Gb  sample_guix_washing_machine_specifications.o [9]
water_level_window_water_level_very_low_define
                        0x8004'a2e8      0x44  Data  Gb  sample_guix_washing_machine_specifications.o [9]
water_level_window_water_level_very_low_properties
                        0x8020'0390      0x14  Data  Gb  sample_guix_washing_machine_specifications.o [9]
widget_enable_disable   0x8003'9465      0x32  Code  Gb  guix_washing_machine.o [9]
window_alpha_draw       0x8003'9399      0x1a  Code  Gb  guix_washing_machine.o [9]


[1] = C:\Users\obed.oyandut\OneDrive - D.Med Consulting GmbH\Documents\Azure_RTOS_threadx_demo\GUIX_EVENTS_CREATE_modification_2\sdram_debug\obj\azure-rtos\threadx\ports\common
[2] = C:\Users\obed.oyandut\OneDrive - D.Med Consulting GmbH\Documents\Azure_RTOS_threadx_demo\GUIX_EVENTS_CREATE_modification_2\sdram_debug\obj\azure-rtos\threadx\ports\cortex_m7\iar\src
[3] = C:\Users\obed.oyandut\OneDrive - D.Med Consulting GmbH\Documents\Azure_RTOS_threadx_demo\GUIX_EVENTS_CREATE_modification_2\sdram_debug\obj\board
[4] = C:\Users\obed.oyandut\OneDrive - D.Med Consulting GmbH\Documents\Azure_RTOS_threadx_demo\GUIX_EVENTS_CREATE_modification_2\sdram_debug\obj\component\lists
[5] = C:\Users\obed.oyandut\OneDrive - D.Med Consulting GmbH\Documents\Azure_RTOS_threadx_demo\GUIX_EVENTS_CREATE_modification_2\sdram_debug\obj\component\serial_manager
[6] = C:\Users\obed.oyandut\OneDrive - D.Med Consulting GmbH\Documents\Azure_RTOS_threadx_demo\GUIX_EVENTS_CREATE_modification_2\sdram_debug\obj\component\uart
[7] = C:\Users\obed.oyandut\OneDrive - D.Med Consulting GmbH\Documents\Azure_RTOS_threadx_demo\GUIX_EVENTS_CREATE_modification_2\sdram_debug\obj\device
[8] = C:\Users\obed.oyandut\OneDrive - D.Med Consulting GmbH\Documents\Azure_RTOS_threadx_demo\GUIX_EVENTS_CREATE_modification_2\sdram_debug\obj\drivers
[9] = C:\Users\obed.oyandut\OneDrive - D.Med Consulting GmbH\Documents\Azure_RTOS_threadx_demo\GUIX_EVENTS_CREATE_modification_2\sdram_debug\obj\source
[10] = C:\Users\obed.oyandut\OneDrive - D.Med Consulting GmbH\Documents\Azure_RTOS_threadx_demo\GUIX_EVENTS_CREATE_modification_2\sdram_debug\obj\startup
[11] = C:\Users\obed.oyandut\OneDrive - D.Med Consulting GmbH\Documents\Azure_RTOS_threadx_demo\GUIX_EVENTS_CREATE_modification_2\sdram_debug\obj\touchpanel
[12] = C:\Users\obed.oyandut\OneDrive - D.Med Consulting GmbH\Documents\Azure_RTOS_threadx_demo\GUIX_EVENTS_CREATE_modification_2\sdram_debug\obj\utilities
[13] = C:\Users\obed.oyandut\OneDrive - D.Med Consulting GmbH\Documents\Azure_RTOS_threadx_demo\GUIX_EVENTS_CREATE_modification_2\sdram_debug\obj\video
[14] = C:\Users\obed.oyandut\OneDrive - D.Med Consulting GmbH\Documents\Azure_RTOS_threadx_demo\GUIX_EVENTS_CREATE_modification_2\sdram_debug\obj\xip
[15] = dl7M_tln.a
[16] = libguix.a
[17] = libthreadx.a
[18] = m7M_tlv.a
[19] = rt7M_tl.a
[20] = shb_l.a

  149'490 bytes of readonly  code memory
  176'854 bytes of readonly  data memory
  607'633 bytes of readwrite data memory

Errors: none
Warnings: none
