###############################################################################
#
# IAR ELF Linker V9.32.1.338/W64 for ARM                  17/Mar/2023  00:14:41
# Copyright 2007-2022 IAR Systems AB.
#
#    Output file  =
#        C:\Users\obed.oyandut\OneDrive - D.Med Consulting
#        GmbH\Documents\Azure_RTOS_threadx_demo\GUIX_EVENTS_CREATE_modification_1\sdram_debug\guix_washing_machine.out
#    Map file     =
#        C:\Users\obed.oyandut\OneDrive - D.Med Consulting
#        GmbH\Documents\Azure_RTOS_threadx_demo\GUIX_EVENTS_CREATE_modification_1\sdram_debug\list\guix_washing_machine.map
#    Command line =
#        -f "C:\Users\obed.oyandut\OneDrive - D.Med Consulting
#        GmbH\Documents\Azure_RTOS_threadx_demo\GUIX_EVENTS_CREATE_modification_1\sdram_debug\guix_washing_machine.out.rsp"
#        ("C:\Users\obed.oyandut\OneDrive - D.Med Consulting
#        GmbH\Documents\Azure_RTOS_threadx_demo\GUIX_EVENTS_CREATE_modification_1\sdram_debug\obj\board\board.o"
#        "C:\Users\obed.oyandut\OneDrive - D.Med Consulting
#        GmbH\Documents\Azure_RTOS_threadx_demo\GUIX_EVENTS_CREATE_modification_1\sdram_debug\obj\board\clock_config.o"
#        "C:\Users\obed.oyandut\OneDrive - D.Med Consulting
#        GmbH\Documents\Azure_RTOS_threadx_demo\GUIX_EVENTS_CREATE_modification_1\sdram_debug\obj\board\dcd.o"
#        "C:\Users\obed.oyandut\OneDrive - D.Med Consulting
#        GmbH\Documents\Azure_RTOS_threadx_demo\GUIX_EVENTS_CREATE_modification_1\sdram_debug\obj\xip\evkbimxrt1050_flexspi_nor_config.o"
#        "C:\Users\obed.oyandut\OneDrive - D.Med Consulting
#        GmbH\Documents\Azure_RTOS_threadx_demo\GUIX_EVENTS_CREATE_modification_1\sdram_debug\obj\component\uart\fsl_adapter_lpuart.o"
#        "C:\Users\obed.oyandut\OneDrive - D.Med Consulting
#        GmbH\Documents\Azure_RTOS_threadx_demo\GUIX_EVENTS_CREATE_modification_1\sdram_debug\obj\utilities\fsl_assert.o"
#        "C:\Users\obed.oyandut\OneDrive - D.Med Consulting
#        GmbH\Documents\Azure_RTOS_threadx_demo\GUIX_EVENTS_CREATE_modification_1\sdram_debug\obj\drivers\fsl_clock.o"
#        "C:\Users\obed.oyandut\OneDrive - D.Med Consulting
#        GmbH\Documents\Azure_RTOS_threadx_demo\GUIX_EVENTS_CREATE_modification_1\sdram_debug\obj\drivers\fsl_common.o"
#        "C:\Users\obed.oyandut\OneDrive - D.Med Consulting
#        GmbH\Documents\Azure_RTOS_threadx_demo\GUIX_EVENTS_CREATE_modification_1\sdram_debug\obj\drivers\fsl_common_arm.o"
#        "C:\Users\obed.oyandut\OneDrive - D.Med Consulting
#        GmbH\Documents\Azure_RTOS_threadx_demo\GUIX_EVENTS_CREATE_modification_1\sdram_debug\obj\component\lists\fsl_component_generic_list.o"
#        "C:\Users\obed.oyandut\OneDrive - D.Med Consulting
#        GmbH\Documents\Azure_RTOS_threadx_demo\GUIX_EVENTS_CREATE_modification_1\sdram_debug\obj\component\serial_manager\fsl_component_serial_manager.o"
#        "C:\Users\obed.oyandut\OneDrive - D.Med Consulting
#        GmbH\Documents\Azure_RTOS_threadx_demo\GUIX_EVENTS_CREATE_modification_1\sdram_debug\obj\component\serial_manager\fsl_component_serial_port_uart.o"
#        "C:\Users\obed.oyandut\OneDrive - D.Med Consulting
#        GmbH\Documents\Azure_RTOS_threadx_demo\GUIX_EVENTS_CREATE_modification_1\sdram_debug\obj\video\fsl_dc_fb_elcdif.o"
#        "C:\Users\obed.oyandut\OneDrive - D.Med Consulting
#        GmbH\Documents\Azure_RTOS_threadx_demo\GUIX_EVENTS_CREATE_modification_1\sdram_debug\obj\utilities\fsl_debug_console.o"
#        "C:\Users\obed.oyandut\OneDrive - D.Med Consulting
#        GmbH\Documents\Azure_RTOS_threadx_demo\GUIX_EVENTS_CREATE_modification_1\sdram_debug\obj\drivers\fsl_elcdif.o"
#        "C:\Users\obed.oyandut\OneDrive - D.Med Consulting
#        GmbH\Documents\Azure_RTOS_threadx_demo\GUIX_EVENTS_CREATE_modification_1\sdram_debug\obj\xip\fsl_flexspi_nor_boot.o"
#        "C:\Users\obed.oyandut\OneDrive - D.Med Consulting
#        GmbH\Documents\Azure_RTOS_threadx_demo\GUIX_EVENTS_CREATE_modification_1\sdram_debug\obj\touchpanel\fsl_ft5406_rt.o"
#        "C:\Users\obed.oyandut\OneDrive - D.Med Consulting
#        GmbH\Documents\Azure_RTOS_threadx_demo\GUIX_EVENTS_CREATE_modification_1\sdram_debug\obj\drivers\fsl_gpio.o"
#        "C:\Users\obed.oyandut\OneDrive - D.Med Consulting
#        GmbH\Documents\Azure_RTOS_threadx_demo\GUIX_EVENTS_CREATE_modification_1\sdram_debug\obj\touchpanel\fsl_gt911.o"
#        "C:\Users\obed.oyandut\OneDrive - D.Med Consulting
#        GmbH\Documents\Azure_RTOS_threadx_demo\GUIX_EVENTS_CREATE_modification_1\sdram_debug\obj\drivers\fsl_lpi2c.o"
#        "C:\Users\obed.oyandut\OneDrive - D.Med Consulting
#        GmbH\Documents\Azure_RTOS_threadx_demo\GUIX_EVENTS_CREATE_modification_1\sdram_debug\obj\drivers\fsl_lpuart.o"
#        "C:\Users\obed.oyandut\OneDrive - D.Med Consulting
#        GmbH\Documents\Azure_RTOS_threadx_demo\GUIX_EVENTS_CREATE_modification_1\sdram_debug\obj\drivers\fsl_pxp.o"
#        "C:\Users\obed.oyandut\OneDrive - D.Med Consulting
#        GmbH\Documents\Azure_RTOS_threadx_demo\GUIX_EVENTS_CREATE_modification_1\sdram_debug\obj\utilities\fsl_str.o"
#        "C:\Users\obed.oyandut\OneDrive - D.Med Consulting
#        GmbH\Documents\Azure_RTOS_threadx_demo\GUIX_EVENTS_CREATE_modification_1\sdram_debug\obj\video\fsl_video_common.o"
#        "C:\Users\obed.oyandut\OneDrive - D.Med Consulting
#        GmbH\Documents\Azure_RTOS_threadx_demo\GUIX_EVENTS_CREATE_modification_1\sdram_debug\obj\source\garments.o"
#        "C:\Users\obed.oyandut\OneDrive - D.Med Consulting
#        GmbH\Documents\Azure_RTOS_threadx_demo\GUIX_EVENTS_CREATE_modification_1\sdram_debug\obj\source\guix_washing_machine.o"
#        "C:\Users\obed.oyandut\OneDrive - D.Med Consulting
#        GmbH\Documents\Azure_RTOS_threadx_demo\GUIX_EVENTS_CREATE_modification_1\sdram_debug\obj\source\gx_display_driver_imxrt10xx_565rgb.o"
#        "C:\Users\obed.oyandut\OneDrive - D.Med Consulting
#        GmbH\Documents\Azure_RTOS_threadx_demo\GUIX_EVENTS_CREATE_modification_1\sdram_debug\obj\source\gx_driver_imxrt10xx_irq.o"
#        "C:\Users\obed.oyandut\OneDrive - D.Med Consulting
#        GmbH\Documents\Azure_RTOS_threadx_demo\GUIX_EVENTS_CREATE_modification_1\sdram_debug\obj\source\gx_touch_driver_imxrt10xx_capacitive.o"
#        "C:\Users\obed.oyandut\OneDrive - D.Med Consulting
#        GmbH\Documents\Azure_RTOS_threadx_demo\GUIX_EVENTS_CREATE_modification_1\azure-rtos\binary\guix\cortex_m7\iar\libguix.a"
#        "C:\Users\obed.oyandut\OneDrive - D.Med Consulting
#        GmbH\Documents\Azure_RTOS_threadx_demo\GUIX_EVENTS_CREATE_modification_1\azure-rtos\binary\threadx\cortex_m7\iar\libthreadx.a"
#        "C:\Users\obed.oyandut\OneDrive - D.Med Consulting
#        GmbH\Documents\Azure_RTOS_threadx_demo\GUIX_EVENTS_CREATE_modification_1\sdram_debug\obj\board\pin_mux.o"
#        "C:\Users\obed.oyandut\OneDrive - D.Med Consulting
#        GmbH\Documents\Azure_RTOS_threadx_demo\GUIX_EVENTS_CREATE_modification_1\sdram_debug\obj\source\sample_guix_washing_machine_resources.o"
#        "C:\Users\obed.oyandut\OneDrive - D.Med Consulting
#        GmbH\Documents\Azure_RTOS_threadx_demo\GUIX_EVENTS_CREATE_modification_1\sdram_debug\obj\source\sample_guix_washing_machine_specifications.o"
#        "C:\Users\obed.oyandut\OneDrive - D.Med Consulting
#        GmbH\Documents\Azure_RTOS_threadx_demo\GUIX_EVENTS_CREATE_modification_1\sdram_debug\obj\startup\startup_MIMXRT1052.o"
#        "C:\Users\obed.oyandut\OneDrive - D.Med Consulting
#        GmbH\Documents\Azure_RTOS_threadx_demo\GUIX_EVENTS_CREATE_modification_1\sdram_debug\obj\device\system_MIMXRT1052.o"
#        "C:\Users\obed.oyandut\OneDrive - D.Med Consulting
#        GmbH\Documents\Azure_RTOS_threadx_demo\GUIX_EVENTS_CREATE_modification_1\sdram_debug\obj\source\temperature.o"
#        "C:\Users\obed.oyandut\OneDrive - D.Med Consulting
#        GmbH\Documents\Azure_RTOS_threadx_demo\GUIX_EVENTS_CREATE_modification_1\sdram_debug\obj\azure-rtos\threadx\ports\common\tx_initialize_low_level.o"
#        "C:\Users\obed.oyandut\OneDrive - D.Med Consulting
#        GmbH\Documents\Azure_RTOS_threadx_demo\GUIX_EVENTS_CREATE_modification_1\sdram_debug\obj\azure-rtos\threadx\ports\cortex_m7\iar\src\tx_thread_context_restore.o"
#        "C:\Users\obed.oyandut\OneDrive - D.Med Consulting
#        GmbH\Documents\Azure_RTOS_threadx_demo\GUIX_EVENTS_CREATE_modification_1\sdram_debug\obj\azure-rtos\threadx\ports\cortex_m7\iar\src\tx_thread_context_save.o"
#        "C:\Users\obed.oyandut\OneDrive - D.Med Consulting
#        GmbH\Documents\Azure_RTOS_threadx_demo\GUIX_EVENTS_CREATE_modification_1\sdram_debug\obj\azure-rtos\threadx\ports\cortex_m7\iar\src\tx_thread_interrupt_control.o"
#        "C:\Users\obed.oyandut\OneDrive - D.Med Consulting
#        GmbH\Documents\Azure_RTOS_threadx_demo\GUIX_EVENTS_CREATE_modification_1\sdram_debug\obj\azure-rtos\threadx\ports\cortex_m7\iar\src\tx_thread_interrupt_disable.o"
#        "C:\Users\obed.oyandut\OneDrive - D.Med Consulting
#        GmbH\Documents\Azure_RTOS_threadx_demo\GUIX_EVENTS_CREATE_modification_1\sdram_debug\obj\azure-rtos\threadx\ports\cortex_m7\iar\src\tx_thread_interrupt_restore.o"
#        "C:\Users\obed.oyandut\OneDrive - D.Med Consulting
#        GmbH\Documents\Azure_RTOS_threadx_demo\GUIX_EVENTS_CREATE_modification_1\sdram_debug\obj\azure-rtos\threadx\ports\cortex_m7\iar\src\tx_thread_schedule.o"
#        "C:\Users\obed.oyandut\OneDrive - D.Med Consulting
#        GmbH\Documents\Azure_RTOS_threadx_demo\GUIX_EVENTS_CREATE_modification_1\sdram_debug\obj\azure-rtos\threadx\ports\cortex_m7\iar\src\tx_thread_stack_build.o"
#        "C:\Users\obed.oyandut\OneDrive - D.Med Consulting
#        GmbH\Documents\Azure_RTOS_threadx_demo\GUIX_EVENTS_CREATE_modification_1\sdram_debug\obj\azure-rtos\threadx\ports\cortex_m7\iar\src\tx_thread_system_return.o"
#        "C:\Users\obed.oyandut\OneDrive - D.Med Consulting
#        GmbH\Documents\Azure_RTOS_threadx_demo\GUIX_EVENTS_CREATE_modification_1\sdram_debug\obj\azure-rtos\threadx\ports\cortex_m7\iar\src\tx_timer_interrupt.o"
#        "C:\Users\obed.oyandut\OneDrive - D.Med Consulting
#        GmbH\Documents\Azure_RTOS_threadx_demo\GUIX_EVENTS_CREATE_modification_1\sdram_debug\obj\source\washer_on.o"
#        "C:\Users\obed.oyandut\OneDrive - D.Med Consulting
#        GmbH\Documents\Azure_RTOS_threadx_demo\GUIX_EVENTS_CREATE_modification_1\sdram_debug\obj\source\water_level.o"
#        --redirect _Printf=_PrintfSmallNoMb --redirect _Scanf=_ScanfSmallNoMb
#        --no_out_extension -o "C:\Users\obed.oyandut\OneDrive - D.Med
#        Consulting
#        GmbH\Documents\Azure_RTOS_threadx_demo\GUIX_EVENTS_CREATE_modification_1\sdram_debug\guix_washing_machine.out"
#        --map "C:\Users\obed.oyandut\OneDrive - D.Med Consulting
#        GmbH\Documents\Azure_RTOS_threadx_demo\GUIX_EVENTS_CREATE_modification_1\sdram_debug\list\guix_washing_machine.map"
#        --config "C:\Users\obed.oyandut\OneDrive - D.Med Consulting
#        GmbH\Documents\Azure_RTOS_threadx_demo\GUIX_EVENTS_CREATE_modification_1/MIMXRT1052/iar/MIMXRT1052xxxxx_sdram.icf"
#        --semihosting --entry Reset_Handler --vfe --text_out locale
#        --cpu=Cortex-M7 --fpu=VFPv5_d16)
#
###############################################################################

*******************************************************************************
*** RUNTIME MODEL ATTRIBUTES
***

CppFlavor       = *
__CPP_Runtime   = 1
__Heap_Handler  = DLMalloc
__SystemLibrary = DLib
__dlib_version  = 6


*******************************************************************************
*** HEAP SELECTION
***

The advanced heap was selected because the application calls
memory allocation functions outside of system library functions,
there are calls to deallocation functions in the application, and
the application appears to be primarily optimized for speed.


*******************************************************************************
*** PLACEMENT SUMMARY
***

"A0":  place at address 0x0 { ro section .intvec };
"P1":  place in [from 0x0 to 0x3ff] |
                [from 0x8000'0400 to 0x801f'ffff] { ro };
define block RW { first rw, section m_usb_dma_init_data };
"P2":  place in [from 0x8020'0000 to 0x81df'fbff] { block RW };
define block ZI
   with alignment = 32 { first zi, section m_usb_dma_noninit_data };
"P3":  place in [from 0x8020'0000 to 0x81df'fbff] { block ZI };
define block HEAP with size = 1K, alignment = 8 { };
"P4":  place in [from 0x8020'0000 to 0x81df'fbff] { block HEAP };
define block CSTACK with size = 1K, alignment = 8 { };
"P6":  place in [from 0x81df'fc00 to 0x81df'ffff] { block CSTACK };
define block NCACHE_VAR { section NonCacheable, section NonCacheable.init };
"P7":  place in [from 0x81e0'0000 to 0x81ff'ffff] { block NCACHE_VAR };
initialize by copy { rw, section .textrw };

No sections matched the following patterns:

  section FREE_MEM                in "P5"
  section NonCacheable.init       in block NCACHE_VAR
  section m_usb_dma_init_data     in block RW
  section m_usb_dma_noninit_data  in block ZI


  Section            Kind         Address      Size  Object
  -------            ----         -------      ----  ------
"A0":                                         0x400
  .intvec            ro code          0x0     0x400  startup_MIMXRT1052.o [10]
                                  - 0x400     0x400

"P1":                                      0x4'fae1
  .text              ro code  0x8000'0400  0x1'4830  gx_source.o [16]
  .text              ro code  0x8001'4c30       0x6  ABImemclr4.o [19]
  .text              ro code  0x8001'4c36      0x46  gx_display_driver_16bpp_horizontal_pattern_line_draw.o [16]
  .text              ro code  0x8001'4c7c      0xa8  tx_timer_deactivate.o [17]
  .text              ro code  0x8001'4d24      0xa6  ABImemcpy.o [19]
  .text              ro code  0x8001'4dca      0x16  gx_display_driver_565rgb_native_color_get.o [16]
  .text              ro code  0x8001'4de0       0x6  ABImemclr.o [19]
  .text              ro code  0x8001'4de6      0x2a  strncmp.o [15]
  .text              ro code  0x8001'4e10      0x3a  ABImemset48.o [19]
  .text              ro code  0x8001'4e4a       0x6  gx_display_driver_16bpp_row_pitch_get.o [16]
  .text              ro code  0x8001'4e50      0x96  ABImemmove.o [19]
  .rodata            const    0x8001'4ee6       0x2  clock_config.o [3]
  .text              ro code  0x8001'4ee8     0x154  tx_queue_send.o [17]
  .text              ro code  0x8001'503c      0x14  tx_thread_identify.o [17]
  .text              ro code  0x8001'5050     0x110  tx_mutex_get.o [17]
  .text              ro code  0x8001'5160      0x14  tx_time_get.o [17]
  .text              ro code  0x8001'5174      0x68  tx_thread_resume.o [17]
  .text              ro code  0x8001'51dc     0x1c8  tx_queue_receive.o [17]
  .text              ro code  0x8001'53a4      0xac  tx_timer_info_get.o [17]
  .text              ro code  0x8001'5450      0x22  tx_timer_activate.o [17]
  .rodata            const    0x8001'5472       0x2  fsl_elcdif.o [8]
  .text              ro code  0x8001'5474     0x1d6  tx_mutex_put.o [17]
  .rodata            const    0x8001'564a       0x2  fsl_elcdif.o [8]
  .text              ro code  0x8001'564c     0x934  gx_utility_32argb_pixelmap_rotate.o [16]
  .text              ro code  0x8001'5f80     0xc28  gx_utility_565rgb_pixelmap_rotate.o [16]
  .text              ro code  0x8001'6ba8     0x962  gx_utility_1555xrgb_pixelmap_rotate.o [16]
  .rodata            const    0x8001'750a       0x2  fsl_pxp.o [8]
  .text              ro code  0x8001'750c     0x5f8  gx_utility_4444argb_pixelmap_rotate.o [16]
  .text              ro code  0x8001'7b04     0xbcc  gx_utility_332rgb_pixelmap_rotate.o [16]
  .text              ro code  0x8001'86d0     0x608  gx_utility_8bpp_pixelmap_rotate.o [16]
  .text              ro code  0x8001'8cd8     0x8e8  gx_utility_4bpp_pixelmap_rotate.o [16]
  .text              ro code  0x8001'95c0     0x794  gx_utility_1bpp_pixelmap_rotate.o [16]
  .text              ro code  0x8001'9d54     0x2c4  gx_system_initialize.o [16]
  .text              ro code  0x8001'a018      0x66  ABImemset.o [19]
  .rodata            const    0x8001'a07e       0x2  sample_guix_washing_machine_resources.o [9]
  .text              ro code  0x8001'a080     0x120  tx_thread_system_resume.o [17]
  .text              ro code  0x8001'a1a0     0x19c  tx_thread_system_suspend.o [17]
  .text              ro code  0x8001'a33c      0xcc  tx_mutex_priority_change.o [17]
  .text              ro code  0x8001'a408      0x60  tx_timer_system_activate.o [17]
  .text              ro code  0x8001'a468      0x9c  tx_mutex_prioritize.o [17]
  .text              ro code  0x8001'a504      0x40  tx_thread_system_preempt_check.o [17]
  .text              ro code  0x8001'a544      0x78  tx_timer_create.o [17]
  .text              ro code  0x8001'a5bc      0x74  tx_queue_create.o [17]
  .text              ro code  0x8001'a630      0x60  tx_mutex_create.o [17]
  .text              ro code  0x8001'a690     0x124  tx_thread_create.o [17]
  .text              ro code  0x8001'a7b4      0x2c  tx_timer_system_deactivate.o [17]
  .text              ro code  0x8001'a7e0      0x44  tx_thread_stack_build.o [2]
  .rodata            const    0x8001'a824    0x645c  sample_guix_washing_machine_resources.o [9]
  .rodata            const    0x8002'0c80    0x4be8  sample_guix_washing_machine_resources.o [9]
  .rodata            const    0x8002'5868    0x3ef0  sample_guix_washing_machine_resources.o [9]
  .rodata            const    0x8002'9758    0x1a18  sample_guix_washing_machine_resources.o [9]
  .rodata            const    0x8002'b170    0x12a8  sample_guix_washing_machine_resources.o [9]
  .rodata            const    0x8002'c418    0x1108  sample_guix_washing_machine_resources.o [9]
  .rodata            const    0x8002'd520     0xfcc  sample_guix_washing_machine_resources.o [9]
  .rodata            const    0x8002'e4ec     0xd0c  sample_guix_washing_machine_resources.o [9]
  .text              ro code  0x8002'f1f8     0xcda  gx_display_driver_16bpp_pixelmap_rotate.o [16]
  .rodata            const    0x8002'fed2       0x2  sample_guix_washing_machine_resources.o [9]
  .text              ro code  0x8002'fed4     0xc7e  gx_display_driver_16bpp_pixelmap_draw.o [16]
  .text              ro code  0x8003'0b52      0x70  gx_display_driver_565rgb_pixel_blend.o [16]
  .text              ro code  0x8003'0bc2      0x14  gx_display_driver_16bpp_pixel_write.o [16]
  .rodata            const    0x8003'0bd6       0x2  sample_guix_washing_machine_resources.o [9]
  .text              ro code  0x8003'0bd8     0x448  gx_display_driver_16bpp_pixelmap_blend.o [16]
  .text              ro code  0x8003'1020     0x8f4  fsl_str.o [12]
  .text              ro code  0x8003'1914     0x274  I64DivMod.o [19]
  .text              ro code  0x8003'1b88      0x9e  modf.o [18]
  .rodata            const    0x8003'1c26       0x2  sample_guix_washing_machine_resources.o [9]
  .text              ro code  0x8003'1c28     0x514  pow64.o [18]
  .text              ro code  0x8003'213c      0x66  DblToS64.o [18]
  .rodata            const    0x8003'21a2       0x2  sample_guix_washing_machine_resources.o [9]
  .text              ro code  0x8003'21a4      0x54  S64ToDbl.o [18]
  .text              ro code  0x8003'21f8      0x36  strlen.o [19]
  .text              ro code  0x8003'222e       0x2  startup_MIMXRT1052.o [10]
  .text              ro code  0x8003'2230       0x2  I64DivZer.o [19]
  .text              ro code  0x8003'2232       0x2  startup_MIMXRT1052.o [10]
  .text              ro code  0x8003'2234      0x24  errno.o [15]
  .text              ro code  0x8003'2258      0x7c  frexp.o [18]
  .text              ro code  0x8003'22d4     0x2c0  iar_Exp64.o [18]
  .text              ro code  0x8003'2594       0x4  tp_nothreads.o [15]
  .text              ro code  0x8003'2598      0xf0  ldexp.o [18]
  .text              ro code  0x8003'2688     0x85c  clock_config.o [3]
  .text              ro code  0x8003'2ee4      0x18  fsl_assert.o [12]
  .text              ro code  0x8003'2efc     0x4f4  fsl_clock.o [8]
  .text              ro code  0x8003'33f0     0x16c  fsl_debug_console.o [12]
  .text              ro code  0x8003'355c      0xe6  fsl_component_serial_manager.o [5]
  .text              ro code  0x8003'3642      0x26  fsl_component_serial_port_uart.o [5]
  .text              ro code  0x8003'3668     0x19c  fsl_adapter_lpuart.o [6]
  .text              ro code  0x8003'3804     0x460  fsl_lpuart.o [8]
  .text              ro code  0x8003'3c64     0x6f4  gx_display_driver_565rgb_horizontal_pixelmap_line_draw.o [16]
  .text              ro code  0x8003'4358     0x694  gx_display_driver_imxrt10xx_565rgb.o [9]
  .text              ro code  0x8003'49ec     0x1ae  fsl_elcdif.o [8]
  .text              ro code  0x8003'4b9a       0x2  startup_MIMXRT1052.o [10]
  .text              ro code  0x8003'4b9c     0x1b8  fsl_gpio.o [8]
  .text              ro code  0x8003'4d54     0x36a  fsl_pxp.o [8]
  .text              ro code  0x8003'50be      0x60  gx_display_driver_16bpp_horizontal_line_draw.o [16]
  .text              ro code  0x8003'511e       0x2  startup_MIMXRT1052.o [10]
  .text              ro code  0x8003'5120     0x188  gx_display_driver_565rgb_setup.o [16]
  .text              ro code  0x8003'52a8     0x690  pin_mux.o [3]
  .rodata            const    0x8003'5938     0x5a0  sample_guix_washing_machine_resources.o [9]
  .text              ro code  0x8003'5ed8     0x4d2  gx_display_driver_16bpp_simple_line_draw.o [16]
  .text              ro code  0x8003'63aa       0x2  startup_MIMXRT1052.o [10]
  .rodata            const    0x8003'63ac     0x498  sample_guix_washing_machine_resources.o [9]
  .text              ro code  0x8003'6844     0x48c  sample_guix_washing_machine_specifications.o [9]
  .text              ro code  0x8003'6cd0      0x12  strcmp.o [19]
  .text              ro code  0x8003'6ce2       0x2  startup_MIMXRT1052.o [10]
  .rodata            const    0x8003'6ce4     0x474  sample_guix_washing_machine_resources.o [9]
  .rodata            const    0x8003'7158     0x474  sample_guix_washing_machine_resources.o [9]
  .rodata            const    0x8003'75cc     0x474  sample_guix_washing_machine_resources.o [9]
  .rodata            const    0x8003'7a40     0x474  sample_guix_washing_machine_resources.o [9]
  .rodata            const    0x8003'7eb4     0x474  sample_guix_washing_machine_resources.o [9]
  .rodata            const    0x8003'8328     0x474  gx_system_font_8bpp.o [16]
  .rodata            const    0x8003'879c     0x470  sample_guix_washing_machine_resources.o [9]
  .text              ro code  0x8003'8c0c     0x436  guix_washing_machine.o [9]
  .text              ro code  0x8003'9042       0x2  startup_MIMXRT1052.o [10]
  .text              ro code  0x8003'9044      0x18  txe_semaphore_put.o [17]
  .text              ro code  0x8003'905c     0x3a4  board.o [3]
  .text              ro code  0x8003'9400     0x108  gx_touch_driver_imxrt10xx_capacitive.o [9]
  .text              ro code  0x8003'9508      0x44  tx_initialize_kernel_enter.o [17]
  .text              ro code  0x8003'954c      0x80  txe_byte_allocate.o [17]
  .text              ro code  0x8003'95cc      0x4c  txe_byte_release.o [17]
  .text              ro code  0x8003'9618      0xc0  txe_byte_pool_create.o [17]
  .text              ro code  0x8003'96d8     0x2f6  washer_on.o [9]
  .text              ro code  0x8003'99d0     0x2e0  garments.o [9]
  .text              ro code  0x8003'9cb0     0x2dc  water_level.o [9]
  .text              ro code  0x8003'9f8c     0x294  temperature.o [9]
  .text              ro code  0x8003'a220      0x68  tx_semaphore_put.o [17]
  .text              ro code  0x8003'a288      0xa0  txe_semaphore_create.o [17]
  .text              ro code  0x8003'a328     0x144  txe_thread_create.o [17]
  .text              ro code  0x8003'a46c      0x48  txe_semaphore_get.o [17]
  .text              ro code  0x8003'a4b4      0xec  tx_initialize_low_level.o [1]
  .text              ro code  0x8003'a5a0      0x2c  tx_initialize_high_level.o [17]
  .text              ro code  0x8003'a5cc      0xc0  tx_thread_schedule.o [2]
  .text              ro code  0x8003'a68c      0xc4  tx_byte_allocate.o [17]
  .text              ro code  0x8003'a750     0x104  tx_byte_release.o [17]
  .text              ro code  0x8003'a854      0x80  tx_byte_pool_create.o [17]
  .text              ro code  0x8003'a8d4      0x50  tx_semaphore_create.o [17]
  .text              ro code  0x8003'a924      0x90  tx_semaphore_get.o [17]
  .text              ro code  0x8003'a9b4      0xb8  tx_timer_interrupt.o [2]
  .text              ro code  0x8003'aa6c      0x40  tx_thread_initialize.o [17]
  .text              ro code  0x8003'aaac      0xa0  tx_timer_initialize.o [17]
  .text              ro code  0x8003'ab4c      0xf8  tx_byte_pool_search.o [17]
  .text              ro code  0x8003'ac44      0x20  tx_timer_expiration_process.o [17]
  .text              ro code  0x8003'ac64      0x64  tx_thread_time_slice.o [17]
  .rodata            const    0x8003'acc8     0x420  pow64.o [18]
  .rodata            const    0x8003'b0e8     0x364  sample_guix_washing_machine_resources.o [9]
  .rodata            const    0x8003'b44c     0x35c  sample_guix_washing_machine_resources.o [9]
  .rodata            const    0x8003'b7a8     0x34c  sample_guix_washing_machine_resources.o [9]
  .text              ro code  0x8003'baf4     0x316  gx_display_driver_565rgb_glyph_1bit_draw.o [16]
  .rodata            const    0x8003'be0c     0x2d0  sample_guix_washing_machine_resources.o [9]
  .rodata            const    0x8003'c0dc     0x290  sample_guix_washing_machine_resources.o [9]
  .rodata            const    0x8003'c36c     0x284  sample_guix_washing_machine_resources.o [9]
  .rodata            const    0x8003'c5f0     0x284  sample_guix_washing_machine_resources.o [9]
  .rodata            const    0x8003'c874     0x280  sample_guix_washing_machine_resources.o [9]
  .rodata            const    0x8003'caf4     0x278  sample_guix_washing_machine_resources.o [9]
  .rodata            const    0x8003'cd6c     0x268  sample_guix_washing_machine_resources.o [9]
  .rodata            const    0x8003'cfd4     0x268  sample_guix_washing_machine_resources.o [9]
  .rodata            const    0x8003'd23c     0x260  sample_guix_washing_machine_resources.o [9]
  .rodata            const    0x8003'd49c     0x238  sample_guix_washing_machine_resources.o [9]
  .rodata            const    0x8003'd6d4     0x210  sample_guix_washing_machine_resources.o [9]
  .text              ro code  0x8003'd8e4     0x1f8  lz77_init.o [19]
  .text              ro code  0x8003'dadc       0x6  abort.o [15]
  .text              ro code  0x8003'dae4      0x14  exit.o [20]
  .rodata            const    0x8003'daf8     0x1f0  gx_source.o [16]
  .rodata            const    0x8003'dce8     0x1ec  sample_guix_washing_machine_resources.o [9]
  .rodata            const    0x8003'ded4     0x1e4  sample_guix_washing_machine_resources.o [9]
  .rodata            const    0x8003'e0b8     0x1e0  sample_guix_washing_machine_resources.o [9]
  .rodata            const    0x8003'e298     0x1bc  sample_guix_washing_machine_resources.o [9]
  .rodata            const    0x8003'e454     0x1bc  sample_guix_washing_machine_resources.o [9]
  .rodata            const    0x8003'e610     0x1b4  sample_guix_washing_machine_resources.o [9]
  .rodata            const    0x8003'e7c4     0x1a8  sample_guix_washing_machine_resources.o [9]
  .text              ro code  0x8003'e96c     0x18c  gx_display_driver_565rgb_jpeg_draw.o [16]
  .rodata            const    0x8003'eaf8     0x168  sample_guix_washing_machine_resources.o [9]
  .rodata            const    0x8003'ec60     0x168  sample_guix_washing_machine_resources.o [9]
  .rodata            const    0x8003'edc8     0x168  gx_source.o [16]
  .rodata            const    0x8003'ef30     0x158  sample_guix_washing_machine_resources.o [9]
  .rodata            const    0x8003'f088     0x14c  sample_guix_washing_machine_resources.o [9]
  .rodata            const    0x8003'f1d4     0x13c  sample_guix_washing_machine_resources.o [9]
  .text              ro code  0x8003'f310     0x128  gx_display_driver_16bpp_block_move.o [16]
  .text              ro code  0x8003'f438     0x122  gx_display_driver_565rgb_canvas_blend.o [16]
  .rodata            const    0x8003'f55c     0x120  sample_guix_washing_machine_resources.o [9]
  .rodata            const    0x8003'f67c     0x110  sample_guix_washing_machine_resources.o [9]
  .rodata            const    0x8003'f78c     0x110  sample_guix_washing_machine_resources.o [9]
  .rodata            const    0x8003'f89c     0x108  sample_guix_washing_machine_resources.o [9]
  .rodata            const    0x8003'f9a4     0x108  sample_guix_washing_machine_resources.o [9]
  .text              ro code  0x8003'faac     0x104  tx_timer_thread_entry.o [17]
  .rodata            const    0x8003'fbb0     0x100  gx_source.o [16]
  .rodata            const    0x8003'fcb0     0x100  gx_source.o [16]
  .text              ro code  0x8003'fdb0      0xec  system_MIMXRT1052.o [7]
  .text              ro code  0x8003'fe9c       0x2  system_MIMXRT1052.o [7]
  .rodata            const    0x8003'fea0      0xe4  sample_guix_washing_machine_resources.o [9]
  .rodata            const    0x8003'ff84      0xe4  sample_guix_washing_machine_resources.o [9]
  .rodata            const    0x8004'0068      0xe4  sample_guix_washing_machine_resources.o [9]
  .rodata            const    0x8004'014c      0xe4  sample_guix_washing_machine_resources.o [9]
  .rodata            const    0x8004'0230      0xe4  sample_guix_washing_machine_resources.o [9]
  .rodata            const    0x8004'0314      0xe4  sample_guix_washing_machine_resources.o [9]
  .rodata            const    0x8004'03f8      0xe4  gx_system_font_8bpp.o [16]
  .rodata            const    0x8004'04dc      0xe0  sample_guix_washing_machine_resources.o [9]
  .rodata            const    0x8004'05bc      0xe0  sample_guix_washing_machine_resources.o [9]
  .rodata            const    0x8004'069c      0xdc  sample_guix_washing_machine_resources.o [9]
  .rodata            const    0x8004'0778      0xd4  sample_guix_washing_machine_resources.o [9]
  .rodata            const    0x8004'084c      0xd4  sample_guix_washing_machine_resources.o [9]
  .rodata            const    0x8004'0920      0xd4  sample_guix_washing_machine_resources.o [9]
  .rodata            const    0x8004'09f4      0xd4  sample_guix_washing_machine_resources.o [9]
  .rodata            const    0x8004'0ac8      0xd4  sample_guix_washing_machine_resources.o [9]
  .rodata            const    0x8004'0b9c      0xd4  sample_guix_washing_machine_resources.o [9]
  .rodata            const    0x8004'0c70      0xc8  sample_guix_washing_machine_resources.o [9]
  .rodata            const    0x8004'0d38      0xc4  sample_guix_washing_machine_resources.o [9]
  .rodata            const    0x8004'0dfc      0xc4  sample_guix_washing_machine_resources.o [9]
  .rodata            const    0x8004'0ec0      0xc4  sample_guix_washing_machine_resources.o [9]
  .rodata            const    0x8004'0f84      0xc4  sample_guix_washing_machine_resources.o [9]
  .rodata            const    0x8004'1048      0xc4  sample_guix_washing_machine_resources.o [9]
  .rodata            const    0x8004'110c      0xc4  sample_guix_washing_machine_resources.o [9]
  .rodata            const    0x8004'11d0      0xc4  sample_guix_washing_machine_resources.o [9]
  .rodata            const    0x8004'1294      0xc0  sample_guix_washing_machine_resources.o [9]
  .rodata            const    0x8004'1354      0xc0  sample_guix_washing_machine_resources.o [9]
  .rodata            const    0x8004'1414      0xbc  sample_guix_washing_machine_resources.o [9]
  .text              ro code  0x8004'14d0      0xbc  tx_mutex_cleanup.o [17]
  .rodata            const    0x8004'158c      0xb4  sample_guix_washing_machine_resources.o [9]
  .rodata            const    0x8004'1640      0xb4  sample_guix_washing_machine_resources.o [9]
  .rodata            const    0x8004'16f4      0xb4  sample_guix_washing_machine_resources.o [9]
  .rodata            const    0x8004'17a8      0xb4  sample_guix_washing_machine_resources.o [9]
  .rodata            const    0x8004'185c      0xb4  sample_guix_washing_machine_resources.o [9]
  .rodata            const    0x8004'1910      0xb4  sample_guix_washing_machine_resources.o [9]
  .rodata            const    0x8004'19c4      0xb4  sample_guix_washing_machine_resources.o [9]
  .rodata            const    0x8004'1a78      0xb4  sample_guix_washing_machine_resources.o [9]
  .rodata            const    0x8004'1b2c      0xb4  sample_guix_washing_machine_resources.o [9]
  .rodata            const    0x8004'1be0      0xb4  sample_guix_washing_machine_resources.o [9]
  .rodata            const    0x8004'1c94      0xb4  sample_guix_washing_machine_resources.o [9]
  .rodata            const    0x8004'1d48      0xb4  sample_guix_washing_machine_resources.o [9]
  .rodata            const    0x8004'1dfc      0xb4  sample_guix_washing_machine_resources.o [9]
  .rodata            const    0x8004'1eb0      0xb4  sample_guix_washing_machine_resources.o [9]
  .rodata            const    0x8004'1f64      0xb4  sample_guix_washing_machine_resources.o [9]
  .rodata            const    0x8004'2018      0xb4  sample_guix_washing_machine_resources.o [9]
  .rodata            const    0x8004'20cc      0xb4  sample_guix_washing_machine_resources.o [9]
  .rodata            const    0x8004'2180      0xb4  gx_system_font_8bpp.o [16]
  .rodata            const    0x8004'2234      0xb0  sample_guix_washing_machine_resources.o [9]
  .rodata            const    0x8004'22e4      0xb0  sample_guix_washing_machine_resources.o [9]
  .rodata            const    0x8004'2394      0xac  sample_guix_washing_machine_resources.o [9]
  .rodata            const    0x8004'2440      0xac  sample_guix_washing_machine_resources.o [9]
  .text              ro code  0x8004'24ec      0xaa  gx_display_driver_16bpp_canvas_copy.o [16]
  .rodata            const    0x8004'2598      0xa8  sample_guix_washing_machine_resources.o [9]
  .rodata            const    0x8004'2640      0xa8  sample_guix_washing_machine_resources.o [9]
  .rodata            const    0x8004'26e8      0xa8  sample_guix_washing_machine_resources.o [9]
  .rodata            const    0x8004'2790      0xa8  sample_guix_washing_machine_resources.o [9]
  .rodata            const    0x8004'2838      0xa8  sample_guix_washing_machine_resources.o [9]
  .rodata            const    0x8004'28e0      0xa8  sample_guix_washing_machine_resources.o [9]
  .rodata            const    0x8004'2988      0xa8  sample_guix_washing_machine_resources.o [9]
  .rodata            const    0x8004'2a30      0xa8  sample_guix_washing_machine_resources.o [9]
  .rodata            const    0x8004'2ad8      0xa8  sample_guix_washing_machine_resources.o [9]
  .rodata            const    0x8004'2b80      0xa8  sample_guix_washing_machine_resources.o [9]
  .rodata            const    0x8004'2c28      0xa8  sample_guix_washing_machine_resources.o [9]
  .rodata            const    0x8004'2cd0      0xa8  sample_guix_washing_machine_resources.o [9]
  .rodata            const    0x8004'2d78      0xa8  sample_guix_washing_machine_resources.o [9]
  .rodata            const    0x8004'2e20      0xa8  sample_guix_washing_machine_resources.o [9]
  .rodata            const    0x8004'2ec8      0xa8  gx_system_font_8bpp.o [16]
  .rodata            const    0x8004'2f70      0xa8  gx_system_font_8bpp.o [16]
  .rodata            const    0x8004'3018      0xa0  fsl_adapter_lpuart.o [6]
  .rodata            const    0x8004'30b8      0x9c  sample_guix_washing_machine_resources.o [9]
  .rodata            const    0x8004'3154      0x9c  sample_guix_washing_machine_resources.o [9]
  .rodata            const    0x8004'31f0      0x98  sample_guix_washing_machine_resources.o [9]
  .rodata            const    0x8004'3288      0x98  sample_guix_washing_machine_resources.o [9]
  .rodata            const    0x8004'3320      0x98  sample_guix_washing_machine_resources.o [9]
  .rodata            const    0x8004'33b8      0x98  sample_guix_washing_machine_resources.o [9]
  .rodata            const    0x8004'3450      0x98  sample_guix_washing_machine_resources.o [9]
  .rodata            const    0x8004'34e8      0x98  sample_guix_washing_machine_resources.o [9]
  .rodata            const    0x8004'3580      0x90  clock_config.o [3]
  .rodata            const    0x8004'3610      0x90  fsl_clock.o [8]
  .rodata            const    0x8004'36a0      0x90  fsl_elcdif.o [8]
  .rodata            const    0x8004'3730      0x90  fsl_elcdif.o [8]
  .rodata            const    0x8004'37c0      0x90  fsl_gpio.o [8]
  .rodata            const    0x8004'3850      0x90  fsl_gpio.o [8]
  .rodata            const    0x8004'38e0      0x90  fsl_lpuart.o [8]
  .rodata            const    0x8004'3970      0x90  fsl_lpuart.o [8]
  .rodata            const    0x8004'3a00      0x90  fsl_pxp.o [8]
  .rodata            const    0x8004'3a90      0x90  fsl_pxp.o [8]
  .rodata            const    0x8004'3b20      0x90  gx_display_driver_imxrt10xx_565rgb.o [9]
  .rodata            const    0x8004'3bb0      0x90  pin_mux.o [3]
  .rodata            const    0x8004'3c40      0x90  sample_guix_washing_machine_resources.o [9]
  .rodata            const    0x8004'3cd0      0x90  sample_guix_washing_machine_resources.o [9]
  .rodata            const    0x8004'3d60      0x90  gx_system_font_8bpp.o [16]
  .rodata            const    0x8004'3df0      0x8c  board.o [3]
  .rodata            const    0x8004'3e7c      0x8c  sample_guix_washing_machine_resources.o [9]
  .rodata            const    0x8004'3f08      0x8c  sample_guix_washing_machine_resources.o [9]
  .rodata            const    0x8004'3f94      0x88  sample_guix_washing_machine_resources.o [9]
  .rodata            const    0x8004'401c      0x88  sample_guix_washing_machine_resources.o [9]
  .rodata            const    0x8004'40a4      0x88  sample_guix_washing_machine_resources.o [9]
  .rodata            const    0x8004'412c      0x88  sample_guix_washing_machine_resources.o [9]
  .rodata            const    0x8004'41b4      0x88  sample_guix_washing_machine_resources.o [9]
  .rodata            const    0x8004'423c      0x84  sample_guix_washing_machine_resources.o [9]
  .rodata            const    0x8004'42c0      0x84  sample_guix_washing_machine_resources.o [9]
  .rodata            const    0x8004'4344      0x84  sample_guix_washing_machine_resources.o [9]
  .rodata            const    0x8004'43c8      0x84  sample_guix_washing_machine_resources.o [9]
  .rodata            const    0x8004'444c      0x84  sample_guix_washing_machine_resources.o [9]
  .rodata            const    0x8004'44d0      0x84  sample_guix_washing_machine_resources.o [9]
  .rodata            const    0x8004'4554      0x84  gx_system_font_8bpp.o [16]
  .rodata            const    0x8004'45d8      0x84  gx_system_font_8bpp.o [16]
  .text              ro code  0x8004'465c      0x84  tx_queue_cleanup.o [17]
  .rodata            const    0x8004'46e0      0x80  sample_guix_washing_machine_resources.o [9]
  .rodata            const    0x8004'4760      0x7c  sample_guix_washing_machine_resources.o [9]
  .rodata            const    0x8004'47dc      0x7c  sample_guix_washing_machine_resources.o [9]
  .rodata            const    0x8004'4858      0x7c  sample_guix_washing_machine_resources.o [9]
  .rodata            const    0x8004'48d4      0x7c  sample_guix_washing_machine_resources.o [9]
  .rodata            const    0x8004'4950      0x7c  sample_guix_washing_machine_resources.o [9]
  .text              ro code  0x8004'49cc      0x7c  fsl_lpi2c.o [8]
  .text              ro code  0x8004'4a48      0x7c  tx_byte_pool_cleanup.o [17]
  .text              ro code  0x8004'4ac4      0x7c  tx_semaphore_cleanup.o [17]
  .text              ro code  0x8004'4b40      0x7c  tx_thread_shell_entry.o [17]
  .rodata            const    0x8004'4bbc      0x78  sample_guix_washing_machine_resources.o [9]
  .rodata            const    0x8004'4c34      0x78  sample_guix_washing_machine_resources.o [9]
  .rodata            const    0x8004'4cac      0x78  sample_guix_washing_machine_resources.o [9]
  .rodata            const    0x8004'4d24      0x78  sample_guix_washing_machine_resources.o [9]
  .rodata            const    0x8004'4d9c      0x78  sample_guix_washing_machine_resources.o [9]
  .rodata            const    0x8004'4e14      0x78  sample_guix_washing_machine_resources.o [9]
  .rodata            const    0x8004'4e8c      0x78  gx_system_font_8bpp.o [16]
  .rodata            const    0x8004'4f04      0x78  gx_system_font_8bpp.o [16]
  .rodata            const    0x8004'4f7c      0x78  gx_system_font_8bpp.o [16]
  .rodata            const    0x8004'4ff4      0x78  gx_system_font_8bpp.o [16]
  .rodata            const    0x8004'506c      0x78  gx_system_font_8bpp.o [16]
  .rodata            const    0x8004'50e4      0x78  gx_system_font_8bpp.o [16]
  .rodata            const    0x8004'515c      0x78  gx_system_font_8bpp.o [16]
  .rodata            const    0x8004'51d4      0x78  gx_system_font_8bpp.o [16]
  .rodata            const    0x8004'524c      0x78  gx_system_font_8bpp.o [16]
  .rodata            const    0x8004'52c4      0x78  gx_system_font_8bpp.o [16]
  .rodata            const    0x8004'533c      0x78  gx_system_font_8bpp.o [16]
  .rodata            const    0x8004'53b4      0x78  gx_system_font_8bpp.o [16]
  .rodata            const    0x8004'542c      0x78  gx_system_font_8bpp.o [16]
  .rodata            const    0x8004'54a4      0x78  gx_system_font_8bpp.o [16]
  .rodata            const    0x8004'551c      0x78  gx_system_font_8bpp.o [16]
  .rodata            const    0x8004'5594      0x78  gx_system_font_8bpp.o [16]
  .rodata            const    0x8004'560c      0x78  gx_system_font_8bpp.o [16]
  .rodata            const    0x8004'5684      0x78  gx_system_font_8bpp.o [16]
  .rodata            const    0x8004'56fc      0x78  gx_system_font_8bpp.o [16]
  .rodata            const    0x8004'5774      0x78  gx_system_font_8bpp.o [16]
  .rodata            const    0x8004'57ec      0x74  sample_guix_washing_machine_resources.o [9]
  .rodata            const    0x8004'5860      0x74  sample_guix_washing_machine_resources.o [9]
  .rodata            const    0x8004'58d4      0x74  sample_guix_washing_machine_resources.o [9]
  .rodata            const    0x8004'5948      0x70  sample_guix_washing_machine_resources.o [9]
  .rodata            const    0x8004'59b8      0x70  sample_guix_washing_machine_resources.o [9]
  .rodata            const    0x8004'5a28      0x70  sample_guix_washing_machine_resources.o [9]
  .rodata            const    0x8004'5a98      0x70  sample_guix_washing_machine_resources.o [9]
  .rodata            const    0x8004'5b08      0x70  sample_guix_washing_machine_resources.o [9]
  .rodata            const    0x8004'5b78      0x70  sample_guix_washing_machine_resources.o [9]
  .rodata            const    0x8004'5be8      0x70  sample_guix_washing_machine_resources.o [9]
  .rodata            const    0x8004'5c58      0x70  sample_guix_washing_machine_resources.o [9]
  .rodata            const    0x8004'5cc8      0x70  sample_guix_washing_machine_resources.o [9]
  .rodata            const    0x8004'5d38      0x70  sample_guix_washing_machine_resources.o [9]
  .rodata            const    0x8004'5da8      0x70  sample_guix_washing_machine_resources.o [9]
  .rodata            const    0x8004'5e18      0x70  sample_guix_washing_machine_resources.o [9]
  .rodata            const    0x8004'5e88      0x70  sample_guix_washing_machine_resources.o [9]
  .rodata            const    0x8004'5ef8      0x70  gx_system_font_8bpp.o [16]
  .rodata            const    0x8004'5f68      0x70  gx_system_font_8bpp.o [16]
  .rodata            const    0x8004'5fd8      0x6c  sample_guix_washing_machine_resources.o [9]
  .rodata            const    0x8004'6044      0x6c  gx_system_font_8bpp.o [16]
  .rodata            const    0x8004'60b0      0x6c  gx_system_font_8bpp.o [16]
  .rodata            const    0x8004'611c      0x6c  gx_system_font_8bpp.o [16]
  .rodata            const    0x8004'6188      0x6c  gx_system_font_8bpp.o [16]
  .rodata            const    0x8004'61f4      0x6c  gx_system_font_8bpp.o [16]
  .rodata            const    0x8004'6260      0x6c  gx_system_font_8bpp.o [16]
  .rodata            const    0x8004'62cc      0x68  sample_guix_washing_machine_resources.o [9]
  .rodata            const    0x8004'6334      0x68  sample_guix_washing_machine_resources.o [9]
  .rodata            const    0x8004'639c      0x68  sample_guix_washing_machine_resources.o [9]
  .rodata            const    0x8004'6404      0x68  sample_guix_washing_machine_resources.o [9]
  .rodata            const    0x8004'646c      0x68  sample_guix_washing_machine_resources.o [9]
  .rodata            const    0x8004'64d4      0x68  gx_system_font_8bpp.o [16]
  .rodata            const    0x8004'653c      0x68  gx_system_font_8bpp.o [16]
  .rodata            const    0x8004'65a4      0x64  sample_guix_washing_machine_resources.o [9]
  .rodata            const    0x8004'6608      0x64  sample_guix_washing_machine_resources.o [9]
  .rodata            const    0x8004'666c      0x64  sample_guix_washing_machine_resources.o [9]
  .rodata            const    0x8004'66d0      0x64  sample_guix_washing_machine_resources.o [9]
  .rodata            const    0x8004'6734      0x64  sample_guix_washing_machine_resources.o [9]
  .rodata            const    0x8004'6798      0x64  sample_guix_washing_machine_resources.o [9]
  .rodata            const    0x8004'67fc      0x64  sample_guix_washing_machine_resources.o [9]
  .rodata            const    0x8004'6860      0x64  sample_guix_washing_machine_resources.o [9]
  .rodata            const    0x8004'68c4      0x64  sample_guix_washing_machine_resources.o [9]
  .rodata            const    0x8004'6928      0x64  sample_guix_washing_machine_resources.o [9]
  .rodata            const    0x8004'698c      0x64  sample_guix_washing_machine_resources.o [9]
  .rodata            const    0x8004'69f0      0x64  sample_guix_washing_machine_resources.o [9]
  .rodata            const    0x8004'6a54      0x64  sample_guix_washing_machine_resources.o [9]
  .rodata            const    0x8004'6ab8      0x64  sample_guix_washing_machine_resources.o [9]
  .rodata            const    0x8004'6b1c      0x64  sample_guix_washing_machine_resources.o [9]
  .rodata            const    0x8004'6b80      0x64  sample_guix_washing_machine_resources.o [9]
  .rodata            const    0x8004'6be4      0x64  sample_guix_washing_machine_resources.o [9]
  .rodata            const    0x8004'6c48      0x64  sample_guix_washing_machine_resources.o [9]
  .rodata            const    0x8004'6cac      0x64  sample_guix_washing_machine_resources.o [9]
  .rodata            const    0x8004'6d10      0x64  sample_guix_washing_machine_resources.o [9]
  .rodata            const    0x8004'6d74      0x64  sample_guix_washing_machine_resources.o [9]
  .rodata            const    0x8004'6dd8      0x64  sample_guix_washing_machine_resources.o [9]
  .rodata            const    0x8004'6e3c      0x64  sample_guix_washing_machine_resources.o [9]
  .rodata            const    0x8004'6ea0      0x64  sample_guix_washing_machine_resources.o [9]
  .rodata            const    0x8004'6f04      0x64  sample_guix_washing_machine_resources.o [9]
  .rodata            const    0x8004'6f68      0x64  sample_guix_washing_machine_resources.o [9]
  .rodata            const    0x8004'6fcc      0x64  sample_guix_washing_machine_resources.o [9]
  .rodata            const    0x8004'7030      0x64  sample_guix_washing_machine_resources.o [9]
  .rodata            const    0x8004'7094      0x64  sample_guix_washing_machine_resources.o [9]
  .rodata            const    0x8004'70f8      0x64  gx_system_font_8bpp.o [16]
  .rodata            const    0x8004'715c      0x64  gx_system_font_8bpp.o [16]
  .rodata            const    0x8004'71c0      0x64  gx_system_font_8bpp.o [16]
  .rodata            const    0x8004'7224      0x64  gx_system_font_8bpp.o [16]
  .rodata            const    0x8004'7288      0x64  gx_system_font_8bpp.o [16]
  .rodata            const    0x8004'72ec      0x64  gx_system_font_8bpp.o [16]
  .rodata            const    0x8004'7350      0x64  gx_system_font_8bpp.o [16]
  .rodata            const    0x8004'73b4      0x64  gx_system_font_8bpp.o [16]
  .rodata            const    0x8004'7418      0x64  gx_system_font_8bpp.o [16]
  .rodata            const    0x8004'747c      0x64  gx_system_font_8bpp.o [16]
  .rodata            const    0x8004'74e0      0x60  sample_guix_washing_machine_resources.o [9]
  .rodata            const    0x8004'7540      0x60  sample_guix_washing_machine_resources.o [9]
  .rodata            const    0x8004'75a0      0x60  gx_system_font_8bpp.o [16]
  .rodata            const    0x8004'7600      0x60  gx_system_font_8bpp.o [16]
  .rodata            const    0x8004'7660      0x60  gx_system_font_8bpp.o [16]
  .rodata            const    0x8004'76c0      0x60  gx_system_font_8bpp.o [16]
  .text              ro code  0x8004'7720      0x60  gx_display_driver_16bpp_vertical_line_draw.o [16]
  .rodata            const    0x8004'7780      0x5c  fsl_elcdif.o [8]
  .rodata            const    0x8004'77dc      0x5c  sample_guix_washing_machine_resources.o [9]
  .rodata            const    0x8004'7838      0x5c  sample_guix_washing_machine_resources.o [9]
  .rodata            const    0x8004'7894      0x5c  sample_guix_washing_machine_resources.o [9]
  .rodata            const    0x8004'78f0      0x5c  sample_guix_washing_machine_resources.o [9]
  .rodata            const    0x8004'794c      0x5c  sample_guix_washing_machine_resources.o [9]
  .rodata            const    0x8004'79a8      0x5c  sample_guix_washing_machine_resources.o [9]
  .rodata            const    0x8004'7a04      0x5c  sample_guix_washing_machine_resources.o [9]
  .rodata            const    0x8004'7a60      0x5c  sample_guix_washing_machine_resources.o [9]
  .rodata            const    0x8004'7abc      0x5c  sample_guix_washing_machine_resources.o [9]
  .rodata            const    0x8004'7b18      0x5c  sample_guix_washing_machine_resources.o [9]
  .rodata            const    0x8004'7b74      0x5c  sample_guix_washing_machine_resources.o [9]
  .rodata            const    0x8004'7bd0      0x5c  sample_guix_washing_machine_resources.o [9]
  .rodata            const    0x8004'7c2c      0x5c  sample_guix_washing_machine_resources.o [9]
  .rodata            const    0x8004'7c88      0x5c  sample_guix_washing_machine_resources.o [9]
  .rodata            const    0x8004'7ce4      0x5c  sample_guix_washing_machine_resources.o [9]
  .rodata            const    0x8004'7d40      0x5c  sample_guix_washing_machine_resources.o [9]
  .rodata            const    0x8004'7d9c      0x5c  sample_guix_washing_machine_resources.o [9]
  .rodata            const    0x8004'7df8      0x5c  sample_guix_washing_machine_resources.o [9]
  .rodata            const    0x8004'7e54      0x5c  sample_guix_washing_machine_resources.o [9]
  .rodata            const    0x8004'7eb0      0x5c  sample_guix_washing_machine_resources.o [9]
  .rodata            const    0x8004'7f0c      0x5c  sample_guix_washing_machine_resources.o [9]
  .rodata            const    0x8004'7f68      0x5c  sample_guix_washing_machine_resources.o [9]
  .rodata            const    0x8004'7fc4      0x5c  sample_guix_washing_machine_resources.o [9]
  .rodata            const    0x8004'8020      0x5c  sample_guix_washing_machine_resources.o [9]
  .rodata            const    0x8004'807c      0x5c  sample_guix_washing_machine_resources.o [9]
  .rodata            const    0x8004'80d8      0x5c  sample_guix_washing_machine_resources.o [9]
  .rodata            const    0x8004'8134      0x5c  sample_guix_washing_machine_resources.o [9]
  .rodata            const    0x8004'8190      0x5c  sample_guix_washing_machine_resources.o [9]
  .rodata            const    0x8004'81ec      0x5c  sample_guix_washing_machine_resources.o [9]
  .rodata            const    0x8004'8248      0x5c  sample_guix_washing_machine_resources.o [9]
  .rodata            const    0x8004'82a4      0x58  sample_guix_washing_machine_resources.o [9]
  .rodata            const    0x8004'82fc      0x58  sample_guix_washing_machine_resources.o [9]
  .rodata            const    0x8004'8354      0x58  sample_guix_washing_machine_resources.o [9]
  .rodata            const    0x8004'83ac      0x58  sample_guix_washing_machine_resources.o [9]
  .rodata            const    0x8004'8404      0x58  sample_guix_washing_machine_resources.o [9]
  .rodata            const    0x8004'845c      0x58  sample_guix_washing_machine_resources.o [9]
  .rodata            const    0x8004'84b4      0x58  sample_guix_washing_machine_resources.o [9]
  .rodata            const    0x8004'850c      0x58  sample_guix_washing_machine_resources.o [9]
  .rodata            const    0x8004'8564      0x58  sample_guix_washing_machine_resources.o [9]
  .rodata            const    0x8004'85bc      0x58  sample_guix_washing_machine_resources.o [9]
  .rodata            const    0x8004'8614      0x58  sample_guix_washing_machine_resources.o [9]
  .rodata            const    0x8004'866c      0x58  gx_system_font_8bpp.o [16]
  .rodata            const    0x8004'86c4      0x54  sample_guix_washing_machine_resources.o [9]
  .rodata            const    0x8004'8718      0x54  sample_guix_washing_machine_resources.o [9]
  .rodata            const    0x8004'876c      0x54  sample_guix_washing_machine_resources.o [9]
  .rodata            const    0x8004'87c0      0x54  sample_guix_washing_machine_resources.o [9]
  .rodata            const    0x8004'8814      0x54  sample_guix_washing_machine_resources.o [9]
  .rodata            const    0x8004'8868      0x54  sample_guix_washing_machine_resources.o [9]
  .rodata            const    0x8004'88bc      0x54  sample_guix_washing_machine_resources.o [9]
  .rodata            const    0x8004'8910      0x54  sample_guix_washing_machine_resources.o [9]
  .rodata            const    0x8004'8964      0x54  gx_system_font_8bpp.o [16]
  .rodata            const    0x8004'89b8      0x54  gx_system_font_8bpp.o [16]
  .rodata            const    0x8004'8a0c      0x54  gx_system_font_8bpp.o [16]
  .rodata            const    0x8004'8a60      0x54  gx_system_font_8bpp.o [16]
  .rodata            const    0x8004'8ab4      0x54  gx_system_font_8bpp.o [16]
  .rodata            const    0x8004'8b08      0x50  sample_guix_washing_machine_resources.o [9]
  .rodata            const    0x8004'8b58      0x50  sample_guix_washing_machine_resources.o [9]
  .rodata            const    0x8004'8ba8      0x50  sample_guix_washing_machine_resources.o [9]
  .rodata            const    0x8004'8bf8      0x50  sample_guix_washing_machine_resources.o [9]
  .rodata            const    0x8004'8c48      0x50  sample_guix_washing_machine_resources.o [9]
  .rodata            const    0x8004'8c98      0x50  sample_guix_washing_machine_resources.o [9]
  .rodata            const    0x8004'8ce8      0x50  sample_guix_washing_machine_resources.o [9]
  .rodata            const    0x8004'8d38      0x50  sample_guix_washing_machine_resources.o [9]
  .rodata            const    0x8004'8d88      0x50  sample_guix_washing_machine_resources.o [9]
  .rodata            const    0x8004'8dd8      0x50  sample_guix_washing_machine_resources.o [9]
  .rodata            const    0x8004'8e28      0x50  sample_guix_washing_machine_resources.o [9]
  .rodata            const    0x8004'8e78      0x50  sample_guix_washing_machine_resources.o [9]
  .rodata            const    0x8004'8ec8      0x50  sample_guix_washing_machine_resources.o [9]
  .rodata            const    0x8004'8f18      0x50  sample_guix_washing_machine_resources.o [9]
  .rodata            const    0x8004'8f68      0x50  sample_guix_washing_machine_resources.o [9]
  .rodata            const    0x8004'8fb8      0x50  sample_guix_washing_machine_resources.o [9]
  .rodata            const    0x8004'9008      0x50  sample_guix_washing_machine_resources.o [9]
  .rodata            const    0x8004'9058      0x50  sample_guix_washing_machine_resources.o [9]
  .rodata            const    0x8004'90a8      0x50  sample_guix_washing_machine_resources.o [9]
  .rodata            const    0x8004'90f8      0x50  sample_guix_washing_machine_resources.o [9]
  .rodata            const    0x8004'9148      0x50  sample_guix_washing_machine_resources.o [9]
  .rodata            const    0x8004'9198      0x50  sample_guix_washing_machine_resources.o [9]
  .rodata            const    0x8004'91e8      0x50  sample_guix_washing_machine_resources.o [9]
  .rodata            const    0x8004'9238      0x50  sample_guix_washing_machine_resources.o [9]
  .rodata            const    0x8004'9288      0x50  sample_guix_washing_machine_resources.o [9]
  .rodata            const    0x8004'92d8      0x50  sample_guix_washing_machine_resources.o [9]
  .rodata            const    0x8004'9328      0x50  sample_guix_washing_machine_resources.o [9]
  .rodata            const    0x8004'9378      0x50  sample_guix_washing_machine_resources.o [9]
  .rodata            const    0x8004'93c8      0x50  sample_guix_washing_machine_resources.o [9]
  .rodata            const    0x8004'9418      0x50  sample_guix_washing_machine_resources.o [9]
  .rodata            const    0x8004'9468      0x50  gx_system_font_8bpp.o [16]
  .rodata            const    0x8004'94b8      0x50  gx_system_font_8bpp.o [16]
  .rodata            const    0x8004'9508      0x50  gx_system_font_8bpp.o [16]
  .rodata            const    0x8004'9558      0x50  gx_system_font_8bpp.o [16]
  .rodata            const    0x8004'95a8      0x4c  fsl_adapter_lpuart.o [6]
  .rodata            const    0x8004'95f4      0x4c  gx_source.o [16]
  .text              ro code  0x8004'9640      0x4c  gx_display_driver_16bpp_vertical_pattern_line_draw.o [16]
  .text              ro code  0x8004'968c      0x4c  gx_display_driver_565rgb_png_draw.o [16]
  .rodata            const    0x8004'96d8      0x48  sample_guix_washing_machine_resources.o [9]
  .rodata            const    0x8004'9720      0x48  sample_guix_washing_machine_resources.o [9]
  .rodata            const    0x8004'9768      0x48  sample_guix_washing_machine_resources.o [9]
  .rodata            const    0x8004'97b0      0x48  sample_guix_washing_machine_resources.o [9]
  .rodata            const    0x8004'97f8      0x48  sample_guix_washing_machine_resources.o [9]
  .rodata            const    0x8004'9840      0x48  sample_guix_washing_machine_resources.o [9]
  .rodata            const    0x8004'9888      0x48  sample_guix_washing_machine_resources.o [9]
  .rodata            const    0x8004'98d0      0x48  sample_guix_washing_machine_resources.o [9]
  .rodata            const    0x8004'9918      0x48  sample_guix_washing_machine_resources.o [9]
  .rodata            const    0x8004'9960      0x48  sample_guix_washing_machine_resources.o [9]
  .rodata            const    0x8004'99a8      0x48  sample_guix_washing_machine_resources.o [9]
  .rodata            const    0x8004'99f0      0x48  sample_guix_washing_machine_resources.o [9]
  .rodata            const    0x8004'9a38      0x48  sample_guix_washing_machine_resources.o [9]
  .rodata            const    0x8004'9a80      0x48  sample_guix_washing_machine_resources.o [9]
  .rodata            const    0x8004'9ac8      0x48  sample_guix_washing_machine_resources.o [9]
  .rodata            const    0x8004'9b10      0x48  sample_guix_washing_machine_resources.o [9]
  .rodata            const    0x8004'9b58      0x48  sample_guix_washing_machine_resources.o [9]
  .rodata            const    0x8004'9ba0      0x48  sample_guix_washing_machine_resources.o [9]
  .rodata            const    0x8004'9be8      0x48  sample_guix_washing_machine_resources.o [9]
  .rodata            const    0x8004'9c30      0x48  sample_guix_washing_machine_resources.o [9]
  .rodata            const    0x8004'9c78      0x48  sample_guix_washing_machine_resources.o [9]
  .rodata            const    0x8004'9cc0      0x48  sample_guix_washing_machine_resources.o [9]
  .rodata            const    0x8004'9d08      0x48  sample_guix_washing_machine_resources.o [9]
  .rodata            const    0x8004'9d50      0x48  sample_guix_washing_machine_resources.o [9]
  .rodata            const    0x8004'9d98      0x48  sample_guix_washing_machine_resources.o [9]
  .rodata            const    0x8004'9de0      0x48  sample_guix_washing_machine_resources.o [9]
  .rodata            const    0x8004'9e28      0x48  sample_guix_washing_machine_resources.o [9]
  .rodata            const    0x8004'9e70      0x48  sample_guix_washing_machine_resources.o [9]
  .rodata            const    0x8004'9eb8      0x48  sample_guix_washing_machine_resources.o [9]
  .rodata            const    0x8004'9f00      0x48  sample_guix_washing_machine_resources.o [9]
  .rodata            const    0x8004'9f48      0x48  sample_guix_washing_machine_resources.o [9]
  .rodata            const    0x8004'9f90      0x48  sample_guix_washing_machine_resources.o [9]
  .rodata            const    0x8004'9fd8      0x48  sample_guix_washing_machine_resources.o [9]
  .rodata            const    0x8004'a020      0x48  sample_guix_washing_machine_resources.o [9]
  .rodata            const    0x8004'a068      0x48  sample_guix_washing_machine_resources.o [9]
  .rodata            const    0x8004'a0b0      0x48  sample_guix_washing_machine_resources.o [9]
  .rodata            const    0x8004'a0f8      0x48  sample_guix_washing_machine_resources.o [9]
  .rodata            const    0x8004'a140      0x48  sample_guix_washing_machine_resources.o [9]
  .rodata            const    0x8004'a188      0x48  gx_system_font_8bpp.o [16]
  .rodata            const    0x8004'a1d0      0x48  gx_system_font_8bpp.o [16]
  .rodata            const    0x8004'a218      0x48  gx_system_font_8bpp.o [16]
  .rodata            const    0x8004'a260      0x48  gx_system_font_8bpp.o [16]
  .rodata            const    0x8004'a2a8      0x48  gx_system_font_8bpp.o [16]
  .rodata            const    0x8004'a2f0      0x48  gx_system_font_8bpp.o [16]
  .rodata            const    0x8004'a338      0x44  sample_guix_washing_machine_resources.o [9]
  .rodata            const    0x8004'a37c      0x44  sample_guix_washing_machine_resources.o [9]
  .rodata            const    0x8004'a3c0      0x44  sample_guix_washing_machine_resources.o [9]
  .rodata            const    0x8004'a404      0x44  sample_guix_washing_machine_specifications.o [9]
  .rodata            const    0x8004'a448      0x44  sample_guix_washing_machine_specifications.o [9]
  .rodata            const    0x8004'a48c      0x44  sample_guix_washing_machine_specifications.o [9]
  .rodata            const    0x8004'a4d0      0x44  sample_guix_washing_machine_specifications.o [9]
  .rodata            const    0x8004'a514      0x44  sample_guix_washing_machine_specifications.o [9]
  .rodata            const    0x8004'a558      0x44  sample_guix_washing_machine_specifications.o [9]
  .rodata            const    0x8004'a59c      0x44  sample_guix_washing_machine_specifications.o [9]
  .rodata            const    0x8004'a5e0      0x44  sample_guix_washing_machine_specifications.o [9]
  .rodata            const    0x8004'a624      0x44  sample_guix_washing_machine_specifications.o [9]
  .rodata            const    0x8004'a668      0x44  sample_guix_washing_machine_specifications.o [9]
  .rodata            const    0x8004'a6ac      0x44  sample_guix_washing_machine_specifications.o [9]
  .rodata            const    0x8004'a6f0      0x44  sample_guix_washing_machine_specifications.o [9]
  .rodata            const    0x8004'a734      0x44  sample_guix_washing_machine_specifications.o [9]
  .rodata            const    0x8004'a778      0x44  sample_guix_washing_machine_specifications.o [9]
  .rodata            const    0x8004'a7bc      0x44  sample_guix_washing_machine_specifications.o [9]
  .rodata            const    0x8004'a800      0x44  sample_guix_washing_machine_specifications.o [9]
  .rodata            const    0x8004'a844      0x44  sample_guix_washing_machine_specifications.o [9]
  .rodata            const    0x8004'a888      0x44  sample_guix_washing_machine_specifications.o [9]
  .rodata            const    0x8004'a8cc      0x44  sample_guix_washing_machine_specifications.o [9]
  .rodata            const    0x8004'a910      0x44  sample_guix_washing_machine_specifications.o [9]
  .rodata            const    0x8004'a954      0x44  sample_guix_washing_machine_specifications.o [9]
  .rodata            const    0x8004'a998      0x44  sample_guix_washing_machine_specifications.o [9]
  .rodata            const    0x8004'a9dc      0x44  sample_guix_washing_machine_specifications.o [9]
  .rodata            const    0x8004'aa20      0x44  sample_guix_washing_machine_specifications.o [9]
  .rodata            const    0x8004'aa64      0x44  sample_guix_washing_machine_specifications.o [9]
  .rodata            const    0x8004'aaa8      0x44  sample_guix_washing_machine_specifications.o [9]
  .rodata            const    0x8004'aaec      0x44  sample_guix_washing_machine_specifications.o [9]
  .rodata            const    0x8004'ab30      0x44  sample_guix_washing_machine_specifications.o [9]
  .rodata            const    0x8004'ab74      0x44  sample_guix_washing_machine_specifications.o [9]
  .rodata            const    0x8004'abb8      0x44  sample_guix_washing_machine_specifications.o [9]
  .rodata            const    0x8004'abfc      0x44  sample_guix_washing_machine_specifications.o [9]
  .rodata            const    0x8004'ac40      0x44  sample_guix_washing_machine_specifications.o [9]
  .rodata            const    0x8004'ac84      0x44  sample_guix_washing_machine_specifications.o [9]
  .rodata            const    0x8004'acc8      0x44  sample_guix_washing_machine_specifications.o [9]
  .rodata            const    0x8004'ad0c      0x44  sample_guix_washing_machine_specifications.o [9]
  .rodata            const    0x8004'ad50      0x44  sample_guix_washing_machine_specifications.o [9]
  .rodata            const    0x8004'ad94      0x44  sample_guix_washing_machine_specifications.o [9]
  .rodata            const    0x8004'add8      0x44  sample_guix_washing_machine_specifications.o [9]
  .rodata            const    0x8004'ae1c      0x44  sample_guix_washing_machine_specifications.o [9]
  .rodata            const    0x8004'ae60      0x44  sample_guix_washing_machine_specifications.o [9]
  .rodata            const    0x8004'aea4      0x44  sample_guix_washing_machine_specifications.o [9]
  .rodata            const    0x8004'aee8      0x44  sample_guix_washing_machine_specifications.o [9]
  .rodata            const    0x8004'af2c      0x44  sample_guix_washing_machine_specifications.o [9]
  .rodata            const    0x8004'af70      0x44  sample_guix_washing_machine_specifications.o [9]
  .rodata            const    0x8004'afb4      0x44  sample_guix_washing_machine_specifications.o [9]
  .rodata            const    0x8004'aff8      0x44  sample_guix_washing_machine_specifications.o [9]
  .rodata            const    0x8004'b03c      0x44  sample_guix_washing_machine_specifications.o [9]
  .rodata            const    0x8004'b080      0x44  sample_guix_washing_machine_specifications.o [9]
  .rodata            const    0x8004'b0c4      0x44  sample_guix_washing_machine_specifications.o [9]
  .rodata            const    0x8004'b108      0x44  sample_guix_washing_machine_specifications.o [9]
  .rodata            const    0x8004'b14c      0x44  sample_guix_washing_machine_specifications.o [9]
  .rodata            const    0x8004'b190      0x44  sample_guix_washing_machine_specifications.o [9]
  .rodata            const    0x8004'b1d4      0x44  sample_guix_washing_machine_specifications.o [9]
  .rodata            const    0x8004'b218      0x44  sample_guix_washing_machine_specifications.o [9]
  .rodata            const    0x8004'b25c      0x44  sample_guix_washing_machine_specifications.o [9]
  .rodata            const    0x8004'b2a0      0x44  sample_guix_washing_machine_specifications.o [9]
  .rodata            const    0x8004'b2e4      0x44  sample_guix_washing_machine_specifications.o [9]
  .rodata            const    0x8004'b328      0x44  sample_guix_washing_machine_specifications.o [9]
  .rodata            const    0x8004'b36c      0x44  sample_guix_washing_machine_specifications.o [9]
  .rodata            const    0x8004'b3b0      0x44  sample_guix_washing_machine_specifications.o [9]
  .rodata            const    0x8004'b3f4      0x44  sample_guix_washing_machine_specifications.o [9]
  .rodata            const    0x8004'b438      0x44  sample_guix_washing_machine_specifications.o [9]
  .rodata            const    0x8004'b47c      0x44  sample_guix_washing_machine_specifications.o [9]
  .rodata            const    0x8004'b4c0      0x44  sample_guix_washing_machine_specifications.o [9]
  .rodata            const    0x8004'b504      0x44  sample_guix_washing_machine_specifications.o [9]
  .rodata            const    0x8004'b548      0x44  sample_guix_washing_machine_specifications.o [9]
  .rodata            const    0x8004'b58c      0x44  sample_guix_washing_machine_specifications.o [9]
  .rodata            const    0x8004'b5d0      0x44  sample_guix_washing_machine_specifications.o [9]
  .rodata            const    0x8004'b614      0x44  sample_guix_washing_machine_specifications.o [9]
  .rodata            const    0x8004'b658      0x44  sample_guix_washing_machine_specifications.o [9]
  .rodata            const    0x8004'b69c      0x44  sample_guix_washing_machine_specifications.o [9]
  .rodata            const    0x8004'b6e0      0x44  sample_guix_washing_machine_specifications.o [9]
  .rodata            const    0x8004'b724      0x44  sample_guix_washing_machine_specifications.o [9]
  .rodata            const    0x8004'b768      0x44  sample_guix_washing_machine_specifications.o [9]
  .rodata            const    0x8004'b7ac      0x44  sample_guix_washing_machine_specifications.o [9]
  .rodata            const    0x8004'b7f0      0x44  sample_guix_washing_machine_specifications.o [9]
  .rodata            const    0x8004'b834      0x44  sample_guix_washing_machine_specifications.o [9]
  .rodata            const    0x8004'b878      0x44  sample_guix_washing_machine_specifications.o [9]
  .rodata            const    0x8004'b8bc      0x44  sample_guix_washing_machine_specifications.o [9]
  .rodata            const    0x8004'b900      0x44  sample_guix_washing_machine_specifications.o [9]
  .rodata            const    0x8004'b944      0x44  sample_guix_washing_machine_specifications.o [9]
  .rodata            const    0x8004'b988      0x44  sample_guix_washing_machine_specifications.o [9]
  .rodata            const    0x8004'b9cc      0x44  sample_guix_washing_machine_specifications.o [9]
  .rodata            const    0x8004'ba10      0x40  fsl_elcdif.o [8]
  .rodata            const    0x8004'ba50      0x40  fsl_lpuart.o [8]
  .rodata            const    0x8004'ba90      0x40  sample_guix_washing_machine_resources.o [9]
  .rodata            const    0x8004'bad0      0x40  sample_guix_washing_machine_resources.o [9]
  .rodata            const    0x8004'bb10      0x40  sample_guix_washing_machine_resources.o [9]
  .rodata            const    0x8004'bb50      0x40  sample_guix_washing_machine_resources.o [9]
  .rodata            const    0x8004'bb90      0x40  sample_guix_washing_machine_resources.o [9]
  .rodata            const    0x8004'bbd0      0x40  sample_guix_washing_machine_resources.o [9]
  .rodata            const    0x8004'bc10      0x40  sample_guix_washing_machine_resources.o [9]
  .rodata            const    0x8004'bc50      0x40  sample_guix_washing_machine_resources.o [9]
  .rodata            const    0x8004'bc90      0x40  sample_guix_washing_machine_resources.o [9]
  .rodata            const    0x8004'bcd0      0x40  sample_guix_washing_machine_resources.o [9]
  .rodata            const    0x8004'bd10      0x40  sample_guix_washing_machine_resources.o [9]
  .rodata            const    0x8004'bd50      0x40  sample_guix_washing_machine_resources.o [9]
  .rodata            const    0x8004'bd90      0x40  sample_guix_washing_machine_resources.o [9]
  .rodata            const    0x8004'bdd0      0x40  sample_guix_washing_machine_resources.o [9]
  .rodata            const    0x8004'be10      0x40  sample_guix_washing_machine_resources.o [9]
  .rodata            const    0x8004'be50      0x40  sample_guix_washing_machine_resources.o [9]
  .rodata            const    0x8004'be90      0x40  sample_guix_washing_machine_resources.o [9]
  .rodata            const    0x8004'bed0      0x40  sample_guix_washing_machine_resources.o [9]
  .rodata            const    0x8004'bf10      0x40  sample_guix_washing_machine_resources.o [9]
  .rodata            const    0x8004'bf50      0x40  gx_source.o [16]
  .rodata            const    0x8004'bf90      0x40  gx_system_font_8bpp.o [16]
  .rodata            const    0x8004'bfd0      0x40  gx_system_font_8bpp.o [16]
  .rodata            const    0x8004'c010      0x40  gx_system_font_8bpp.o [16]
  .rodata            const    0x8004'c050      0x40  gx_system_font_8bpp.o [16]
  .rodata            const    0x8004'c090      0x40  gx_system_font_8bpp.o [16]
  .rodata            const    0x8004'c0d0      0x40  gx_system_font_8bpp.o [16]
  .rodata            const    0x8004'c110      0x40  gx_system_font_8bpp.o [16]
  .rodata            const    0x8004'c150      0x40  gx_system_font_8bpp.o [16]
  .rodata            const    0x8004'c190      0x3c  fsl_gpio.o [8]
  .rodata            const    0x8004'c1cc      0x3c  fsl_pxp.o [8]
  .rodata            const    0x8004'c208      0x3c  sample_guix_washing_machine_resources.o [9]
  .rodata            const    0x8004'c244      0x3c  sample_guix_washing_machine_resources.o [9]
  .rodata            const    0x8004'c280      0x3c  sample_guix_washing_machine_resources.o [9]
  .rodata            const    0x8004'c2bc      0x3c  sample_guix_washing_machine_resources.o [9]
  .rodata            const    0x8004'c2f8      0x3c  sample_guix_washing_machine_resources.o [9]
  .rodata            const    0x8004'c334      0x3c  sample_guix_washing_machine_resources.o [9]
  .rodata            const    0x8004'c370      0x3c  sample_guix_washing_machine_resources.o [9]
  .rodata            const    0x8004'c3ac      0x3c  sample_guix_washing_machine_resources.o [9]
  .rodata            const    0x8004'c3e8      0x3c  sample_guix_washing_machine_resources.o [9]
  .rodata            const    0x8004'c424      0x38  sample_guix_washing_machine_resources.o [9]
  .rodata            const    0x8004'c45c      0x38  sample_guix_washing_machine_resources.o [9]
  .rodata            const    0x8004'c494      0x38  sample_guix_washing_machine_resources.o [9]
  .rodata            const    0x8004'c4cc      0x38  sample_guix_washing_machine_resources.o [9]
  .rodata            const    0x8004'c504      0x38  sample_guix_washing_machine_resources.o [9]
  .rodata            const    0x8004'c53c      0x38  sample_guix_washing_machine_resources.o [9]
  .rodata            const    0x8004'c574      0x38  sample_guix_washing_machine_resources.o [9]
  .rodata            const    0x8004'c5ac      0x38  sample_guix_washing_machine_resources.o [9]
  .rodata            const    0x8004'c5e4      0x38  sample_guix_washing_machine_resources.o [9]
  .rodata            const    0x8004'c61c      0x38  sample_guix_washing_machine_resources.o [9]
  .rodata            const    0x8004'c654      0x38  sample_guix_washing_machine_resources.o [9]
  .rodata            const    0x8004'c68c      0x38  sample_guix_washing_machine_resources.o [9]
  .rodata            const    0x8004'c6c4      0x38  sample_guix_washing_machine_resources.o [9]
  .rodata            const    0x8004'c6fc      0x38  sample_guix_washing_machine_resources.o [9]
  .rodata            const    0x8004'c734      0x38  sample_guix_washing_machine_resources.o [9]
  .rodata            const    0x8004'c76c      0x38  sample_guix_washing_machine_resources.o [9]
  .rodata            const    0x8004'c7a4      0x38  sample_guix_washing_machine_resources.o [9]
  .rodata            const    0x8004'c7dc      0x38  sample_guix_washing_machine_resources.o [9]
  .rodata            const    0x8004'c814      0x38  sample_guix_washing_machine_resources.o [9]
  .rodata            const    0x8004'c84c      0x38  sample_guix_washing_machine_resources.o [9]
  .rodata            const    0x8004'c884      0x38  sample_guix_washing_machine_resources.o [9]
  .rodata            const    0x8004'c8bc      0x38  sample_guix_washing_machine_resources.o [9]
  .rodata            const    0x8004'c8f4      0x38  sample_guix_washing_machine_resources.o [9]
  .rodata            const    0x8004'c92c      0x38  sample_guix_washing_machine_resources.o [9]
  .rodata            const    0x8004'c964      0x38  sample_guix_washing_machine_resources.o [9]
  .rodata            const    0x8004'c99c      0x38  gx_system_font_8bpp.o [16]
  .text              ro code  0x8004'c9d4      0x38  zero_init3.o [19]
  .rodata            const    0x8004'ca0c      0x34  sample_guix_washing_machine_resources.o [9]
  .rodata            const    0x8004'ca40      0x34  sample_guix_washing_machine_resources.o [9]
  .rodata            const    0x8004'ca74      0x34  sample_guix_washing_machine_resources.o [9]
  .rodata            const    0x8004'caa8      0x34  sample_guix_washing_machine_resources.o [9]
  .rodata            const    0x8004'cadc      0x34  sample_guix_washing_machine_resources.o [9]
  .rodata            const    0x8004'cb10      0x34  sample_guix_washing_machine_resources.o [9]
  .rodata            const    0x8004'cb44      0x34  sample_guix_washing_machine_resources.o [9]
  .rodata            const    0x8004'cb78      0x34  sample_guix_washing_machine_resources.o [9]
  .rodata            const    0x8004'cbac      0x34  sample_guix_washing_machine_resources.o [9]
  .rodata            const    0x8004'cbe0      0x34  sample_guix_washing_machine_resources.o [9]
  .rodata            const    0x8004'cc14      0x34  sample_guix_washing_machine_resources.o [9]
  .rodata            const    0x8004'cc48      0x34  sample_guix_washing_machine_resources.o [9]
  .rodata            const    0x8004'cc7c      0x34  sample_guix_washing_machine_resources.o [9]
  .rodata            const    0x8004'ccb0      0x34  sample_guix_washing_machine_resources.o [9]
  .rodata            const    0x8004'cce4      0x34  sample_guix_washing_machine_resources.o [9]
  .rodata            const    0x8004'cd18      0x34  sample_guix_washing_machine_resources.o [9]
  .rodata            const    0x8004'cd4c      0x34  sample_guix_washing_machine_resources.o [9]
  .rodata            const    0x8004'cd80      0x34  sample_guix_washing_machine_resources.o [9]
  .rodata            const    0x8004'cdb4      0x34  sample_guix_washing_machine_resources.o [9]
  .rodata            const    0x8004'cde8      0x34  sample_guix_washing_machine_resources.o [9]
  .rodata            const    0x8004'ce1c      0x34  sample_guix_washing_machine_resources.o [9]
  .rodata            const    0x8004'ce50      0x34  sample_guix_washing_machine_resources.o [9]
  .rodata            const    0x8004'ce84      0x34  sample_guix_washing_machine_resources.o [9]
  .rodata            const    0x8004'ceb8      0x34  sample_guix_washing_machine_resources.o [9]
  .rodata            const    0x8004'ceec      0x34  sample_guix_washing_machine_resources.o [9]
[...]
                        0x8020'0638      0x14  Data  Gb  sample_guix_washing_machine_specifications.o [9]
main_screen_remain_minute_properties
                        0x8020'0668      0x1c  Data  Gb  sample_guix_washing_machine_specifications.o [9]
main_screen_remainning_time_define
                        0x8004'ae1c      0x44  Data  Gb  sample_guix_washing_machine_specifications.o [9]
main_screen_remainning_time_properties
                        0x8020'0610      0x14  Data  Gb  sample_guix_washing_machine_specifications.o [9]
main_screen_temperature_icon_define
                        0x8004'b4c0      0x44  Data  Gb  sample_guix_washing_machine_specifications.o [9]
main_screen_temperature_icon_properties
                        0x8020'0744       0x8  Data  Gb  sample_guix_washing_machine_specifications.o [9]
main_screen_temperature_label_define
                        0x8004'b47c      0x44  Data  Gb  sample_guix_washing_machine_specifications.o [9]
main_screen_temperature_label_properties
                        0x8020'074c      0x14  Data  Gb  sample_guix_washing_machine_specifications.o [9]
main_screen_temperature_value_define
                        0x8004'b438      0x44  Data  Gb  sample_guix_washing_machine_specifications.o [9]
main_screen_temperature_value_properties
                        0x8020'0760      0x14  Data  Gb  sample_guix_washing_machine_specifications.o [9]
main_screen_time_define
                        0x8004'b8bc      0x44  Data  Gb  sample_guix_washing_machine_specifications.o [9]
main_screen_time_properties
                        0x8020'04ac      0x14  Data  Gb  sample_guix_washing_machine_specifications.o [9]
main_screen_washer_mode_define
                        0x8004'add8      0x44  Data  Gb  sample_guix_washing_machine_specifications.o [9]
main_screen_washer_mode_properties
                        0x8020'0624      0x14  Data  Gb  sample_guix_washing_machine_specifications.o [9]
main_screen_washer_on_icon_define
                        0x8004'b218      0x44  Data  Gb  sample_guix_washing_machine_specifications.o [9]
main_screen_washer_on_icon_properties
                        0x8020'0690       0x8  Data  Gb  sample_guix_washing_machine_specifications.o [9]
main_screen_washer_on_label_define
                        0x8004'b1d4      0x44  Data  Gb  sample_guix_washing_machine_specifications.o [9]
main_screen_washer_on_label_properties
                        0x8020'0698      0x14  Data  Gb  sample_guix_washing_machine_specifications.o [9]
main_screen_washer_on_window_define
                        0x8004'b7ac      0x44  Data  Gb  sample_guix_washing_machine_specifications.o [9]
main_screen_washer_on_window_properties
                        0x8021'13f0       0x4  Data  Gb  sample_guix_washing_machine_specifications.o [9]
main_screen_water_level_icon_define
                        0x8004'b3b0      0x44  Data  Gb  sample_guix_washing_machine_specifications.o [9]
main_screen_water_level_icon_properties
                        0x8020'06f4       0x8  Data  Gb  sample_guix_washing_machine_specifications.o [9]
main_screen_water_level_label_define
                        0x8004'b36c      0x44  Data  Gb  sample_guix_washing_machine_specifications.o [9]
main_screen_water_level_label_properties
                        0x8020'06fc      0x14  Data  Gb  sample_guix_washing_machine_specifications.o [9]
main_screen_water_level_value_define
                        0x8004'b328      0x44  Data  Gb  sample_guix_washing_machine_specifications.o [9]
main_screen_water_level_value_properties
                        0x8020'0710      0x14  Data  Gb  sample_guix_washing_machine_specifications.o [9]
main_screen_widgets_enable_disable
                        0x8003'8f3f      0x34  Code  Gb  guix_washing_machine.o [9]
memory_allocate         0x8003'8c55      0x1c  Code  Gb  guix_washing_machine.o [9]
memory_free             0x8003'8c71       0x4  Code  Gb  guix_washing_machine.o [9]
memory_pool             0x8020'1100      0x34  Data  Gb  guix_washing_machine.o [9]
minute_prompt_format    0x8003'99b1      0x1e  Code  Gb  washer_on.o [9]
modf                    0x8003'1b89            Code  Gb  modf.o [18]
modfl                   0x8003'1b89            Code  Gb  modf.o [18]
pixelmap_button_alpha_draw
                        0x8003'8eef      0x1a  Code  Gb  guix_washing_machine.o [9]
pixelmap_slider_alpha_draw
                        0x8003'8f09      0x1a  Code  Gb  guix_washing_machine.o [9]
pow                     0x8003'1c29     0x4c4  Code  Gb  pow64.o [18]
power_off_callback      0x8020'd940       0x4  Data  Gb  guix_washing_machine.o [9]
power_on_callback       0x8020'd93c       0x4  Data  Gb  guix_washing_machine.o [9]
powl                    0x8003'1c29     0x4c4  Code  Gb  pow64.o [18]
press_button            0x8020'd96c      0xb4  Data  Lc  gx_touch_driver_imxrt10xx_capacitive.o [9]
press_button_entry      0x8003'9479      0x16  Code  Lc  gx_touch_driver_imxrt10xx_capacitive.o [9]
press_button_thread     0x8003'9445      0x34  Code  Gb  gx_touch_driver_imxrt10xx_capacitive.o [9]
press_thread_stack      0x8020'da20    0x1000  Data  Lc  gx_touch_driver_imxrt10xx_capacitive.o [9]
prompt_alpha_draw       0x8003'8ed5      0x1a  Code  Gb  guix_washing_machine.o [9]
root                    0x8020'd934       0x4  Data  Gb  guix_washing_machine.o [9]
rotated_map             0x8020'10e4      0x1c  Data  Gb  garments.o [9]
rotated_map_create      0x8003'9c33      0x4c  Code  Gb  garments.o [9]
s_LpuartAdapterBase     0x8004'd9d8      0x24  Data  Lc  fsl_adapter_lpuart.o [6]
s_debugConsoleReadWaitSemaphore
                        0x8021'5618       0x1  Data  Lc  fsl_debug_console.o [12]
s_debugConsoleState     0x81e7'f800      0x20  Data  Lc  fsl_debug_console.o [12]
s_elcdifApbClocks       0x8001'5472       0x2  Data  Lc  fsl_elcdif.o [8]
s_elcdifPixClocks       0x8001'564a       0x2  Data  Lc  fsl_elcdif.o [8]
s_gpioBases             0x8004'e544      0x18  Data  Lc  fsl_gpio.o [8]
s_gpioClock             0x8004'ee30       0xc  Data  Lc  fsl_gpio.o [8]
s_lpi2cMasterHandle     0x8020'1070      0x14  Data  Gb  fsl_lpi2c.o [8]
s_lpi2cMasterIsr        0x8020'106c       0x4  Data  Gb  fsl_lpi2c.o [8]
s_lpi2cSlaveHandle      0x8020'1088      0x14  Data  Lc  fsl_lpi2c.o [8]
s_lpi2cSlaveIsr         0x8020'1084       0x4  Data  Lc  fsl_lpi2c.o [8]
s_lpuartBases           0x8004'd9fc      0x24  Data  Lc  fsl_lpuart.o [8]
s_lpuartClock           0x8004'e798      0x14  Data  Lc  fsl_lpuart.o [8]
s_lpuartHandle          0x8020'109c      0x24  Data  Gb  fsl_lpuart.o [8]
s_lpuartIsr             0x8020'10c0      0x24  Data  Gb  fsl_lpuart.o [8]
s_pixelFormatReg        0x8004'd6e0      0x28  Data  Lc  fsl_elcdif.o [8]
s_pxpClocks             0x8001'750a       0x2  Data  Lc  fsl_pxp.o [8]
sample_guix_washing_machine_display_table
                        0x8020'01d8      0x34  Data  Gb  sample_guix_washing_machine_specifications.o [9]
sample_guix_washing_machine_widget_table
                        0x8004'd8e8      0x28  Data  Gb  sample_guix_washing_machine_specifications.o [9]
scalbln                 0x8003'2599            Code  Gb  ldexp.o [18]
scalblnl                0x8003'2599            Code  Gb  ldexp.o [18]
scalbn                  0x8003'2599            Code  Gb  ldexp.o [18]
scalbnl                 0x8003'2599            Code  Gb  ldexp.o [18]
scratchpad              0x8020'1134    0xc800  Data  Gb  guix_washing_machine.o [9]
selected_index          0x8020'0060       0x4  Data  Lc  garments.o [9]
selected_index          0x8020'0844       0x4  Data  Lc  washer_on.o [9]
semaphore               0x8020'd94c      0x20  Data  Gb  gx_touch_driver_imxrt10xx_capacitive.o [9]
sin_value_table         0x8003'edc8     0x168  Data  Lc  gx_source.o [16]
sqrt_table              0x8003'fcb0     0x100  Data  Lc  gx_source.o [16]
strcmp                  0x8003'6cd1            Code  Gb  strcmp.o [19]
string_length_get       0x8003'902b      0x18  Code  Gb  guix_washing_machine.o [9]
strlen                  0x8003'21f9            Code  Gb  strlen.o [19]
strncmp                 0x8001'4de7      0x2a  Code  Gb  strncmp.o [15]
target_index            0x8020'0064       0x4  Data  Lc  garments.o [9]
target_needle_pixelmap  0x8021'13f8       0x4  Data  Gb  temperature.o [9]
temperature_page_init   0x8003'a193      0x52  Code  Gb  temperature.o [9]
temperature_page_init::string_temperature
                        0x8004'f0f4       0xc  Data  Lc  temperature.o [9]
temperature_page_power_off
                        0x8003'a1e5      0x1a  Code  Gb  temperature.o [9]
temperature_value_set   0x8003'a077     0x11c  Code  Gb  temperature.o [9]
temperature_window      0x8020'ea20     0x3b0  Data  Gb  sample_guix_washing_machine_specifications.o [9]
temperature_window_define
                        0x8004'a5e0      0x44  Data  Gb  sample_guix_washing_machine_specifications.o [9]
temperature_window_draw
                        0x8003'9f8d      0xa6  Code  Gb  temperature.o [9]
temperature_window_event_process
                        0x8003'a033      0x44  Code  Gb  temperature.o [9]
temperature_window_properties
                        0x8021'13e0       0x4  Data  Gb  sample_guix_washing_machine_specifications.o [9]
temperature_window_radial_slider_define
                        0x8004'a514      0x44  Data  Gb  sample_guix_washing_machine_specifications.o [9]
temperature_window_radial_slider_properties
                        0x8020'0234      0x24  Data  Gb  sample_guix_washing_machine_specifications.o [9]
temperature_window_temperature_label_define
                        0x8004'a48c      0x44  Data  Gb  sample_guix_washing_machine_specifications.o [9]
temperature_window_temperature_label_properties
                        0x8020'026c      0x14  Data  Gb  sample_guix_washing_machine_specifications.o [9]
temperature_window_temperature_value_define
                        0x8004'a448      0x44  Data  Gb  sample_guix_washing_machine_specifications.o [9]
temperature_window_temperature_value_properties
                        0x8020'0280      0x14  Data  Gb  sample_guix_washing_machine_specifications.o [9]
temperature_window_water_label_3_define
                        0x8004'a404      0x44  Data  Gb  sample_guix_washing_machine_specifications.o [9]
temperature_window_water_label_3_properties
                        0x8020'0294      0x14  Data  Gb  sample_guix_washing_machine_specifications.o [9]
temperature_window_water_label_define
                        0x8004'a4d0      0x44  Data  Gb  sample_guix_washing_machine_specifications.o [9]
temperature_window_water_label_properties
                        0x8020'0258      0x14  Data  Gb  sample_guix_washing_machine_specifications.o [9]
temperature_window_water_t_cold_define
                        0x8004'a59c      0x44  Data  Gb  sample_guix_washing_machine_specifications.o [9]
temperature_window_water_t_cold_properties
                        0x8020'020c      0x14  Data  Gb  sample_guix_washing_machine_specifications.o [9]
temperature_window_water_t_hot_define
                        0x8004'a558      0x44  Data  Gb  sample_guix_washing_machine_specifications.o [9]
temperature_window_water_t_hot_properties
                        0x8020'0220      0x14  Data  Gb  sample_guix_washing_machine_specifications.o [9]
tx_application_define   0x8003'8c75      0x24  Code  Gb  guix_washing_machine.o [9]
tx_thread_fpu_disable   0x8003'a67b            Code  Gb  tx_thread_schedule.o [2]
tx_thread_fpu_enable    0x8003'a67b            Code  Gb  tx_thread_schedule.o [2]
usb1PllConfig_BOARD_BootClockRUN
                        0x8001'4ee6       0x2  Data  Gb  clock_config.o [3]
visible_frame           0x8020'd948       0x4  Data  Lc  gx_display_driver_imxrt10xx_565rgb.o [9]
washer_mode_angles      0x8020'07e4      0x18  Data  Gb  washer_on.o [9]
washer_mode_animation_update
                        0x8003'9911       0x4  Code  Gb  washer_on.o [9]
washer_mode_label_widgets
                        0x8020'0814      0x30  Data  Gb  washer_on.o [9]
washer_mode_label_widgets_update
                        0x8003'98b5      0x5c  Code  Gb  washer_on.o [9]
washer_mode_remain_minutes
                        0x8020'07fc      0x18  Data  Gb  washer_on.o [9]
washer_mode_remain_minutes_update
                        0x8003'9915      0x66  Code  Gb  washer_on.o [9]
washer_on_page_init     0x8003'9807      0x78  Code  Gb  washer_on.o [9]
washer_on_page_init::string_washer_on
                        0x8004'f100       0xc  Data  Lc  washer_on.o [9]
washer_on_page_power_off
                        0x8003'987f      0x36  Code  Gb  washer_on.o [9]
washer_on_window_event_process
                        0x8003'96d9     0x12e  Code  Gb  washer_on.o [9]
water_level_animation_start
                        0x8003'9e61      0x16  Code  Gb  water_level.o [9]
water_level_animation_steps
                        0x8021'1410       0x4  Data  Gb  water_level.o [9]
water_level_animation_update
                        0x8003'9e77      0x62  Code  Gb  water_level.o [9]
water_level_index_get   0x8003'9f69      0x24  Code  Gb  water_level.o [9]
water_level_label_widgets
                        0x8020'085c      0x14  Data  Gb  water_level.o [9]
water_level_page_init   0x8003'9e05      0x48  Code  Gb  water_level.o [9]
water_level_page_init::string_water_level
                        0x8004'f10c       0xc  Data  Lc  water_level.o [9]
water_level_page_power_off
                        0x8003'9e4d      0x14  Code  Gb  water_level.o [9]
water_level_value_set   0x8003'9ed9      0x66  Code  Gb  water_level.o [9]
water_level_values      0x8020'0848      0x14  Data  Gb  water_level.o [9]
water_level_window      0x8020'edd0     0x4f0  Data  Gb  sample_guix_washing_machine_specifications.o [9]
water_level_window_define
                        0x8004'a8cc      0x44  Data  Gb  sample_guix_washing_machine_specifications.o [9]
water_level_window_draw
                        0x8003'9cb1      0xc4  Code  Gb  water_level.o [9]
water_level_window_event_process
                        0x8003'9d75      0x90  Code  Gb  water_level.o [9]
water_level_window_percent_label_define
                        0x8004'a624      0x44  Data  Gb  sample_guix_washing_machine_specifications.o [9]
water_level_window_percent_label_properties
                        0x8020'0300      0x14  Data  Gb  sample_guix_washing_machine_specifications.o [9]
water_level_window_properties
                        0x8021'13e4       0x4  Data  Gb  sample_guix_washing_machine_specifications.o [9]
water_level_window_water_level_extra_high_define
                        0x8004'a800      0x44  Data  Gb  sample_guix_washing_machine_specifications.o [9]
water_level_window_water_level_extra_high_properties
                        0x8020'0314      0x14  Data  Gb  sample_guix_washing_machine_specifications.o [9]
water_level_window_water_level_high_define
                        0x8004'a7bc      0x44  Data  Gb  sample_guix_washing_machine_specifications.o [9]
water_level_window_water_level_high_properties
                        0x8020'0328      0x14  Data  Gb  sample_guix_washing_machine_specifications.o [9]
water_level_window_water_level_label_define
                        0x8004'a6ac      0x44  Data  Gb  sample_guix_washing_machine_specifications.o [9]
water_level_window_water_level_label_properties
                        0x8020'02d8      0x14  Data  Gb  sample_guix_washing_machine_specifications.o [9]
water_level_window_water_level_low_define
                        0x8004'a734      0x44  Data  Gb  sample_guix_washing_machine_specifications.o [9]
water_level_window_water_level_low_properties
                        0x8020'0350      0x14  Data  Gb  sample_guix_washing_machine_specifications.o [9]
water_level_window_water_level_medium_define
                        0x8004'a778      0x44  Data  Gb  sample_guix_washing_machine_specifications.o [9]
water_level_window_water_level_medium_properties
                        0x8020'033c      0x14  Data  Gb  sample_guix_washing_machine_specifications.o [9]
water_level_window_water_level_slider_background_define
                        0x8004'a888      0x44  Data  Gb  sample_guix_washing_machine_specifications.o [9]
water_level_window_water_level_slider_background_properties
                        0x8020'02a8       0x8  Data  Gb  sample_guix_washing_machine_specifications.o [9]
water_level_window_water_level_slider_define
                        0x8004'a844      0x44  Data  Gb  sample_guix_washing_machine_specifications.o [9]
water_level_window_water_level_slider_properties
                        0x8020'02b0      0x28  Data  Gb  sample_guix_washing_machine_specifications.o [9]
water_level_window_water_level_value_define
                        0x8004'a668      0x44  Data  Gb  sample_guix_washing_machine_specifications.o [9]
water_level_window_water_level_value_properties
                        0x8020'02ec      0x14  Data  Gb  sample_guix_washing_machine_specifications.o [9]
water_level_window_water_level_very_low_define
                        0x8004'a6f0      0x44  Data  Gb  sample_guix_washing_machine_specifications.o [9]
water_level_window_water_level_very_low_properties
                        0x8020'0364      0x14  Data  Gb  sample_guix_washing_machine_specifications.o [9]
widget_enable_disable   0x8003'8ff9      0x32  Code  Gb  guix_washing_machine.o [9]
window_alpha_draw       0x8003'8f23      0x1a  Code  Gb  guix_washing_machine.o [9]


[1] = C:\Users\obed.oyandut\OneDrive - D.Med Consulting GmbH\Documents\Azure_RTOS_threadx_demo\GUIX_EVENTS_CREATE_modification_1\sdram_debug\obj\azure-rtos\threadx\ports\common
[2] = C:\Users\obed.oyandut\OneDrive - D.Med Consulting GmbH\Documents\Azure_RTOS_threadx_demo\GUIX_EVENTS_CREATE_modification_1\sdram_debug\obj\azure-rtos\threadx\ports\cortex_m7\iar\src
[3] = C:\Users\obed.oyandut\OneDrive - D.Med Consulting GmbH\Documents\Azure_RTOS_threadx_demo\GUIX_EVENTS_CREATE_modification_1\sdram_debug\obj\board
[4] = C:\Users\obed.oyandut\OneDrive - D.Med Consulting GmbH\Documents\Azure_RTOS_threadx_demo\GUIX_EVENTS_CREATE_modification_1\sdram_debug\obj\component\lists
[5] = C:\Users\obed.oyandut\OneDrive - D.Med Consulting GmbH\Documents\Azure_RTOS_threadx_demo\GUIX_EVENTS_CREATE_modification_1\sdram_debug\obj\component\serial_manager
[6] = C:\Users\obed.oyandut\OneDrive - D.Med Consulting GmbH\Documents\Azure_RTOS_threadx_demo\GUIX_EVENTS_CREATE_modification_1\sdram_debug\obj\component\uart
[7] = C:\Users\obed.oyandut\OneDrive - D.Med Consulting GmbH\Documents\Azure_RTOS_threadx_demo\GUIX_EVENTS_CREATE_modification_1\sdram_debug\obj\device
[8] = C:\Users\obed.oyandut\OneDrive - D.Med Consulting GmbH\Documents\Azure_RTOS_threadx_demo\GUIX_EVENTS_CREATE_modification_1\sdram_debug\obj\drivers
[9] = C:\Users\obed.oyandut\OneDrive - D.Med Consulting GmbH\Documents\Azure_RTOS_threadx_demo\GUIX_EVENTS_CREATE_modification_1\sdram_debug\obj\source
[10] = C:\Users\obed.oyandut\OneDrive - D.Med Consulting GmbH\Documents\Azure_RTOS_threadx_demo\GUIX_EVENTS_CREATE_modification_1\sdram_debug\obj\startup
[11] = C:\Users\obed.oyandut\OneDrive - D.Med Consulting GmbH\Documents\Azure_RTOS_threadx_demo\GUIX_EVENTS_CREATE_modification_1\sdram_debug\obj\touchpanel
[12] = C:\Users\obed.oyandut\OneDrive - D.Med Consulting GmbH\Documents\Azure_RTOS_threadx_demo\GUIX_EVENTS_CREATE_modification_1\sdram_debug\obj\utilities
[13] = C:\Users\obed.oyandut\OneDrive - D.Med Consulting GmbH\Documents\Azure_RTOS_threadx_demo\GUIX_EVENTS_CREATE_modification_1\sdram_debug\obj\video
[14] = C:\Users\obed.oyandut\OneDrive - D.Med Consulting GmbH\Documents\Azure_RTOS_threadx_demo\GUIX_EVENTS_CREATE_modification_1\sdram_debug\obj\xip
[15] = dl7M_tln.a
[16] = libguix.a
[17] = libthreadx.a
[18] = m7M_tlv.a
[19] = rt7M_tl.a
[20] = shb_l.a

  150'522 bytes of readonly  code memory
  176'871 bytes of readonly  data memory
  611'897 bytes of readwrite data memory

Errors: none
Warnings: none
